This is pdfTeX, Version 3.141592653-2.6-1.40.28 (MiKTeX 25.12) (preloaded format=pdflatex 2026.6.22)  30 SEP 2026 19:09
entering extended mode
 restricted \write18 enabled.
 %&-line parsing enabled.
**./main.tex
(main.tex
LaTeX2e <2025-11-01>
L3 programming layer <2025-12-24>

(C:\Users\lenovo\AppData\Local\Programs\MiKTeX\tex/latex/extsizes\extreport.cls
Document Class: extreport 1996/10/08 v1.0 Non Standard LaTeX document class
(C:\Users\lenovo\AppData\Local\Programs\MiKTeX\tex/latex/extsizes\size17.clo
File: size17.clo 1999/11/11 NON-Standard LaTeX file (size option)
)
(C:\Users\lenovo\AppData\Local\Programs\MiKTeX\tex/latex/base\exscale.sty
Package: exscale 2025/06/05 v2.1i Standard LaTeX package exscale
LaTeX Font Info:    Redeclaring symbol font `largesymbols' on input line 57.
LaTeX Font Info:    Overwriting symbol font `largesymbols' in version `normal'
(Font)                  OMX/cmex/m/n --> OMX/cmex/m/n on input line 57.
LaTeX Font Info:    Overwriting symbol font `largesymbols' in version `bold'
(Font)                  OMX/cmex/m/n --> OMX/cmex/m/n on input line 57.
\big@size=\dimen148
)
\c@part=\count275
\c@chapter=\count276
\c@section=\count277
\c@subsection=\count278
\c@subsubsection=\count279
\c@paragraph=\count280
\c@subparagraph=\count281
\c@figure=\count282
\c@table=\count283
\abovecaptionskip=\skip49
\belowcaptionskip=\skip50
\bibindent=\dimen149
)
(C:\Users\lenovo\AppData\Local\Programs\MiKTeX\tex/latex/geometry\geometry.sty
Package: geometry 2020/01/02 v5.9 Page Geometry

(C:\Users\lenovo\AppData\Local\Programs\MiKTeX\tex/latex/graphics\keyval.sty
Package: keyval 2022/05/29 v1.15 key=value parser (DPC)
\KV@toks@=\toks17
)
(C:\Users\lenovo\AppData\Local\Programs\MiKTeX\tex/generic/iftex\ifvtex.sty
Package: ifvtex 2019/10/25 v1.7 ifvtex legacy package. Use iftex instead.

(C:\Users\lenovo\AppData\Local\Programs\MiKTeX\tex/generic/iftex\iftex.sty
Package: iftex 2024/12/12 v1.0g TeX engine tests
))
\Gm@cnth=\count284
\Gm@cntv=\count285
\c@Gm@tempcnt=\count286
\Gm@bindingoffset=\dimen150
\Gm@wd@mp=\dimen151
\Gm@odd@mp=\dimen152
\Gm@even@mp=\dimen153
\Gm@layoutwidth=\dimen154
\Gm@layoutheight=\dimen155
\Gm@layouthoffset=\dimen156
\Gm@layoutvoffset=\dimen157
\Gm@dimlist=\toks18

(C:\Users\lenovo\AppData\Local\Programs\MiKTeX\tex/latex/geometry\geometry.cfg)
) (C:\Users\lenovo\AppData\Local\Programs\MiKTeX\tex/latex/amsmath\amsmath.sty
Package: amsmath 2025/07/09 v2.17z AMS math features
\@mathmargin=\skip51

For additional information on amsmath, use the `?' option.
(C:\Users\lenovo\AppData\Local\Programs\MiKTeX\tex/latex/amsmath\amstext.sty
Package: amstext 2024/11/17 v2.01 AMS text

(C:\Users\lenovo\AppData\Local\Programs\MiKTeX\tex/latex/amsmath\amsgen.sty
File: amsgen.sty 1999/11/30 v2.0 generic functions
\@emptytoks=\toks19
\ex@=\dimen158
))
(C:\Users\lenovo\AppData\Local\Programs\MiKTeX\tex/latex/amsmath\amsbsy.sty
Package: amsbsy 1999/11/29 v1.2d Bold Symbols
\pmbraise@=\dimen159
)
(C:\Users\lenovo\AppData\Local\Programs\MiKTeX\tex/latex/amsmath\amsopn.sty
Package: amsopn 2022/04/08 v2.04 operator names
)
\inf@bad=\count287
LaTeX Info: Redefining \frac on input line 233.
\uproot@=\count288
\leftroot@=\count289
LaTeX Info: Redefining \overline on input line 398.
LaTeX Info: Redefining \colon on input line 409.
\classnum@=\count290
\DOTSCASE@=\count291
LaTeX Info: Redefining \ldots on input line 495.
LaTeX Info: Redefining \dots on input line 498.
LaTeX Info: Redefining \cdots on input line 619.
\Mathstrutbox@=\box53
\strutbox@=\box54
LaTeX Info: Redefining \big on input line 721.
LaTeX Info: Redefining \Big on input line 722.
LaTeX Info: Redefining \bigg on input line 723.
LaTeX Info: Redefining \Bigg on input line 724.
\big@size=\dimen160
LaTeX Font Info:    Redeclaring font encoding OML on input line 742.
LaTeX Font Info:    Redeclaring font encoding OMS on input line 743.
\macc@depth=\count292
LaTeX Info: Redefining \bmod on input line 904.
LaTeX Info: Redefining \pmod on input line 909.
LaTeX Info: Redefining \smash on input line 939.
LaTeX Info: Redefining \relbar on input line 969.
LaTeX Info: Redefining \Relbar on input line 970.
\c@MaxMatrixCols=\count293
\dotsspace@=\muskip17
\c@parentequation=\count294
\dspbrk@lvl=\count295
\tag@help=\toks20
\row@=\count296
\column@=\count297
\maxfields@=\count298
\andhelp@=\toks21
\eqnshift@=\dimen161
\alignsep@=\dimen162
\tagshift@=\dimen163
\tagwidth@=\dimen164
\totwidth@=\dimen165
\lineht@=\dimen166
\@envbody=\toks22
\multlinegap=\skip52
\multlinetaggap=\skip53
\mathdisplay@stack=\toks23
LaTeX Info: Redefining \[ on input line 2950.
LaTeX Info: Redefining \] on input line 2951.
)
(C:\Users\lenovo\AppData\Local\Programs\MiKTeX\tex/latex/amsfonts\amssymb.sty
Package: amssymb 2013/01/14 v3.01 AMS font symbols

(C:\Users\lenovo\AppData\Local\Programs\MiKTeX\tex/latex/amsfonts\amsfonts.sty
Package: amsfonts 2013/01/14 v3.01 Basic AMSFonts support
\symAMSa=\mathgroup4
\symAMSb=\mathgroup5
LaTeX Font Info:    Redeclaring math symbol \hbar on input line 98.
LaTeX Font Info:    Overwriting math alphabet `\mathfrak' in version `bold'
(Font)                  U/euf/m/n --> U/euf/b/n on input line 106.
)) (C:\Users\lenovo\AppData\Local\Programs\MiKTeX\tex/latex/amscls\amsthm.sty
Package: amsthm 2020/05/29 v2.20.6
\thm@style=\toks24
\thm@bodyfont=\toks25
\thm@headfont=\toks26
\thm@notefont=\toks27
\thm@headpunct=\toks28
\thm@preskip=\skip54
\thm@postskip=\skip55
\thm@headsep=\skip56
\dth@everypar=\toks29
)
(C:\Users\lenovo\AppData\Local\Programs\MiKTeX\tex/latex/tools\bm.sty
Package: bm 2025/10/21 v1.2g Bold Symbol Support (DPC/FMi)
\symboldoperators=\mathgroup6
\symboldletters=\mathgroup7
\symboldsymbols=\mathgroup8
Package bm Info: No bold for \OMX/cmex/m/n, using \pmb.
Package bm Info: No bold for \U/msa/m/n, using \pmb.
Package bm Info: No bold for \U/msb/m/n, using \pmb.
LaTeX Font Info:    Redeclaring math alphabet \mathbf on input line 149.
)
(C:\Users\lenovo\AppData\Local\Programs\MiKTeX\tex/latex/accents\accents.sty
Package: accents 2006/05/12 v1.4 Math Accent Tools
\cc@skew=\dimen167
\cc@wd=\dimen168
\cc@code=\count299
\cc@group=\count300
\cc@skewchar=\count301
)
(C:\Users\lenovo\AppData\Local\Programs\MiKTeX\tex/latex/xcolor\xcolor.sty
Package: xcolor 2024/09/29 v3.02 LaTeX color extensions (UK)

(C:\Users\lenovo\AppData\Local\Programs\MiKTeX\tex/latex/graphics-cfg\color.cfg
File: color.cfg 2016/01/02 v1.6 sample color configuration
)
Package xcolor Info: Driver file: pdftex.def on input line 274.

(C:\Users\lenovo\AppData\Local\Programs\MiKTeX\tex/latex/graphics-def\pdftex.de
f
File: pdftex.def 2025/09/29 v1.2d Graphics/color driver for pdftex
)
(C:\Users\lenovo\AppData\Local\Programs\MiKTeX\tex/latex/graphics\mathcolor.ltx
)
Package xcolor Info: Model `cmy' substituted by `cmy0' on input line 1349.
Package xcolor Info: Model `hsb' substituted by `rgb' on input line 1353.
Package xcolor Info: Model `RGB' extended on input line 1365.
Package xcolor Info: Model `HTML' substituted by `rgb' on input line 1367.
Package xcolor Info: Model `Hsb' substituted by `hsb' on input line 1368.
Package xcolor Info: Model `tHsb' substituted by `hsb' on input line 1369.
Package xcolor Info: Model `HSB' substituted by `hsb' on input line 1370.
Package xcolor Info: Model `Gray' substituted by `gray' on input line 1371.
Package xcolor Info: Model `wave' substituted by `hsb' on input line 1372.
)
(C:\Users\lenovo\AppData\Local\Programs\MiKTeX\tex/latex/enumitem\enumitem.sty
Package: enumitem 2025/02/06 v3.11 Customized lists
\labelindent=\skip57
\enit@outerparindent=\dimen169
\enit@toks=\toks30
\enit@inbox=\box55
\enit@count@id=\count302
\enitdp@description=\count303
) (C:\Users\lenovo\AppData\Local\Programs\MiKTeX\tex/latex/graphics\graphicx.st
y
Package: graphicx 2024/12/31 v1.2e Enhanced LaTeX Graphics (DPC,SPQR)
(C:\Users\lenovo\AppData\Local\Programs\MiKTeX\tex/latex/graphics\graphics.sty
Package: graphics 2024/08/06 v1.4g Standard LaTeX Graphics (DPC,SPQR)

(C:\Users\lenovo\AppData\Local\Programs\MiKTeX\tex/latex/graphics\trig.sty
Package: trig 2023/12/02 v1.11 sin cos tan (DPC)
)
(C:\Users\lenovo\AppData\Local\Programs\MiKTeX\tex/latex/graphics-cfg\graphics.
cfg
File: graphics.cfg 2016/06/04 v1.11 sample graphics configuration
)
Package graphics Info: Driver file: pdftex.def on input line 106.
)
\Gin@req@height=\dimen170
\Gin@req@width=\dimen171
) (C:\Users\lenovo\AppData\Local\Programs\MiKTeX\tex/latex/tools\array.sty
Package: array 2025/09/25 v2.6n Tabular extension package (FMi)
\col@sep=\dimen172
\ar@mcellbox=\box56
\extrarowheight=\dimen173
\NC@list=\toks31
\extratabsurround=\skip58
\backup@length=\skip59
\ar@cellbox=\box57
)
(C:\Users\lenovo\AppData\Local\Programs\MiKTeX\tex/latex/pgf/frontendlayer\tikz
.sty
(C:\Users\lenovo\AppData\Local\Programs\MiKTeX\tex/latex/pgf/basiclayer\pgf.sty

(C:\Users\lenovo\AppData\Local\Programs\MiKTeX\tex/latex/pgf/utilities\pgfrcs.s
ty
(C:\Users\lenovo\AppData\Local\Programs\MiKTeX\tex/generic/pgf/utilities\pgfuti
l-common.tex
\pgfutil@everybye=\toks32
\pgfutil@tempdima=\dimen174
\pgfutil@tempdimb=\dimen175
)
(C:\Users\lenovo\AppData\Local\Programs\MiKTeX\tex/generic/pgf/utilities\pgfuti
l-latex.def
\pgfutil@abb=\box58
)
(C:\Users\lenovo\AppData\Local\Programs\MiKTeX\tex/generic/pgf/utilities\pgfrcs
.code.tex
(C:\Users\lenovo\AppData\Local\Programs\MiKTeX\tex/generic/pgf\pgf.revision.tex
)
Package: pgfrcs 2025-08-29 v3.1.11a (3.1.11a)
))
Package: pgf 2025-08-29 v3.1.11a (3.1.11a)

(C:\Users\lenovo\AppData\Local\Programs\MiKTeX\tex/latex/pgf/basiclayer\pgfcore
.sty
(C:\Users\lenovo\AppData\Local\Programs\MiKTeX\tex/latex/pgf/systemlayer\pgfsys
.sty
(C:\Users\lenovo\AppData\Local\Programs\MiKTeX\tex/generic/pgf/systemlayer\pgfs
ys.code.tex
Package: pgfsys 2025-08-29 v3.1.11a (3.1.11a)

(C:\Users\lenovo\AppData\Local\Programs\MiKTeX\tex/generic/pgf/utilities\pgfkey
s.code.tex
\pgfkeys@pathtoks=\toks33
\pgfkeys@temptoks=\toks34

(C:\Users\lenovo\AppData\Local\Programs\MiKTeX\tex/generic/pgf/utilities\pgfkey
slibraryfiltered.code.tex
\pgfkeys@tmptoks=\toks35
))
\pgf@x=\dimen176
\pgf@y=\dimen177
\pgf@xa=\dimen178
\pgf@ya=\dimen179
\pgf@xb=\dimen180
\pgf@yb=\dimen181
\pgf@xc=\dimen182
\pgf@yc=\dimen183
\pgf@xd=\dimen184
\pgf@yd=\dimen185
\w@pgf@writea=\write3
\r@pgf@reada=\read2
\c@pgf@counta=\count304
\c@pgf@countb=\count305
\c@pgf@countc=\count306
\c@pgf@countd=\count307
\t@pgf@toka=\toks36
\t@pgf@tokb=\toks37
\t@pgf@tokc=\toks38
\pgf@sys@id@count=\count308

(C:\Users\lenovo\AppData\Local\Programs\MiKTeX\tex/generic/pgf/systemlayer\pgf.
cfg
File: pgf.cfg 2025-08-29 v3.1.11a (3.1.11a)
)
Driver file for pgf: pgfsys-pdftex.def

(C:\Users\lenovo\AppData\Local\Programs\MiKTeX\tex/generic/pgf/systemlayer\pgfs
ys-pdftex.def
File: pgfsys-pdftex.def 2025-08-29 v3.1.11a (3.1.11a)

(C:\Users\lenovo\AppData\Local\Programs\MiKTeX\tex/generic/pgf/systemlayer\pgfs
ys-common-pdf.def
File: pgfsys-common-pdf.def 2025-08-29 v3.1.11a (3.1.11a)
)))
(C:\Users\lenovo\AppData\Local\Programs\MiKTeX\tex/generic/pgf/systemlayer\pgfs
yssoftpath.code.tex
File: pgfsyssoftpath.code.tex 2025-08-29 v3.1.11a (3.1.11a)
\pgfsyssoftpath@smallbuffer@items=\count309
\pgfsyssoftpath@bigbuffer@items=\count310
)
(C:\Users\lenovo\AppData\Local\Programs\MiKTeX\tex/generic/pgf/systemlayer\pgfs
ysprotocol.code.tex
File: pgfsysprotocol.code.tex 2025-08-29 v3.1.11a (3.1.11a)
))
(C:\Users\lenovo\AppData\Local\Programs\MiKTeX\tex/generic/pgf/basiclayer\pgfco
re.code.tex
Package: pgfcore 2025-08-29 v3.1.11a (3.1.11a)

(C:\Users\lenovo\AppData\Local\Programs\MiKTeX\tex/generic/pgf/math\pgfmath.cod
e.tex
(C:\Users\lenovo\AppData\Local\Programs\MiKTeX\tex/generic/pgf/math\pgfmathutil
.code.tex)
(C:\Users\lenovo\AppData\Local\Programs\MiKTeX\tex/generic/pgf/math\pgfmathpars
er.code.tex
\pgfmath@dimen=\dimen186
\pgfmath@count=\count311
\pgfmath@box=\box59
\pgfmath@toks=\toks39
\pgfmath@stack@operand=\toks40
\pgfmath@stack@operation=\toks41
)
(C:\Users\lenovo\AppData\Local\Programs\MiKTeX\tex/generic/pgf/math\pgfmathfunc
tions.code.tex)
(C:\Users\lenovo\AppData\Local\Programs\MiKTeX\tex/generic/pgf/math\pgfmathfunc
tions.basic.code.tex)
(C:\Users\lenovo\AppData\Local\Programs\MiKTeX\tex/generic/pgf/math\pgfmathfunc
tions.trigonometric.code.tex)
(C:\Users\lenovo\AppData\Local\Programs\MiKTeX\tex/generic/pgf/math\pgfmathfunc
tions.random.code.tex)
(C:\Users\lenovo\AppData\Local\Programs\MiKTeX\tex/generic/pgf/math\pgfmathfunc
tions.comparison.code.tex)
(C:\Users\lenovo\AppData\Local\Programs\MiKTeX\tex/generic/pgf/math\pgfmathfunc
tions.base.code.tex)
(C:\Users\lenovo\AppData\Local\Programs\MiKTeX\tex/generic/pgf/math\pgfmathfunc
tions.round.code.tex)
(C:\Users\lenovo\AppData\Local\Programs\MiKTeX\tex/generic/pgf/math\pgfmathfunc
tions.misc.code.tex)
(C:\Users\lenovo\AppData\Local\Programs\MiKTeX\tex/generic/pgf/math\pgfmathfunc
tions.integerarithmetics.code.tex)
(C:\Users\lenovo\AppData\Local\Programs\MiKTeX\tex/generic/pgf/math\pgfmathcalc
.code.tex)
(C:\Users\lenovo\AppData\Local\Programs\MiKTeX\tex/generic/pgf/math\pgfmathfloa
t.code.tex
\c@pgfmathroundto@lastzeros=\count312
))
(C:\Users\lenovo\AppData\Local\Programs\MiKTeX\tex/generic/pgf/math\pgfint.code
.tex)
(C:\Users\lenovo\AppData\Local\Programs\MiKTeX\tex/generic/pgf/basiclayer\pgfco
repoints.code.tex
File: pgfcorepoints.code.tex 2025-08-29 v3.1.11a (3.1.11a)
\pgf@picminx=\dimen187
\pgf@picmaxx=\dimen188
\pgf@picminy=\dimen189
\pgf@picmaxy=\dimen190
\pgf@pathminx=\dimen191
\pgf@pathmaxx=\dimen192
\pgf@pathminy=\dimen193
\pgf@pathmaxy=\dimen194
\pgf@xx=\dimen195
\pgf@xy=\dimen196
\pgf@yx=\dimen197
\pgf@yy=\dimen198
\pgf@zx=\dimen199
\pgf@zy=\dimen256
)
(C:\Users\lenovo\AppData\Local\Programs\MiKTeX\tex/generic/pgf/basiclayer\pgfco
repathconstruct.code.tex
File: pgfcorepathconstruct.code.tex 2025-08-29 v3.1.11a (3.1.11a)
\pgf@path@lastx=\dimen257
\pgf@path@lasty=\dimen258
)
(C:\Users\lenovo\AppData\Local\Programs\MiKTeX\tex/generic/pgf/basiclayer\pgfco
repathusage.code.tex
File: pgfcorepathusage.code.tex 2025-08-29 v3.1.11a (3.1.11a)
\pgf@shorten@end@additional=\dimen259
\pgf@shorten@start@additional=\dimen260
)
(C:\Users\lenovo\AppData\Local\Programs\MiKTeX\tex/generic/pgf/basiclayer\pgfco
rescopes.code.tex
File: pgfcorescopes.code.tex 2025-08-29 v3.1.11a (3.1.11a)
\pgfpic=\box60
\pgf@hbox=\box61
\pgf@layerbox@main=\box62
\pgf@picture@serial@count=\count313
)
(C:\Users\lenovo\AppData\Local\Programs\MiKTeX\tex/generic/pgf/basiclayer\pgfco
regraphicstate.code.tex
File: pgfcoregraphicstate.code.tex 2025-08-29 v3.1.11a (3.1.11a)
\pgflinewidth=\dimen261
)
(C:\Users\lenovo\AppData\Local\Programs\MiKTeX\tex/generic/pgf/basiclayer\pgfco
retransformations.code.tex
File: pgfcoretransformations.code.tex 2025-08-29 v3.1.11a (3.1.11a)
\pgf@pt@x=\dimen262
\pgf@pt@y=\dimen263
\pgf@pt@temp=\dimen264
)
(C:\Users\lenovo\AppData\Local\Programs\MiKTeX\tex/generic/pgf/basiclayer\pgfco
requick.code.tex
File: pgfcorequick.code.tex 2025-08-29 v3.1.11a (3.1.11a)
)
(C:\Users\lenovo\AppData\Local\Programs\MiKTeX\tex/generic/pgf/basiclayer\pgfco
reobjects.code.tex
File: pgfcoreobjects.code.tex 2025-08-29 v3.1.11a (3.1.11a)
)
(C:\Users\lenovo\AppData\Local\Programs\MiKTeX\tex/generic/pgf/basiclayer\pgfco
repathprocessing.code.tex
File: pgfcorepathprocessing.code.tex 2025-08-29 v3.1.11a (3.1.11a)
)
(C:\Users\lenovo\AppData\Local\Programs\MiKTeX\tex/generic/pgf/basiclayer\pgfco
rearrows.code.tex
File: pgfcorearrows.code.tex 2025-08-29 v3.1.11a (3.1.11a)
\pgfarrowsep=\dimen265
)
(C:\Users\lenovo\AppData\Local\Programs\MiKTeX\tex/generic/pgf/basiclayer\pgfco
reshade.code.tex
File: pgfcoreshade.code.tex 2025-08-29 v3.1.11a (3.1.11a)
\pgf@max=\dimen266
\pgf@sys@shading@range@num=\count314
\pgf@shadingcount=\count315
)
(C:\Users\lenovo\AppData\Local\Programs\MiKTeX\tex/generic/pgf/basiclayer\pgfco
reimage.code.tex
File: pgfcoreimage.code.tex 2025-08-29 v3.1.11a (3.1.11a)
)
(C:\Users\lenovo\AppData\Local\Programs\MiKTeX\tex/generic/pgf/basiclayer\pgfco
reexternal.code.tex
File: pgfcoreexternal.code.tex 2025-08-29 v3.1.11a (3.1.11a)
\pgfexternal@startupbox=\box63
)
(C:\Users\lenovo\AppData\Local\Programs\MiKTeX\tex/generic/pgf/basiclayer\pgfco
relayers.code.tex
File: pgfcorelayers.code.tex 2025-08-29 v3.1.11a (3.1.11a)
)
(C:\Users\lenovo\AppData\Local\Programs\MiKTeX\tex/generic/pgf/basiclayer\pgfco
retransparency.code.tex
File: pgfcoretransparency.code.tex 2025-08-29 v3.1.11a (3.1.11a)
)
(C:\Users\lenovo\AppData\Local\Programs\MiKTeX\tex/generic/pgf/basiclayer\pgfco
repatterns.code.tex
File: pgfcorepatterns.code.tex 2025-08-29 v3.1.11a (3.1.11a)
)
(C:\Users\lenovo\AppData\Local\Programs\MiKTeX\tex/generic/pgf/basiclayer\pgfco
rerdf.code.tex
File: pgfcorerdf.code.tex 2025-08-29 v3.1.11a (3.1.11a)
)))
(C:\Users\lenovo\AppData\Local\Programs\MiKTeX\tex/generic/pgf/modules\pgfmodul
eshapes.code.tex
File: pgfmoduleshapes.code.tex 2025-08-29 v3.1.11a (3.1.11a)
\pgfnodeparttextbox=\box64
)
(C:\Users\lenovo\AppData\Local\Programs\MiKTeX\tex/generic/pgf/modules\pgfmodul
eplot.code.tex
File: pgfmoduleplot.code.tex 2025-08-29 v3.1.11a (3.1.11a)
)
(C:\Users\lenovo\AppData\Local\Programs\MiKTeX\tex/latex/pgf/compatibility\pgfc
omp-version-0-65.sty
Package: pgfcomp-version-0-65 2025-08-29 v3.1.11a (3.1.11a)
\pgf@nodesepstart=\dimen267
\pgf@nodesepend=\dimen268
)
(C:\Users\lenovo\AppData\Local\Programs\MiKTeX\tex/latex/pgf/compatibility\pgfc
omp-version-1-18.sty
Package: pgfcomp-version-1-18 2025-08-29 v3.1.11a (3.1.11a)
))
(C:\Users\lenovo\AppData\Local\Programs\MiKTeX\tex/latex/pgf/utilities\pgffor.s
ty
(C:\Users\lenovo\AppData\Local\Programs\MiKTeX\tex/latex/pgf/utilities\pgfkeys.
sty
(C:\Users\lenovo\AppData\Local\Programs\MiKTeX\tex/generic/pgf/utilities\pgfkey
s.code.tex))
(C:\Users\lenovo\AppData\Local\Programs\MiKTeX\tex/latex/pgf/math\pgfmath.sty
(C:\Users\lenovo\AppData\Local\Programs\MiKTeX\tex/generic/pgf/math\pgfmath.cod
e.tex))
(C:\Users\lenovo\AppData\Local\Programs\MiKTeX\tex/generic/pgf/utilities\pgffor
.code.tex
Package: pgffor 2025-08-29 v3.1.11a (3.1.11a)
\pgffor@iter=\dimen269
\pgffor@skip=\dimen270
\pgffor@stack=\toks42
\pgffor@toks=\toks43
))
(C:\Users\lenovo\AppData\Local\Programs\MiKTeX\tex/generic/pgf/frontendlayer/ti
kz\tikz.code.tex
Package: tikz 2025-08-29 v3.1.11a (3.1.11a)

(C:\Users\lenovo\AppData\Local\Programs\MiKTeX\tex/generic/pgf/libraries\pgflib
raryplothandlers.code.tex
File: pgflibraryplothandlers.code.tex 2025-08-29 v3.1.11a (3.1.11a)
\pgf@plot@mark@count=\count316
\pgfplotmarksize=\dimen271
)
\tikz@lastx=\dimen272
\tikz@lasty=\dimen273
\tikz@lastxsaved=\dimen274
\tikz@lastysaved=\dimen275
\tikz@lastmovetox=\dimen276
\tikz@lastmovetoy=\dimen277
\tikzleveldistance=\dimen278
\tikzsiblingdistance=\dimen279
\tikz@figbox=\box65
\tikz@figbox@bg=\box66
\tikz@tempbox=\box67
\tikz@tempbox@bg=\box68
\tikztreelevel=\count317
\tikznumberofchildren=\count318
\tikznumberofcurrentchild=\count319
\tikz@fig@count=\count320

(C:\Users\lenovo\AppData\Local\Programs\MiKTeX\tex/generic/pgf/modules\pgfmodul
ematrix.code.tex
File: pgfmodulematrix.code.tex 2025-08-29 v3.1.11a (3.1.11a)
\pgfmatrixcurrentrow=\count321
\pgfmatrixcurrentcolumn=\count322
\pgf@matrix@numberofcolumns=\count323
)
\tikz@expandcount=\count324

(C:\Users\lenovo\AppData\Local\Programs\MiKTeX\tex/generic/pgf/frontendlayer/ti
kz/libraries\tikzlibrarytopaths.code.tex
File: tikzlibrarytopaths.code.tex 2025-08-29 v3.1.11a (3.1.11a)
)))
(C:\Users\lenovo\AppData\Local\Programs\MiKTeX\tex/generic/pgf/libraries\pgflib
raryarrows.meta.code.tex
File: pgflibraryarrows.meta.code.tex 2025-08-29 v3.1.11a (3.1.11a)
\pgfarrowinset=\dimen280
\pgfarrowlength=\dimen281
\pgfarrowwidth=\dimen282
\pgfarrowlinewidth=\dimen283
)
(C:\Users\lenovo\AppData\Local\Programs\MiKTeX\tex/generic/pgf/frontendlayer/ti
kz/libraries\tikzlibrarycalc.code.tex
File: tikzlibrarycalc.code.tex 2025-08-29 v3.1.11a (3.1.11a)
)
(C:\Users\lenovo\AppData\Local\Programs\MiKTeX\tex/generic/pgf/frontendlayer/ti
kz/libraries\tikzlibrarypositioning.code.tex
File: tikzlibrarypositioning.code.tex 2025-08-29 v3.1.11a (3.1.11a)
)
(C:\Users\lenovo\AppData\Local\Programs\MiKTeX\tex/generic/pgf/frontendlayer/ti
kz/libraries\tikzlibraryangles.code.tex
File: tikzlibraryangles.code.tex 2025-08-29 v3.1.11a (3.1.11a)
)
(C:\Users\lenovo\AppData\Local\Programs\MiKTeX\tex/generic/pgf/frontendlayer/ti
kz/libraries\tikzlibraryquotes.code.tex
File: tikzlibraryquotes.code.tex 2025-08-29 v3.1.11a (3.1.11a)
)
(C:\Users\lenovo\AppData\Local\Programs\MiKTeX\tex/generic/pgf/frontendlayer/ti
kz/libraries\tikzlibrarypatterns.code.tex
File: tikzlibrarypatterns.code.tex 2025-08-29 v3.1.11a (3.1.11a)

(C:\Users\lenovo\AppData\Local\Programs\MiKTeX\tex/generic/pgf/libraries\pgflib
rarypatterns.code.tex
File: pgflibrarypatterns.code.tex 2025-08-29 v3.1.11a (3.1.11a)
))
(C:\Users\lenovo\AppData\Local\Programs\MiKTeX\tex/latex/pgfplots\pgfplots.sty
(C:\Users\lenovo\AppData\Local\Programs\MiKTeX\tex/generic/pgfplots\pgfplots.re
vision.tex)
Package: pgfplots 2021/05/15 v1.18.1 Data Visualization (1.18.1)

(C:\Users\lenovo\AppData\Local\Programs\MiKTeX\tex/generic/pgfplots\pgfplots.co
de.tex
(C:\Users\lenovo\AppData\Local\Programs\MiKTeX\tex/generic/pgfplots\pgfplotscor
e.code.tex
\t@pgfplots@toka=\toks44
\t@pgfplots@tokb=\toks45
\t@pgfplots@tokc=\toks46
\pgfplots@tmpa=\dimen284
\c@pgfplots@coordindex=\count325
\c@pgfplots@scanlineindex=\count326

(C:\Users\lenovo\AppData\Local\Programs\MiKTeX\tex/generic/pgfplots/sys\pgfplot
ssysgeneric.code.tex))
(C:\Users\lenovo\AppData\Local\Programs\MiKTeX\tex/generic/pgfplots/libs\pgfplo
tslibrary.code.tex)
(C:\Users\lenovo\AppData\Local\Programs\MiKTeX\tex/generic/pgfplots/oldpgfcompa
tib\pgfplotsoldpgfsupp_loader.code.tex
(C:\Users\lenovo\AppData\Local\Programs\MiKTeX\tex/generic/pgf/libraries\pgflib
raryfpu.code.tex)
Package pgfplots: loading complementary utilities for your pgf version...
\t@pgf@toka=\toks47
\t@pgf@tokb=\toks48
\t@pgf@tokc=\toks49

(C:\Users\lenovo\AppData\Local\Programs\MiKTeX\tex/generic/pgfplots/oldpgfcompa
tib\pgfplotsoldpgfsupp_pgfutil-common-lists.tex))
(C:\Users\lenovo\AppData\Local\Programs\MiKTeX\tex/generic/pgfplots/util\pgfplo
tsutil.code.tex
(C:\Users\lenovo\AppData\Local\Programs\MiKTeX\tex/generic/pgfplots/liststructu
re\pgfplotsliststructure.code.tex)
(C:\Users\lenovo\AppData\Local\Programs\MiKTeX\tex/generic/pgfplots/liststructu
re\pgfplotsliststructureext.code.tex)
(C:\Users\lenovo\AppData\Local\Programs\MiKTeX\tex/generic/pgfplots/liststructu
re\pgfplotsarray.code.tex
\c@pgfplotsarray@tmp=\count327
)
(C:\Users\lenovo\AppData\Local\Programs\MiKTeX\tex/generic/pgfplots/liststructu
re\pgfplotsmatrix.code.tex)
(C:\Users\lenovo\AppData\Local\Programs\MiKTeX\tex/generic/pgfplots/numtable\pg
fplotstableshared.code.tex
\c@pgfplotstable@counta=\count328
\t@pgfplotstable@a=\toks50
)
(C:\Users\lenovo\AppData\Local\Programs\MiKTeX\tex/generic/pgfplots/liststructu
re\pgfplotsdeque.code.tex)
(C:\Users\lenovo\AppData\Local\Programs\MiKTeX\tex/generic/pgfplots/util\pgfplo
tsbinary.code.tex
(C:\Users\lenovo\AppData\Local\Programs\MiKTeX\tex/generic/pgfplots/util\pgfplo
tsbinary.data.code.tex))
(C:\Users\lenovo\AppData\Local\Programs\MiKTeX\tex/generic/pgfplots/util\pgfplo
tsutil.verb.code.tex)
(C:\Users\lenovo\AppData\Local\Programs\MiKTeX\tex/generic/pgfplots/libs\pgflib
rarypgfplots.surfshading.code.tex
\c@pgfplotslibrarysurf@no=\count329

(C:\Users\lenovo\AppData\Local\Programs\MiKTeX\tex/generic/pgfplots/sys\pgflibr
arypgfplots.surfshading.pgfsys-pdftex.def)))
(C:\Users\lenovo\AppData\Local\Programs\MiKTeX\tex/generic/pgfplots/util\pgfplo
tscolormap.code.tex
(C:\Users\lenovo\AppData\Local\Programs\MiKTeX\tex/generic/pgfplots/util\pgfplo
tscolor.code.tex))
(C:\Users\lenovo\AppData\Local\Programs\MiKTeX\tex/generic/pgfplots\pgfplotssta
ckedplots.code.tex)
(C:\Users\lenovo\AppData\Local\Programs\MiKTeX\tex/generic/pgfplots\pgfplotsplo
thandlers.code.tex
(C:\Users\lenovo\AppData\Local\Programs\MiKTeX\tex/generic/pgfplots\pgfplotsmes
hplothandler.code.tex
(C:\Users\lenovo\AppData\Local\Programs\MiKTeX\tex/generic/pgfplots\pgfplotsmes
hplotimage.code.tex)))
(C:\Users\lenovo\AppData\Local\Programs\MiKTeX\tex/generic/pgfplots\pgfplots.sc
aling.code.tex)
(C:\Users\lenovo\AppData\Local\Programs\MiKTeX\tex/generic/pgfplots\pgfplotscoo
rdprocessing.code.tex)
(C:\Users\lenovo\AppData\Local\Programs\MiKTeX\tex/generic/pgfplots\pgfplots.er
rorbars.code.tex)
(C:\Users\lenovo\AppData\Local\Programs\MiKTeX\tex/generic/pgfplots\pgfplots.ma
rkers.code.tex)
(C:\Users\lenovo\AppData\Local\Programs\MiKTeX\tex/generic/pgfplots\pgfplotstic
ks.code.tex)
(C:\Users\lenovo\AppData\Local\Programs\MiKTeX\tex/generic/pgfplots\pgfplots.pa
ths.code.tex)
(C:\Users\lenovo\AppData\Local\Programs\MiKTeX\tex/generic/pgf/frontendlayer/ti
kz/libraries\tikzlibrarydecorations.code.tex
(C:\Users\lenovo\AppData\Local\Programs\MiKTeX\tex/generic/pgf/modules\pgfmodul
edecorations.code.tex
\pgfdecoratedcompleteddistance=\dimen285
\pgfdecoratedremainingdistance=\dimen286
\pgfdecoratedinputsegmentcompleteddistance=\dimen287
\pgfdecoratedinputsegmentremainingdistance=\dimen288
\pgf@decorate@distancetomove=\dimen289
\pgf@decorate@repeatstate=\count330
\pgfdecorationsegmentamplitude=\dimen290
\pgfdecorationsegmentlength=\dimen291
)
\tikz@lib@dec@box=\box69
)
(C:\Users\lenovo\AppData\Local\Programs\MiKTeX\tex/generic/pgf/frontendlayer/ti
kz/libraries\tikzlibrarydecorations.pathmorphing.code.tex
(C:\Users\lenovo\AppData\Local\Programs\MiKTeX\tex/generic/pgf/libraries/decora
tions\pgflibrarydecorations.pathmorphing.code.tex))
(C:\Users\lenovo\AppData\Local\Programs\MiKTeX\tex/generic/pgf/frontendlayer/ti
kz/libraries\tikzlibrarydecorations.pathreplacing.code.tex
(C:\Users\lenovo\AppData\Local\Programs\MiKTeX\tex/generic/pgf/libraries/decora
tions\pgflibrarydecorations.pathreplacing.code.tex))
(C:\Users\lenovo\AppData\Local\Programs\MiKTeX\tex/generic/pgfplots/libs\tikzli
brarypgfplots.contourlua.code.tex)
\pgfplots@numplots=\count331
\pgfplots@xmin@reg=\dimen292
\pgfplots@xmax@reg=\dimen293
\pgfplots@ymin@reg=\dimen294
\pgfplots@ymax@reg=\dimen295
\pgfplots@zmin@reg=\dimen296
\pgfplots@zmax@reg=\dimen297
)
(C:\Users\lenovo\AppData\Local\Programs\MiKTeX\tex/generic/pgf/frontendlayer/ti
kz/libraries\tikzlibraryplotmarks.code.tex
File: tikzlibraryplotmarks.code.tex 2025-08-29 v3.1.11a (3.1.11a)

(C:\Users\lenovo\AppData\Local\Programs\MiKTeX\tex/generic/pgf/libraries\pgflib
raryplotmarks.code.tex
File: pgflibraryplotmarks.code.tex 2025-08-29 v3.1.11a (3.1.11a)
)))
(C:\Users\lenovo\AppData\Local\Programs\MiKTeX\tex/latex/hyperref\hyperref.sty
Package: hyperref 2025-07-12 v7.01o Hypertext links for LaTeX

(C:\Users\lenovo\AppData\Local\Programs\MiKTeX\tex/latex/kvsetkeys\kvsetkeys.st
y
Package: kvsetkeys 2022-10-05 v1.19 Key value parser (HO)
)
(C:\Users\lenovo\AppData\Local\Programs\MiKTeX\tex/generic/kvdefinekeys\kvdefin
ekeys.sty
Package: kvdefinekeys 2019-12-19 v1.6 Define keys (HO)
)
(C:\Users\lenovo\AppData\Local\Programs\MiKTeX\tex/generic/pdfescape\pdfescape.
sty
Package: pdfescape 2019/12/09 v1.15 Implements pdfTeX's escape features (HO)

(C:\Users\lenovo\AppData\Local\Programs\MiKTeX\tex/generic/ltxcmds\ltxcmds.sty
Package: ltxcmds 2023-12-04 v1.26 LaTeX kernel commands for general use (HO)
)
(C:\Users\lenovo\AppData\Local\Programs\MiKTeX\tex/generic/pdftexcmds\pdftexcmd
s.sty
Package: pdftexcmds 2020-06-27 v0.33 Utility functions of pdfTeX for LuaTeX (HO
)

(C:\Users\lenovo\AppData\Local\Programs\MiKTeX\tex/generic/infwarerr\infwarerr.
sty
Package: infwarerr 2019/12/03 v1.5 Providing info/warning/error messages (HO)
)
Package pdftexcmds Info: \pdf@primitive is available.
Package pdftexcmds Info: \pdf@ifprimitive is available.
Package pdftexcmds Info: \pdfdraftmode found.
))
(C:\Users\lenovo\AppData\Local\Programs\MiKTeX\tex/latex/hycolor\hycolor.sty
Package: hycolor 2020-01-27 v1.10 Color options for hyperref/bookmark (HO)
)
(C:\Users\lenovo\AppData\Local\Programs\MiKTeX\tex/latex/hyperref\nameref.sty
Package: nameref 2025-06-21 v2.57 Cross-referencing by name of section

(C:\Users\lenovo\AppData\Local\Programs\MiKTeX\tex/latex/refcount\refcount.sty
Package: refcount 2019/12/15 v3.6 Data extraction from label references (HO)
)
(C:\Users\lenovo\AppData\Local\Programs\MiKTeX\tex/generic/gettitlestring\getti
tlestring.sty
Package: gettitlestring 2019/12/15 v1.6 Cleanup title references (HO)

(C:\Users\lenovo\AppData\Local\Programs\MiKTeX\tex/latex/kvoptions\kvoptions.st
y
Package: kvoptions 2022-06-15 v3.15 Key value format for package options (HO)
))
\c@section@level=\count332
)
(C:\Users\lenovo\AppData\Local\Programs\MiKTeX\tex/latex/etoolbox\etoolbox.sty
Package: etoolbox 2025/10/02 v2.5m e-TeX tools for LaTeX (JAW)
\etb@tempcnta=\count333
)
(C:\Users\lenovo\AppData\Local\Programs\MiKTeX\tex/generic/stringenc\stringenc.
sty
Package: stringenc 2019/11/29 v1.12 Convert strings between diff. encodings (HO
)
)
\@linkdim=\dimen298
\Hy@linkcounter=\count334
\Hy@pagecounter=\count335

(C:\Users\lenovo\AppData\Local\Programs\MiKTeX\tex/latex/hyperref\pd1enc.def
File: pd1enc.def 2025-07-12 v7.01o Hyperref: PDFDocEncoding definition (HO)
Now handling font encoding PD1 ...
... no UTF-8 mapping file for font encoding PD1
)
(C:\Users\lenovo\AppData\Local\Programs\MiKTeX\tex/generic/intcalc\intcalc.sty
Package: intcalc 2019/12/15 v1.3 Expandable calculations with integers (HO)
)
\Hy@SavedSpaceFactor=\count336
(C:\Users\lenovo\AppData\Local\Programs\MiKTeX\tex/latex/hyperref\puenc.def
File: puenc.def 2025-07-12 v7.01o Hyperref: PDF Unicode definition (HO)
Now handling font encoding PU ...
... no UTF-8 mapping file for font encoding PU
)
Package hyperref Info: Option `colorlinks' set `true' on input line 4066.
Package hyperref Info: Option `hypertexnames' set `false' on input line 4066.
Package hyperref Info: Option `unicode' set `true' on input line 4066.
Package hyperref Info: Option `bookmarksnumbered' set `true' on input line 4066
.
Package hyperref Info: Option `bookmarksopen' set `true' on input line 4066.
Package hyperref Info: Hyper figures OFF on input line 4195.
Package hyperref Info: Link nesting OFF on input line 4200.
Package hyperref Info: Hyper index ON on input line 4203.
Package hyperref Info: Plain pages OFF on input line 4210.
Package hyperref Info: Backreferencing OFF on input line 4215.
Package hyperref Info: Implicit mode ON; LaTeX internals redefined.
Package hyperref Info: Bookmarks ON on input line 4462.
\c@Hy@tempcnt=\count337

(C:\Users\lenovo\AppData\Local\Programs\MiKTeX\tex/latex/url\url.sty
\Urlmuskip=\muskip18
Package: url 2013/09/16  ver 3.4  Verb mode for urls, etc.
)
LaTeX Info: Redefining \url on input line 4801.
\XeTeXLinkMargin=\dimen299

(C:\Users\lenovo\AppData\Local\Programs\MiKTeX\tex/generic/bitset\bitset.sty
Package: bitset 2019/12/09 v1.3 Handle bit-vector datatype (HO)

(C:\Users\lenovo\AppData\Local\Programs\MiKTeX\tex/generic/bigintcalc\bigintcal
c.sty
Package: bigintcalc 2019/12/15 v1.5 Expandable calculations on big integers (HO
)
))
\Fld@menulength=\count338
\Field@Width=\dimen300
\Fld@charsize=\dimen301
Package hyperref Info: Hyper figures OFF on input line 6078.
Package hyperref Info: Link nesting OFF on input line 6083.
Package hyperref Info: Hyper index ON on input line 6086.
Package hyperref Info: backreferencing OFF on input line 6093.
Package hyperref Info: Link coloring ON on input line 6096.
Package hyperref Info: Link coloring with OCG OFF on input line 6103.
Package hyperref Info: PDF/A mode OFF on input line 6108.
\Hy@abspage=\count339
\c@Item=\count340
\c@Hfootnote=\count341
)
Package hyperref Info: Driver (autodetected): hpdftex.

(C:\Users\lenovo\AppData\Local\Programs\MiKTeX\tex/latex/hyperref\hpdftex.def
File: hpdftex.def 2025-07-12 v7.01o Hyperref driver for pdfTeX
\Fld@listcount=\count342
\c@bookmark@seq@number=\count343

(C:\Users\lenovo\AppData\Local\Programs\MiKTeX\tex/latex/rerunfilecheck\rerunfi
lecheck.sty
Package: rerunfilecheck 2025-06-21 v1.11 Rerun checks for auxiliary files (HO)

(C:\Users\lenovo\AppData\Local\Programs\MiKTeX\tex/generic/uniquecounter\unique
counter.sty
Package: uniquecounter 2019/12/15 v1.4 Provide unlimited unique counter (HO)
)
Package uniquecounter Info: New unique counter `rerunfilecheck' on input line 2
84.
)
\Hy@SectionHShift=\skip60
)
\c@theorem=\count344
\c@problemenv=\count345
 (readernotes.tex) (readernotes_ch6.tex) (eq_aliases.tex)
(C:\Users\lenovo\AppData\Local\Programs\MiKTeX\tex/latex/l3backend\l3backend-pd
ftex.def
File: l3backend-pdftex.def 2025-10-09 L3 backend support: PDF output (pdfTeX)
\l__color_backend_stack_int=\count346
) (main.aux)
\openout1 = `main.aux'.

LaTeX Font Info:    Checking defaults for OML/cmm/m/it on input line 229.
LaTeX Font Info:    ... okay on input line 229.
LaTeX Font Info:    Checking defaults for OMS/cmsy/m/n on input line 229.
LaTeX Font Info:    ... okay on input line 229.
LaTeX Font Info:    Checking defaults for OT1/cmr/m/n on input line 229.
LaTeX Font Info:    ... okay on input line 229.
LaTeX Font Info:    Checking defaults for T1/cmr/m/n on input line 229.
LaTeX Font Info:    ... okay on input line 229.
LaTeX Font Info:    Checking defaults for TS1/cmr/m/n on input line 229.
LaTeX Font Info:    ... okay on input line 229.
LaTeX Font Info:    Checking defaults for OMX/cmex/m/n on input line 229.
LaTeX Font Info:    ... okay on input line 229.
LaTeX Font Info:    Checking defaults for U/cmr/m/n on input line 229.
LaTeX Font Info:    ... okay on input line 229.
LaTeX Font Info:    Checking defaults for PD1/pdf/m/n on input line 229.
LaTeX Font Info:    ... okay on input line 229.
LaTeX Font Info:    Checking defaults for PU/pdf/m/n on input line 229.
LaTeX Font Info:    ... okay on input line 229.

*geometry* driver: auto-detecting
*geometry* detected driver: pdftex
*geometry* verbose mode - [ preamble ] result:
* driver: pdftex
* paper: a4paper
* layout: <same size as paper>
* layoutoffset:(h,v)=(0.0pt,0.0pt)
* modes: 
* h-part:(L,W,R)=(51.21504pt, 495.07779pt, 51.21504pt)
* v-part:(T,H,B)=(51.21504pt, 742.61676pt, 51.21504pt)
* \paperwidth=597.50787pt
* \paperheight=845.04684pt
* \textwidth=495.07779pt
* \textheight=742.61676pt
* \oddsidemargin=-21.05495pt
* \evensidemargin=-21.05495pt
* \topmargin=-68.05495pt
* \headheight=17.0pt
* \headsep=30.0pt
* \topskip=17.0pt
* \footskip=35.0pt
* \marginparwidth=2.0pt
* \marginparsep=12.0pt
* \columnsep=10.0pt
* \skip\footins=14.0pt plus 5.0pt minus 3.0pt
* \hoffset=0.0pt
* \voffset=0.0pt
* \mag=1000
* \@twocolumnfalse
* \@twosidefalse
* \@mparswitchfalse
* \@reversemarginfalse
* (1in=72.27pt=25.4mm, 1cm=28.453pt)


(C:\Users\lenovo\AppData\Local\Programs\MiKTeX\tex/context/base/mkii\supp-pdf.m
kii
[Loading MPS to PDF converter (version 2006.09.02).]
\scratchcounter=\count347
\scratchdimen=\dimen302
\scratchbox=\box70
\nofMPsegments=\count348
\nofMParguments=\count349
\everyMPshowfont=\toks51
\MPscratchCnt=\count350
\MPscratchDim=\dimen303
\MPnumerator=\count351
\makeMPintoPDFobject=\count352
\everyMPtoPDFconversion=\toks52
)
(C:\Users\lenovo\AppData\Local\Programs\MiKTeX\tex/latex/epstopdf-pkg\epstopdf-
base.sty
Package: epstopdf-base 2020-01-24 v2.11 Base part for package epstopdf
Package epstopdf-base Info: Redefining graphics rule for `.eps' on input line 4
85.

(C:\Users\lenovo\AppData\Local\Programs\MiKTeX\tex/latex/00miktex\epstopdf-sys.
cfg
File: epstopdf-sys.cfg 2021/03/18 v2.0 Configuration of epstopdf for MiKTeX
))
Package pgfplots notification 'compat/show suggested version=true': document ha
s been generated with the most recent feature set (\pgfplotsset{compat=1.18}).

Package hyperref Info: Link coloring ON on input line 229.
(main.out) (main.out)
\@outlinefile=\write4
\openout4 = `main.out'.

LaTeX Font Info:    Trying to load font information for U+msa on input line 246
.

(C:\Users\lenovo\AppData\Local\Programs\MiKTeX\tex/latex/amsfonts\umsa.fd
File: umsa.fd 2013/01/14 v3.01 AMS symbols A
)
LaTeX Font Info:    Trying to load font information for U+msb on input line 246
.

(C:\Users\lenovo\AppData\Local\Programs\MiKTeX\tex/latex/amsfonts\umsb.fd
File: umsb.fd 2013/01/14 v3.01 AMS symbols B
)
[1

{C:/Users/lenovo/AppData/Local/MiKTeX/fonts/map/pdftex/pdftex.map}] (main.toc [
1

]
Overfull \hbox (5.13966pt too wide) in paragraph at lines 52--52
 [][] [][][]\OT1/cmr/m/n/17.28 The Cauchy--Green de-for-ma-tion ten-sors and th
e Lagrange-- 
 []

[2]
Overfull \hbox (1.55386pt too wide) in paragraph at lines 80--80
 [][] [][]\OT1/cmr/m/n/17.28 Prob-lem 7: In-vari-ants in terms of prin-ci-pal v
al-ues; Cayley-- 
 []

[3] [4] [5] [6]
Overfull \hbox (1.08827pt too wide) in paragraph at lines 178--178
 [][] [][]\OT1/cmr/m/n/17.28 Prob-lem 11: The tem-per-a-ture field be-tween ro-
tat-ing cylin- 
 []

[7] [8])
\tf@toc=\write5
\openout5 = `main.toc'.

 [9] (body_ch1.tex
Chapter 1.
[1


] [2] [3] [4]
Overfull \hbox (14.22273pt too wide) in paragraph at lines 245--249
\OT1/cmr/m/n/17.28 The ab-stract func-tion $\OML/cmm/m/it/17.28 f$ \OT1/cmr/m/n
/17.28 is now the con-crete op-er-a-tion ``dot with $(3\OML/cmm/m/it/17.28 ; \O
MS/cmsy/m/n/17.28 ^^@\OT1/cmr/m/n/17.28 1\OML/cmm/m/it/17.28 ; \OT1/cmr/m/n/17.
28 2)$''.
 []

[5]

Package hyperref Warning: Token not allowed in a PDF string (Unicode):
(hyperref)                removing `math shift' on input line 302.


Package hyperref Warning: Token not allowed in a PDF string (Unicode):
(hyperref)                removing `superscript' on input line 302.


Package hyperref Warning: Token not allowed in a PDF string (Unicode):
(hyperref)                removing `math shift' on input line 302.

[6{C:/Users/lenovo/AppData/Local/Programs/MiKTeX/fonts/enc/dvips/cm-super/cm-su
per-ts1.enc}] [7]
Overfull \hbox (25.82521pt too wide) in paragraph at lines 400--404
[][]\OT1/cmr/m/sc/17.28 Proposition \OT1/cmr/m/n/17.28 1.28\OT1/cmr/m/sc/17.28 
. []$\OML/cmm/m/it/17.28 "[] [] B \OT1/cmr/m/n/17.28 = \OML/cmm/m/it/17.28 "[]b
[]b[]b[]$\OT1/cmr/m/it/17.28 , hence $\OML/cmm/m/it/17.28 "[]"[] \OT1/cmr/m/n/1
7.28 = [](\OML/cmm/m/it/17.28 ^^N[]\OT1/cmr/m/n/17.28 )$\OT1/cmr/m/it/17.28 ,
 []


Overfull \hbox (2.43642pt too wide) in paragraph at lines 407--413
\OT1/cmr/m/n/17.28 columns, so by Lemma [][]1.25[][] equals $[ []\OML/cmm/m/it/
17.28 x; []y; []z \OT1/cmr/m/n/17.28 ]$ times its value $1$ at $([]\OML/cmm/m/i
t/17.28 e[]; []e[]; []e[]\OT1/cmr/m/n/17.28 )$.
 []

[8]
Overfull \hbox (11.36894pt too wide) in paragraph at lines 435--437
[]\OT1/cmr/m/n/17.28 Contract $\OML/cmm/m/it/17.28 "[]b[]b[]b[] \OT1/cmr/m/n/17
.28 = \OML/cmm/m/it/17.28 "[] [] B$ \OT1/cmr/m/n/17.28 with $\OML/cmm/m/it/17.2
8 "[]$ \OT1/cmr/m/n/17.28 and use $\OML/cmm/m/it/17.28 "[]"[] \OT1/cmr/m/n/17.2
8 =
 []

[9] [10]
Overfull \hbox (4.92224pt too wide) in paragraph at lines 570--571
[][]\OT1/cmr/m/sc/17.28 Theorem \OT1/cmr/m/n/17.28 1.39 (Trans-for-ma-tion law 
for ten-sor com-po-nents)\OT1/cmr/m/sc/17.28 . []\OT1/cmr/m/it/17.28 With $\OML
/cmm/m/it/17.28 a[] \OT1/cmr/m/n/17.28 =
 []

[11]
Overfull \hbox (15.98792pt too wide) in paragraph at lines 593--593
[]\OT1/cmr/bx/n/20.74 Algebraic op-er-a-tions with second-order ten-
 []

[12]
Overfull \hbox (3.4204pt too wide) in paragraph at lines 653--657
 []\OT1/cmr/bx/n/17.28 Orthogonal ten-sors. \OT1/cmr/m/n/17.28 Rigid mo-tions n
ei-ther stretch nor shear a body:
 []


Overfull \hbox (3.19478pt too wide) in paragraph at lines 695--696
[][]\OT1/cmr/m/sc/17.28 Proposition \OT1/cmr/m/n/17.28 1.50 (Well--posed-ness)\
OT1/cmr/m/sc/17.28 . []$\OML/cmm/m/it/17.28 I[]; I[]; I[]$ \OT1/cmr/m/it/17.28 
do not de-pend on $[]\OML/cmm/m/it/17.28 a; []b; []c$\OT1/cmr/m/it/17.28 . 
 []


Overfull \hbox (20.14093pt too wide) in paragraph at lines 699--701
[]\OT1/cmr/m/n/17.28 Each right side is tri-lin-ear and al-ter-nat-ing in $([]\
OML/cmm/m/it/17.28 a; []b; []c\OT1/cmr/m/n/17.28 )$; by Lemma [][]1.25[][]
 []

[13] [14] [15] [16]
Overfull \hbox (15.82913pt too wide) detected at line 920
[][]
 []

[17] [18] [19]
Overfull \hbox (22.92061pt too wide) in paragraph at lines 1063--1064
[][]\OT1/cmr/m/sc/17.28 Corollary \OT1/cmr/m/n/17.28 1.75 (Par-tials as gra-di-
ent com-po-nents)\OT1/cmr/m/sc/17.28 . []\OT1/cmr/m/it/17.28 With $[]\OML/cmm/m
/it/17.28 '\OT1/cmr/m/n/17.28 (\OML/cmm/m/it/17.28 x[]; x[]; x[]\OT1/cmr/m/n/17
.28 ) :=
 []


Overfull \hbox (6.67294pt too wide) in paragraph at lines 1072--1078
\OT1/cmr/m/n/17.28 or-di-nate, so $[]\OML/cmm/m/it/17.28 e[] \OMS/cmsy/m/n/17.2
8 ^^A [] \OML/cmm/m/it/17.28 '[][] \OT1/cmr/m/n/17.28 = [][] [][[]\OML/cmm/m/it
/17.28 '\OT1/cmr/m/n/17.28 ([] \OML/cmm/m/it/17.28 ; x[] \OT1/cmr/m/n/17.28 + \
OML/cmm/m/it/17.28 s; [] \OT1/cmr/m/n/17.28 ) \OMS/cmsy/m/n/17.28 ^^@ []\OML/cm
m/m/it/17.28 '\OT1/cmr/m/n/17.28 ([] \OML/cmm/m/it/17.28 ; x[]; [] \OT1/cmr/m/n
/17.28 )] =
 []

[20] [21] [22] [23] [24] [25] [26]
Overfull \hbox (1.50479pt too wide) in paragraph at lines 1425--1426
[][]\OT1/cmr/m/sc/17.28 Proposition \OT1/cmr/m/n/17.28 1.95 (Prod-uct rule)\OT1
/cmr/m/sc/17.28 . []$[]\OML/cmm/m/it/17.28 u \OMS/cmsy/m/n/17.28 ^^A [] []\OML/
cmm/m/it/17.28 A \OT1/cmr/m/n/17.28 = []([]\OML/cmm/m/it/17.28 A[][]u\OT1/cmr/m
/n/17.28 ) \OMS/cmsy/m/n/17.28 ^^@ []\OT1/cmr/m/n/17.28 [[]\OML/cmm/m/it/17.28 
A[]\OT1/cmr/m/n/17.28 ([] []\OML/cmm/m/it/17.28 u\OT1/cmr/m/n/17.28 )]$\OT1/cmr
/m/it/17.28 .
 []

[27] [28] [29] [30] [31] [32] [33] [34] [35] [36] [37] [38]
Overfull \hbox (15.24869pt too wide) detected at line 2075
\U/msb/m/n/17.28 P[] \OT1/cmr/m/n/17.28 = []\OML/cmm/m/it/17.28 I \OMS/cmsy/m/n
/17.28 ^^@ []\OML/cmm/m/it/17.28 n \OMS/cmsy/m/n/17.28 
 []\OML/cmm/m/it/17.28 n \OMS/cmsy/m/n/17.28 ^^@ []\OML/cmm/m/it/17.28 n \OMS/c
msy/m/n/17.28 
 []\OML/cmm/m/it/17.28 n \OT1/cmr/m/n/17.28 + ([]\OML/cmm/m/it/17.28 n \OMS/cms
y/m/n/17.28 
 []\OML/cmm/m/it/17.28 n\OT1/cmr/m/n/17.28 )[] = []\OML/cmm/m/it/17.28 I \OMS/c
msy/m/n/17.28 ^^@ \OT1/cmr/m/n/17.28 2 []\OML/cmm/m/it/17.28 n \OMS/cmsy/m/n/17
.28 
 []\OML/cmm/m/it/17.28 n \OT1/cmr/m/n/17.28 + ([]\OML/cmm/m/it/17.28 n \OMS/cms
y/m/n/17.28 
 []\OML/cmm/m/it/17.28 n\OT1/cmr/m/n/17.28 )[] [] []\OML/cmm/m/it/17.28 I \OMS/
cmsy/m/n/17.28 ^^@ []\OML/cmm/m/it/17.28 n \OMS/cmsy/m/n/17.28 
 []\OML/cmm/m/it/17.28 n \OT1/cmr/m/n/17.28 = \U/msb/m/n/17.28 P[]\OML/cmm/m/it
/17.28 :
 []

[39] [40]
Overfull \hbox (24.61346pt too wide) detected at line 2247
\OML/cmm/m/it/17.28 I[] \OT1/cmr/m/n/17.28 = [][]\OML/cmm/m/it/17.28 I[] \OMS/c
msy/m/n/17.28 ^^@ []\OT1/cmr/m/n/17.28 (\U/msb/m/n/17.28 R[]\OT1/cmr/m/n/17.28 
)[] = [][]1 \OMS/cmsy/m/n/17.28 ^^@ [] []\OML/cmm/m/it/17.28 I[] \OT1/cmr/m/n/1
7.28 = [][1 \OMS/cmsy/m/n/17.28 ^^@ \OT1/cmr/m/n/17.28 3] = \OMS/cmsy/m/n/17.28
 ^^@\OT1/cmr/m/n/17.28 1\OML/cmm/m/it/17.28 ;  I[] \OT1/cmr/m/n/17.28 = [] \U/m
sb/m/n/17.28 R[] \OT1/cmr/m/n/17.28 = \OMS/cmsy/m/n/17.28 ^^@\OT1/cmr/m/n/17.28
 1\OML/cmm/m/it/17.28 ;
 []

[41]
Overfull \hbox (14.64197pt too wide) detected at line 2253
[]\OT1/cmr/m/n/17.28 (\U/msb/m/n/17.28 R[] \OMS/cmsy/m/n/17.28 ^^@ \OML/cmm/m/i
t/17.28 ^^U[]I\OT1/cmr/m/n/17.28 ) = \OMS/cmsy/m/n/17.28 ^^@\OML/cmm/m/it/17.28
 ^^U[] \OT1/cmr/m/n/17.28 + \OML/cmm/m/it/17.28 I[]^^U[] \OMS/cmsy/m/n/17.28 ^^
@ \OML/cmm/m/it/17.28 I[]^^U \OT1/cmr/m/n/17.28 + \OML/cmm/m/it/17.28 I[] \OT1/
cmr/m/n/17.28 = \OMS/cmsy/m/n/17.28 ^^@\OML/cmm/m/it/17.28 ^^U[] \OT1/cmr/m/n/1
7.28 + \OML/cmm/m/it/17.28 ^^U[] \OT1/cmr/m/n/17.28 + \OML/cmm/m/it/17.28 ^^U \
OMS/cmsy/m/n/17.28 ^^@ \OT1/cmr/m/n/17.28 1 = \OMS/cmsy/m/n/17.28 ^^@\OT1/cmr/m
/n/17.28 (\OML/cmm/m/it/17.28 ^^U \OMS/cmsy/m/n/17.28 ^^@ \OT1/cmr/m/n/17.28 1)
[](\OML/cmm/m/it/17.28 ^^U \OT1/cmr/m/n/17.28 + 1)\OML/cmm/m/it/17.28 ;
 []

[42] [43]
Overfull \hbox (0.87332pt too wide) detected at line 2367
\U/msb/m/n/17.28 R[]\OT1/cmr/m/n/17.28 ([]\OML/cmm/m/it/17.28 e[] \OMS/cmsy/m/n
/17.28 ^^@ []\OML/cmm/m/it/17.28 e[]\OT1/cmr/m/n/17.28 ) = \U/msb/m/n/17.28 R[]
[]\OML/cmm/m/it/17.28 e[] \OMS/cmsy/m/n/17.28 ^^@ \U/msb/m/n/17.28 R[][]\OML/cm
m/m/it/17.28 e[] \OT1/cmr/m/n/17.28 = \OMS/cmsy/m/n/17.28 ^^@[]\OML/cmm/m/it/17
.28 e[] \OMS/cmsy/m/n/17.28 ^^@ \OT1/cmr/m/n/17.28 (\OMS/cmsy/m/n/17.28 ^^@[]\O
ML/cmm/m/it/17.28 e[]\OT1/cmr/m/n/17.28 ) = []\OML/cmm/m/it/17.28 e[] \OMS/cmsy
/m/n/17.28 ^^@ []\OML/cmm/m/it/17.28 e[];  \U/msb/m/n/17.28 R[][]\OML/cmm/m/it/
17.28 e[] \OT1/cmr/m/n/17.28 = []\OML/cmm/m/it/17.28 e[]:
 []


LaTeX Font Warning: Command \footnotesize invalid in math mode on input line 23
75.

[44]
Overfull \hbox (2.93944pt too wide) detected at line 2420
\OT1/cmr/m/n/17.28 [[]\OML/cmm/m/it/17.28 a \OMS/cmsy/m/n/17.28 ^^B \OT1/cmr/m/
n/17.28 ([]\OML/cmm/m/it/17.28 b \OMS/cmsy/m/n/17.28 ^^B []\OML/cmm/m/it/17.28 
c\OT1/cmr/m/n/17.28 )][] = (\OML/cmm/m/it/17.28 ^^N[]^^N[] \OMS/cmsy/m/n/17.28 
^^@ \OML/cmm/m/it/17.28 ^^N[]^^N[]\OT1/cmr/m/n/17.28 )\OML/cmm/m/it/17.28 a[]b[
]c[] \OT1/cmr/m/n/17.28 = \OML/cmm/m/it/17.28 a[]c[] b[] \OMS/cmsy/m/n/17.28 ^^
@ \OML/cmm/m/it/17.28 a[]b[] c[] \OT1/cmr/m/n/17.28 = ([]\OML/cmm/m/it/17.28 a 
\OMS/cmsy/m/n/17.28 ^^A []\OML/cmm/m/it/17.28 c\OT1/cmr/m/n/17.28 )\OML/cmm/m/i
t/17.28 b[] \OMS/cmsy/m/n/17.28 ^^@ \OT1/cmr/m/n/17.28 ([]\OML/cmm/m/it/17.28 a
 \OMS/cmsy/m/n/17.28 ^^A []\OML/cmm/m/it/17.28 b\OT1/cmr/m/n/17.28 )\OML/cmm/m/
it/17.28 c[]:
 []

[45] [46] [47]
Overfull \hbox (0.60855pt too wide) in paragraph at lines 2604--2606
[][]\OT1/cmr/m/sc/17.28 Problem \OT1/cmr/m/n/17.28 15 (Spher-i-cal--de-vi-a-tor
ic de-com-po-si-tion)\OT1/cmr/m/sc/17.28 . []$[]\OML/cmm/m/it/17.28 T \OT1/cmr/
m/n/17.28 = []\OML/cmm/m/it/17.28 A \OT1/cmr/m/n/17.28 + \OML/cmm/m/it/17.28 [
]I$\OT1/cmr/m/n/17.28 , $[] []\OML/cmm/m/it/17.28 A \OT1/cmr/m/n/17.28 =
 []

[48] [49] [50] [51] [52] [53]
Overfull \hbox (25.89316pt too wide) detected at line 2984
[][]
 []

[54]
Overfull \hbox (11.22205pt too wide) in paragraph at lines 3001--3006
\OT1/cmr/m/n/17.28 The right side is ex-actly Def-i-ni-tion [][]1.49[][]$[]$ ev
al-u-ated at $([]\OML/cmm/m/it/17.28 a; []b; []c\OT1/cmr/m/n/17.28 ) = ([]\OML/
cmm/m/it/17.28 e[]; []e[]; []e[]\OT1/cmr/m/n/17.28 )$,
 []

[55] [56]
Overfull \hbox (20.05374pt too wide) detected at line 3127
\OT1/cmr/m/n/17.28 3 [] []\OML/cmm/m/it/17.28 A \OT1/cmr/m/n/17.28 = [] \OML/cm
m/m/it/17.28 "[]"[]A[]A[]A[];  []  [] []A \OT1/cmr/m/n/17.28 = [] \OML/cmm/m/it
/17.28 "[]"[]A[]A[]A[]:
 []

[57] [58]
Overfull \hbox (12.96187pt too wide) detected at line 3218
[][]
 []

[59] [60] [61] [62] [63] [64]
Overfull \hbox (1.98993pt too wide) in paragraph at lines 3614--3619
\OT1/cmr/m/n/17.28 and the com-po-nents sought are $([] \OML/cmm/m/it/17.28 f\O
T1/cmr/m/n/17.28 )[] = \OML/cmm/m/it/17.28 f[]$\OT1/cmr/m/n/17.28 , $([] \OML/c
mm/m/it/17.28 f\OT1/cmr/m/n/17.28 )[] = \OML/cmm/m/it/17.28 f[]=\OT1/cmr/m/n/17
.28 (\OML/cmm/m/it/17.28 r [] '\OT1/cmr/m/n/17.28 )$,
 []

[65] [66]
Overfull \hbox (24.96843pt too wide) detected at line 3707
[] []\OML/cmm/m/it/17.28 v \OT1/cmr/m/n/17.28 = \OML/cmm/m/it/17.28 f[] []e[] \
OMS/cmsy/m/n/17.28 
 []\OML/cmm/m/it/17.28 e[] \OT1/cmr/m/n/17.28 + [] []\OML/cmm/m/it/17.28 e[] \O
MS/cmsy/m/n/17.28 
 []\OML/cmm/m/it/17.28 e[] \OT1/cmr/m/n/17.28 + [] []\OML/cmm/m/it/17.28 e[] \O
MS/cmsy/m/n/17.28 
 []\OML/cmm/m/it/17.28 e[];  [] []v \OT1/cmr/m/n/17.28 = []([] []\OML/cmm/m/it/
17.28 v\OT1/cmr/m/n/17.28 ) = \OML/cmm/m/it/17.28 f[] \OT1/cmr/m/n/17.28 + []\O
ML/cmm/m/it/17.28 :
 []

[67]) (body_ch2.tex [68]
Chapter 2.
[69

] [70] [71] [72] [73] [74] [75] [76] [77]
Overfull \hbox (9.3005pt too wide) detected at line 479
[]\OML/cmm/m/it/17.28 u[] \OT1/cmr/m/n/17.28 = [][][][][]([]\OML/cmm/m/it/17.28
 x; t\OT1/cmr/m/n/17.28 ) = [][][] = []0\OML/cmm/m/it/17.28 ;  [][]u[] \OT1/cmr
/m/n/17.28 = [] = 0\OML/cmm/m/it/17.28 :
 []

[78]
Overfull \hbox (3.12637pt too wide) in paragraph at lines 549--552
[]\OT1/cmr/m/it/17.28 Spatial ac-cel-er-a-tion, di-rectly. \OT1/cmr/m/n/17.28 S
ub-sti-tute [][](2.31)[][] into $[]\OML/cmm/m/it/17.28 a[]$\OT1/cmr/m/n/17.28 :
 $[]\OML/cmm/m/it/17.28 a[] \OT1/cmr/m/n/17.28 = \OML/cmm/m/it/17.28 e[]X[] \OT
1/cmr/m/n/17.28 =
 []

[79] [80]

Package amsmath Warning: Bracket group [(\ba \otimes \bb )(\bc \otimes \bd )] a
t formula start!
(amsmath)                It could be a misspelled positional argument.
(amsmath)                If it belongs to the formula add a \relax in
(amsmath)                front to hide it on input line 650.

[81]
Overfull \hbox (3.06865pt too wide) in paragraph at lines 675--679
\OT1/cmr/m/n/17.28 of fixed ma-te-rial points; at time $\OML/cmm/m/it/17.28 t[]
$ \OT1/cmr/m/n/17.28 it is con-vected to $[]\OML/cmm/m/it/17.28 x[]\OT1/cmr/m/n
/17.28 (\OML/cmm/m/it/17.28 S\OT1/cmr/m/n/17.28 ) = []\OML/cmm/m/it/17.28 ^^_[]
\OT1/cmr/m/n/17.28 ([]\OML/cmm/m/it/17.28 X\OT1/cmr/m/n/17.28 (\OML/cmm/m/it/17
.28 S\OT1/cmr/m/n/17.28 )\OML/cmm/m/it/17.28 ; t[]\OT1/cmr/m/n/17.28 )$
 []

[82] [83] [84] [85] [86] [87] [88] [89]
Overfull \hbox (10.1964pt too wide) in paragraph at lines 1166--1166
[]\OT1/cmr/bx/n/24.88 The Cauchy--Green de-for-ma-tion ten-
 []

[90] [91]
Overfull \hbox (7.49823pt too wide) in paragraph at lines 1250--1254
\OT1/cmr/m/n/17.28 is the \OT1/cmr/m/it/17.28 left Cauchy--Green de-for-ma-tion
 ten-sor\OT1/cmr/m/n/17.28 ; in-deed $[]\OML/cmm/m/it/17.28 B[] \OT1/cmr/m/n/17
.28 = ([]\OML/cmm/m/it/17.28 F[]F[]\OT1/cmr/m/n/17.28 )[] =
 []

[92] [93] [94] [95] [96] [97]
Overfull \hbox (8.24655pt too wide) in paragraph at lines 1580--1584
\OT1/cmr/m/n/17.28 Contract both sides with $\OML/cmm/m/it/17.28 "[]$ \OT1/cmr/
m/n/17.28 (sum over $\OML/cmm/m/it/17.28 B; C$\OT1/cmr/m/n/17.28 ). On the left
, $\OML/cmm/m/it/17.28 "[]"[] \OT1/cmr/m/n/17.28 =
 []

[98] [99] [100] [101] [102]) (body_ch3.tex [103]
Chapter 3.

Overfull \hbox (1.2846pt too wide) in paragraph at lines 7--18
\OT1/cmr/bx/n/20.74 Orientation. \OT1/cmr/m/n/17.28 Chap-ter 2 pro-duced the de
-for-ma-tion gra-di-ent $[]\OML/cmm/m/it/17.28 F$ \OT1/cmr/m/n/17.28 and,
 []

[104

] [105] [106] [107] [108] [109] [110] [111]
Overfull \hbox (22.64226pt too wide) in paragraph at lines 404--404
[]\OT1/cmr/bx/n/24.88 Positive def-i-nite-ness and the ex-tremal
 []

[112] [113] [114] [115] [116] [117] [118] [119] [120] [121]

Package amsmath Warning: Bracket group [(\bR \ba )\otimes (\bR \bb )] at formul
a start!
(amsmath)                It could be a misspelled positional argument.
(amsmath)                If it belongs to the formula add a \relax in
(amsmath)                front to hide it on input line 951.

[122] [123] [124] [125] [126] [127] [128]

LaTeX Font Warning: Font shape `OT1/cmr/m/scit' undefined
(Font)              using `OT1/cmr/m/it' instead on input line 1362.

[129] [130] [131] [132] [133] [134] [135]
Overfull \hbox (11.41866pt too wide) detected at line 1823
[][][][][]
 []

[136] [137] [138] [139] [140] [141]
Overfull \hbox (8.89925pt too wide) in paragraph at lines 2167--2167
[]\OT1/cmr/bx/n/20.74 Radial de-for-ma-tion of a right cir-cu-lar cylin-
 []

[142] [143]
Overfull \hbox (4.49086pt too wide) in paragraph at lines 2300--2304
\OT1/cmr/m/n/17.28 Now in-vert this. The frame $\OMS/cmsy/m/n/17.28 f[][][]\OML
/cmm/m/it/17.28 ; [][][]; [][][]\OMS/cmsy/m/n/17.28 g$ \OT1/cmr/m/n/17.28 is or
-thonor-mal by Lemma [][]3.29[][],
 []

[144] [145] [146] [147] [148] [149] [150] [151] [152] [153] [154] [155]
[156] [157] [158] [159]
Overfull \hbox (13.07413pt too wide) detected at line 3214
[][]
 []

[160] [161] [162] [163] [164] [165] [166] [167] [168] [169] [170] [171]
<sphere_to_ellipsoid.pdf, id=3127, 483.45018pt x 433.82076pt>
File: sphere_to_ellipsoid.pdf Graphic file (type pdf)
<use sphere_to_ellipsoid.pdf>
Package pdftex.def Info: sphere_to_ellipsoid.pdf  used on input line 3836.
(pdftex.def)             Requested size: 495.07779pt x 444.25873pt.

Underfull \hbox (badness 10000) in paragraph at lines 3854--3854
[]\OT1/cmr/m/n/17.28 Figure D: []Property (c) tested nu-mer-i-cally, by the scr
ipt
 []


LaTeX Warning: Float too large for page by 45.00307pt on input line 3856.

[172] [173 <./sphere_to_ellipsoid.pdf>] [174] [175]
Overfull \hbox (4.75151pt too wide) detected at line 3975
\OT1/cmr/m/n/17.28 d[][]\OML/cmm/m/it/17.28 ^^_[]\OT1/cmr/m/n/17.28 ([]\OML/cmm
/m/it/17.28 Y; t\OT1/cmr/m/n/17.28 ) \OMS/cmsy/m/n/17.28 ^^@ []\OML/cmm/m/it/17
.28 ^^_[]\OT1/cmr/m/n/17.28 ([]\OML/cmm/m/it/17.28 X; t\OT1/cmr/m/n/17.28 )[] =
 d[]\OML/cmm/m/it/17.28 ^^_[]\OT1/cmr/m/n/17.28 ([]\OML/cmm/m/it/17.28 Y; t\OT1
/cmr/m/n/17.28 ) \OMS/cmsy/m/n/17.28 ^^@ []\OT1/cmr/m/n/17.28 0 = []\OML/cmm/m/
it/17.28 F\OT1/cmr/m/n/17.28 ([]\OML/cmm/m/it/17.28 Y; t\OT1/cmr/m/n/17.28 ) d[
]\OML/cmm/m/it/17.28 Y;  \OT1/cmr/m/n/17.28 d([]\OML/cmm/m/it/17.28 Y \OMS/cmsy
/m/n/17.28 ^^@ []\OML/cmm/m/it/17.28 X\OT1/cmr/m/n/17.28 ) = d[]\OML/cmm/m/it/1
7.28 Y;
 []

[176] [177] [178] [179] [180] [181] [182] [183] [184] [185] [186] [187]
Overfull \hbox (4.8756pt too wide) detected at line 4705
[][]
 []


Overfull \hbox (9.5608pt too wide) detected at line 4744
[]\OML/cmm/m/it/17.28 F[]M \OT1/cmr/m/n/17.28 = [][][]\OML/cmm/m/it/17.28 F[][]
[] \OT1/cmr/m/n/17.28 + []\OML/cmm/m/it/17.28 F[][][][] \OT1/cmr/m/n/17.28 = []
[][]\OML/cmm/m/it/17.28 e[] \OT1/cmr/m/n/17.28 + []\OML/cmm/m/it/17.28 e[][];  
^^V \OT1/cmr/m/n/17.28 = \OMS/cmsy/m/n/17.28 j[]\OML/cmm/m/it/17.28 F[]M\OMS/cm
sy/m/n/17.28 j \OT1/cmr/m/n/17.28 = [][] = 1\OML/cmm/m/it/17.28 ;
 []

[188] [189] [190]
Overfull \hbox (1.44836pt too wide) in paragraph at lines 4931--4937
[][]\OT1/cmr/m/n/17.28 (3.43)[][], $[]\OML/cmm/m/it/17.28 F \OT1/cmr/m/n/17.28 
= [][] \OML/cmm/m/it/17.28 ^^U[][]v[] \OMS/cmsy/m/n/17.28 
 []\OML/cmm/m/it/17.28 u[]$\OT1/cmr/m/n/17.28 , with or-thonor-mal ref-er-en-ti
al triad $\OMS/cmsy/m/n/17.28 f[][][]\OML/cmm/m/it/17.28 ; [][][]; [][][]\OMS/c
msy/m/n/17.28 g$
 []

[191] [192]
Overfull \hbox (8.08112pt too wide) in paragraph at lines 5053--5056
\OT1/cmr/m/n/17.28 on a two-dimensional space, with spec-tral de-com-po-si-tion
 $[]\OML/cmm/m/it/17.28 A \OT1/cmr/m/n/17.28 = [][] \OML/cmm/m/it/17.28 ^^U[][]
u[] \OMS/cmsy/m/n/17.28 

 []

[193]
Overfull \hbox (13.212pt too wide) detected at line 5130
[][]
 []

[194] [195] [196] [197] [198] [199]) (body_ch4.tex [200]
Chapter 4.

Overfull \hbox (18.12695pt too wide) in paragraph at lines 14--14
[]\OT1/cmr/bx/n/24.88 Velocity gra-di-ent, stretch-ing and spin 
 []

[201

] [202] [203] [204] [205] [206]
Overfull \hbox (1.62396pt too wide) in paragraph at lines 350--352
\OT1/cmr/m/n/17.28 Differentiate $[]\OML/cmm/m/it/17.28 C \OT1/cmr/m/n/17.28 = 
[]\OML/cmm/m/it/17.28 F[][]F$\OT1/cmr/m/n/17.28 , us-ing the prod-uct rule and 
Prob-lem 1(b), $([]\OML/cmm/m/it/17.28 F[]\OT1/cmr/m/n/17.28 )[] =
 []

[207] [208] [209] [210] [211] [212] [213] [214] [215] [216] [217] [218]
[219] [220] [221] [222] [223] [224] [225] [226] [227]
Overfull \hbox (26.44836pt too wide) detected at line 1470
\OT1/cmr/m/n/17.28 (\OML/cmm/m/it/17.28 D[]\OT1/cmr/m/n/17.28 ) = [] \OML/cmm/m
/it/17.28 ;  \OT1/cmr/m/n/17.28 (\OML/cmm/m/it/17.28 W[]\OT1/cmr/m/n/17.28 ) = 
[] \OML/cmm/m/it/17.28 :
 []

[228]
Overfull \hbox (3.7945pt too wide) in paragraph at lines 1554--1557
\OT1/cmr/m/n/17.28 Differentiating the parametri-sa-tion, with $[]\OML/cmm/m/it
/17.28 e[] \OT1/cmr/m/n/17.28 = []\OML/cmm/m/it/17.28 e[]\OT1/cmr/m/n/17.28 (\O
ML/cmm/m/it/17.28 ^^R\OT1/cmr/m/n/17.28 )$ and $[]\OML/cmm/m/it/17.28 e[] \OT1/
cmr/m/n/17.28 = \OMS/cmsy/m/n/17.28 ^^@ [] \OML/cmm/m/it/17.28 ^^^ []e[] \OT1/c
mr/m/n/17.28 +
 []

[229]
Overfull \hbox (14.147pt too wide) detected at line 1588
[][]
 []

[230] [231] [232] [233] [234]
Overfull \hbox (11.31941pt too wide) detected at line 1884
[][] \OT1/cmr/m/n/17.28 = (\OML/cmm/m/it/17.28 rf\OT1/cmr/m/n/17.28 )[] []\OML/
cmm/m/it/17.28 e[];  [][] \OT1/cmr/m/n/17.28 = \OMS/cmsy/m/n/17.28 ^^@\OML/cmm/
m/it/17.28 f []e[];  [] \OT1/cmr/m/n/17.28 
[] = (\OML/cmm/m/it/17.28 rf\OT1/cmr/m/n/17.28 )[] = \OML/cmm/m/it/17.28 f \OT1
/cmr/m/n/17.28 + \OML/cmm/m/it/17.28 rf[];  \OT1/cmr/m/n/17.28 
[] = \OML/cmm/m/it/17.28 f:
 []

) (body_ch5.tex [235] [236]
Chapter 5.

Overfull \hbox (7.11237pt too wide) in paragraph at lines 27--27
[]\OT1/cmr/bx/n/24.88 The di-ver-gence the-o-rem and its vari-
 []

[237

] [238] [239] [240] [241]
Overfull \hbox (14.74864pt too wide) in paragraph at lines 229--236
\OT1/cmr/m/n/17.28 where the mid-dle step is the Piola--Nanson for-mula [][](2.
54)[][], $[]\OML/cmm/m/it/17.28 n \OT1/cmr/m/n/17.28 d\OML/cmm/m/it/17.28 a \OT
1/cmr/m/n/17.28 = []\OML/cmm/m/it/17.28 F[][]N \OT1/cmr/m/n/17.28 d\OML/cmm/m/i
t/17.28 A$\OT1/cmr/m/n/17.28 ,
 []

[242] [243] [244] [245] [246] [247] [248] [249] [250] [251] [252] [253]
[254] [255] [256] [257]
Overfull \hbox (37.87903pt too wide) in paragraph at lines 1040--1048
[][]\OT1/cmr/m/sc/17.28 Remark \OT1/cmr/m/n/17.28 5.13 (a way to re-mem-ber bot
h)\OT1/cmr/m/sc/17.28 . []\OT1/cmr/m/n/17.28 Read [][](5.34)[][] back-wards: $[
][] [] []\OML/cmm/m/it/17.28 a \OT1/cmr/m/n/17.28 d\OML/cmm/m/it/17.28 v$
 []


Overfull \hbox (3.62389pt too wide) in paragraph at lines 1040--1048
\OT1/cmr/m/n/17.28 across $\OML/cmm/m/it/17.28 s$\OT1/cmr/m/n/17.28 . Equiv-a-l
ently, the dis-tri-bu-tional di-ver-gence of a piece-wise smooth
 []

[258] [259] [260] [261]) (body_ch6.tex [262]
Chapter 6.
[263

] [264] [265] [266] [267] [268] [269] [270] [271] [272] [273] [274]
Overfull \hbox (2.65259pt too wide) detected at line 613
[][]
 []

[275]
Overfull \hbox (27.44254pt too wide) in paragraph at lines 676--676
[]\OT1/cmr/bx/n/24.88 Linear and ro-ta-tional mo-menta; forces
 []

[276] [277] [278] [279] [280] [281] [282] [283] [284] [285] [286] [287]
Overfull \hbox (1.50972pt too wide) detected at line 1267
[][][][][]
 []

[288] [289] [290] [291] [292] [293] [294] [295] [296] [297] [298] [299]
[300] [301] [302] [303]
Overfull \hbox (24.24873pt too wide) detected at line 2116
[][][][][]
 []

[304] [305] [306] [307] [308] [309] [310] [311] [312]
Overfull \hbox (21.22232pt too wide) detected at line 2534
[][][][][] \OML/cmm/m/it/17.28 ^^Z\OT1/cmr/m/n/17.28 ([][] \OMS/cmsy/m/n/17.28 
^^@ []\OML/cmm/m/it/17.28 b\OT1/cmr/m/n/17.28 ) d\OML/cmm/m/it/17.28 v \OT1/cmr
/m/n/17.28 = [][] []\OML/cmm/m/it/17.28 t[] \OT1/cmr/m/n/17.28 d\OML/cmm/m/it/1
7.28 a []  [][] ^^Z\OT1/cmr/m/n/17.28 ([][] \OMS/cmsy/m/n/17.28 ^^@ []\OML/cmm/
m/it/17.28 b\OT1/cmr/m/n/17.28 ) d\OML/cmm/m/it/17.28 v \OT1/cmr/m/n/17.28 = []
[] []\OML/cmm/m/it/17.28 t[] \OT1/cmr/m/n/17.28 d\OML/cmm/m/it/17.28 a;
 []

[313] [314] [315] [316]
Overfull \hbox (34.10269pt too wide) detected at line 2806
[][]
 []


Overfull \hbox (22.30605pt too wide) in paragraph at lines 2806--2816
\OT1/cmr/m/n/17.28 the sec-ond line by ex-pand-ing the prod-uct, the third by $
\OML/cmm/m/it/17.28 h[]h[] \OT1/cmr/m/n/17.28 = \OML/cmm/m/it/17.28 ^^N[]=\OT1/
cmr/m/n/17.28 (\OML/cmm/m/it/17.28 m[]m[]\OT1/cmr/m/n/17.28 ) =
 []

[317] [318] [319] [320]
Overfull \hbox (3.88838pt too wide) detected at line 3014
[][][][] \OMS/cmsy/m/n/17.28 ^^T \OML/cmm/m/it/17.28 k[] [] \OT1/cmr/m/n/17.28 
= [] \OML/cmm/m/it/17.28 ^^N;  [] [] [][] t[] \OT1/cmr/m/n/17.28 d\OML/cmm/m/it
/17.28 a \OT1/cmr/m/n/17.28 = \OML/cmm/m/it/17.28 O\OT1/cmr/m/n/17.28 (\OML/cmm
/m/it/17.28 ^^N\OT1/cmr/m/n/17.28 )
 []

[321]
Overfull \hbox (8.15195pt too wide) in paragraph at lines 3083--3090
\OT1/cmr/m/n/17.28 Taking the in-ner prod-uct with $[]\OML/cmm/m/it/17.28 e[]$ 
\OT1/cmr/m/n/17.28 and us-ing or-thonor-mal-ity re-turns [][](6.104)[][].
 []

[322] [323] [324] [325] [326]
Overfull \hbox (3.9203pt too wide) detected at line 3387
\OML/cmm/m/it/17.28 A[] \OT1/cmr/m/n/17.28 = \OML/cmm/m/it/17.28 "[][]x[]T[] \O
T1/cmr/m/n/17.28 + \OML/cmm/m/it/17.28 x[]T[][] \OT1/cmr/m/n/17.28 = \OML/cmm/m
/it/17.28 "[][]^^N[]T[] \OT1/cmr/m/n/17.28 + \OML/cmm/m/it/17.28 x[]T[][] \OT1/
cmr/m/n/17.28 = \OML/cmm/m/it/17.28 "[]T[] \OT1/cmr/m/n/17.28 + \OML/cmm/m/it/1
7.28 "[]x[]T[];
 []

[327] [328] [329] [330] [331] [332]
Overfull \hbox (6.5585pt too wide) in paragraph at lines 3675--3685
[]\OT1/cmr/m/n/17.28 Thus $[]\OML/cmm/m/it/17.28 T\OT1/cmr/m/n/17.28 ([]\OML/cm
m/m/it/17.28 x; t\OT1/cmr/m/n/17.28 )[]\OML/cmm/m/it/17.28 n \OT1/cmr/m/n/17.28
 = \OML/cmm/m/it/17.28 \OT1/cmr/m/n/17.28 ([]\OML/cmm/m/it/17.28 x; t\OT1/cmr/
m/n/17.28 ; []\OML/cmm/m/it/17.28 n\OT1/cmr/m/n/17.28 )[]\OML/cmm/m/it/17.28 e$
\OT1/cmr/m/n/17.28 . Let $\OML/cmm/m/it/17.28 []\OT1/cmr/m/n/17.28 ([]\OML/cmm
/m/it/17.28 x; t\OT1/cmr/m/n/17.28 ; \OMS/cmsy/m/n/17.28 ^^A\OT1/cmr/m/n/17.28 
)$ be an ex-ten-sion of $\OML/cmm/m/it/17.28 \OT1/cmr/m/n/17.28 ([]\OML/cmm/m/
it/17.28 x; t\OT1/cmr/m/n/17.28 ; \OMS/cmsy/m/n/17.28 ^^A\OT1/cmr/m/n/17.28 )$
 []

[333] [334] [335] [336] [337] [338]
Overfull \hbox (19.31593pt too wide) detected at line 3873
[][]
 []

[339] [340]
Underfull \hbox (badness 6758) in paragraph at lines 3954--3954
 []\OT1/cmr/m/sc/14.4 Reader's note \OT1/cmr/m/it/14.4 ([][]\OT1/cmr/m/n/14.4 (
6.143)[][] \OT1/cmr/m/it/14.4 in com-po-nents, and how many con-di-
 []

[341] [342]
Underfull \hbox (badness 3492) in paragraph at lines 4024--4024
 []\OT1/cmr/m/sc/14.4 Reader's note \OT1/cmr/m/it/14.4 (the com-po-nents of [][
]\OT1/cmr/m/n/14.4 (6.146)[][]\OT1/cmr/m/it/14.4 , and the six con-ver-
 []


Overfull \hbox (20.02364pt too wide) detected at line 4024
[][]
 []

[343] [344] [345] [346]
Overfull \hbox (16.91847pt too wide) detected at line 4196
[][][]\OMS/cmsy/m/n/17.28 K\OT1/cmr/m/n/17.28 (\OML/cmm/m/it/17.28 S; t\OT1/cmr
/m/n/17.28 ) = [] [][] \OML/cmm/m/it/17.28 ^^Z[]\OMS/cmsy/m/n/17.28 j[]\OML/cmm
/m/it/17.28 v\OMS/cmsy/m/n/17.28 j[] \OT1/cmr/m/n/17.28 d\OML/cmm/m/it/17.28 V 
[] \OMS/cmsy/m/n/17.28 P\OT1/cmr/m/n/17.28 (\OML/cmm/m/it/17.28 S; t\OT1/cmr/m/
n/17.28 ) = [][] \OML/cmm/m/it/17.28 ^^Z[] []b \OMS/cmsy/m/n/17.28 ^^A []\OML/c
mm/m/it/17.28 v \OT1/cmr/m/n/17.28 d\OML/cmm/m/it/17.28 V \OT1/cmr/m/n/17.28 + 
[][] []\OML/cmm/m/it/17.28 p \OMS/cmsy/m/n/17.28 ^^A []\OML/cmm/m/it/17.28 v \O
T1/cmr/m/n/17.28 d\OML/cmm/m/it/17.28 A;
 []

[347] [348] [349] [350]
Underfull \hbox (badness 1092) in paragraph at lines 4334--4334
 []\OT1/cmr/m/sc/14.4 Reader's note \OT1/cmr/m/it/14.4 (the can-cel-la-tion in 
Re-mark [][]6.34[][], with its hy-pothe-
 []

[351] [352] [353] [354] [355] [356] [357] [358] [359] [360] [361] [362]
[363] [364] [365] [366]
Underfull \hbox (badness 2173) in paragraph at lines 4858--4858
 []\OT1/cmr/m/sc/14.4 Reader's note \OT1/cmr/m/it/14.4 (the re-duc-tion [][]\OT
1/cmr/m/n/14.4 (6.182)[][]$\OMS/cmsy/m/n/14.4 !$[][]\OT1/cmr/m/n/14.4 (6.187)[]
[]\OT1/cmr/m/it/14.4 , and the ref-er-en-tial
 []

[367] [368]
Underfull \hbox (badness 6559) in paragraph at lines 4906--4906
 []\OT1/cmr/m/sc/14.4 Reader's note \OT1/cmr/m/it/14.4 (what [][]\OT1/cmr/m/n/1
4.4 (6.187)[][] \OT1/cmr/m/it/14.4 de-cides: the Coleman--Noll the-o-
 []

[369] [370] [371] [372]
Overfull \hbox (32.51115pt too wide) detected at line 5074
[][]
 []

[373] [374]
Overfull \hbox (37.2751pt too wide) detected at line 5180
\OML/cmm/m/it/17.28 m[] \OT1/cmr/m/n/17.28 = \OML/cmm/m/it/17.28 ^^Z[][]v \OMS/
cmsy/m/n/17.28 ^^A []\OML/cmm/m/it/17.28 n \OMS/cmsy/m/n/17.28 ^^@ \OML/cmm/m/i
t/17.28 u[] \OT1/cmr/m/n/17.28 = \OMS/cmsy/m/n/17.28 ^^@\OML/cmm/m/it/17.28 ^^Z
[]u \OMS/cmsy/m/n/17.28 ^^@ []\OML/cmm/m/it/17.28 v \OMS/cmsy/m/n/17.28 ^^A []\
OML/cmm/m/it/17.28 n[] \OT1/cmr/m/n/17.28 = \OMS/cmsy/m/n/17.28 ^^@\OML/cmm/m/i
t/17.28 ^^Z [] U \OT1/cmr/m/n/17.28 = \OMS/cmsy/m/n/17.28 ^^@[] \OML/cmm/m/it/1
7.28 U \OT1/cmr/m/n/17.28 = \OMS/cmsy/m/n/17.28 ^^@[] \OML/cmm/m/it/17.28 U;
 []

[375] [376] [377] [378] [379] [380] [381] [382] [383]
Overfull \hbox (38.95627pt too wide) detected at line 5674
\OML/cmm/m/it/17.28 ^^W[]^^W[] \OT1/cmr/m/n/17.28 = [][] \OML/cmm/m/it/17.28 ' 
[][] ^^R \OT1/cmr/m/n/17.28 + [][] \OML/cmm/m/it/17.28 ' [][] ^^R \OT1/cmr/m/n/
17.28 + [][] \OML/cmm/m/it/17.28 ' \OT1/cmr/m/n/17.28 = [][] \OML/cmm/m/it/17.2
8 '[] [][] ^^R \OT1/cmr/m/n/17.28 + [][] \OML/cmm/m/it/17.28 ^^R[] \OT1/cmr/m/n
/17.28 + [][] \OML/cmm/m/it/17.28 ' \OT1/cmr/m/n/17.28 = 1\OML/cmm/m/it/17.28 ;

 []


Overfull \hbox (27.16783pt too wide) detected at line 5691
\OML/cmm/m/it/17.28 ^^[ \OT1/cmr/m/n/17.28 = []\OML/cmm/m/it/17.28 n \OMS/cmsy/
m/n/17.28 ^^A []\OML/cmm/m/it/17.28 t \OT1/cmr/m/n/17.28 = [] [] \OML/cmm/m/it/
17.28 ^^W[][]n[][] \OMS/cmsy/m/n/17.28 ^^A [] [] \OML/cmm/m/it/17.28 ^^[[]^^W[]
[]n[][] \OT1/cmr/m/n/17.28 = [] \OML/cmm/m/it/17.28 ^^[[]^^W[];  \OMS/cmsy/m/n/
17.28 j[]\OML/cmm/m/it/17.28 t\OMS/cmsy/m/n/17.28 j[] \OT1/cmr/m/n/17.28 = []\O
ML/cmm/m/it/17.28 t \OMS/cmsy/m/n/17.28 ^^A []\OML/cmm/m/it/17.28 t \OT1/cmr/m/
n/17.28 = [] \OML/cmm/m/it/17.28 ^^[[]^^W[]:
 []

[384] [385] [386]
Overfull \hbox (11.55136pt too wide) detected at line 5853
\OML/cmm/m/it/17.28 w \OT1/cmr/m/n/17.28 = [][]\OML/cmm/m/it/17.28 ;  \OT1/cmr/
m/n/17.28 0\OML/cmm/m/it/17.28 ;  [][];  ^^W[] \OT1/cmr/m/n/17.28 = \OMS/cmsy/m
/n/17.28 ^^F[]\OML/cmm/m/it/17.28 ;   ^^W[] \OT1/cmr/m/n/17.28 = 0\OML/cmm/m/it
/17.28 ;   ^^W[] \OT1/cmr/m/n/17.28 = \OMS/cmsy/m/n/17.28 ^^F[]\OML/cmm/m/it/17
.28 ;  []n \OT1/cmr/m/n/17.28 = [][][]\OML/cmm/m/it/17.28 n[] \OMS/cmsy/m/n/17.
28 ^^F []\OML/cmm/m/it/17.28 n[][] \OT1/cmr/m/n/17.28 :
 []

[387]
Overfull \hbox (31.94612pt too wide) detected at line 5911
[][]
 []

[388] [389]
Underfull \hbox (badness 1102) in paragraph at lines 5988--5988
 \OT1/cmr/m/n/14.4 and $(\OML/cmm/m/it/14.4 P[]; P[]; P[]\OT1/cmr/m/n/14.4 )$ i
s the $\OML/cmm/m/it/14.4 A$\OT1/cmr/m/n/14.4 th \OT1/cmr/m/it/14.4 col-umn\OT1
/cmr/m/n/14.4 , the first in-dex be-ing the row
 []


Overfull \hbox (16.79822pt too wide) detected at line 6007
[]\OML/cmm/m/it/17.28 p[] \OT1/cmr/m/n/17.28 = \OML/cmm/m/it/17.28 a[]e[] \OT1/
cmr/m/n/17.28 + 10[]\OML/cmm/m/it/17.28 e[] \OT1/cmr/m/n/17.28 + 0[]\OML/cmm/m/
it/17.28 e[];  []p[] \OT1/cmr/m/n/17.28 = 0[]\OML/cmm/m/it/17.28 e[] \OT1/cmr/m
/n/17.28 + 3[]\OML/cmm/m/it/17.28 e[] \OT1/cmr/m/n/17.28 + (\OML/cmm/m/it/17.28
 b \OMS/cmsy/m/n/17.28 ^^@ \OT1/cmr/m/n/17.28 6)[]\OML/cmm/m/it/17.28 e[];  []p
[] \OT1/cmr/m/n/17.28 = 0[]\OML/cmm/m/it/17.28 e[] \OT1/cmr/m/n/17.28 + \OML/cm
m/m/it/17.28 c []e[] \OT1/cmr/m/n/17.28 + 3[]\OML/cmm/m/it/17.28 e[];
 []

[390] [391] [392]
Overfull \hbox (9.12505pt too wide) detected at line 6171
[]\OML/cmm/m/it/17.28 T[]e[] \OT1/cmr/m/n/17.28 = \OML/cmm/m/it/17.28 ^^\[]e[] 
\OT1/cmr/m/n/17.28 = (0\OML/cmm/m/it/17.28 ; ^^\; \OT1/cmr/m/n/17.28 0)\OML/cmm
/m/it/17.28 ;  []T[]e[] \OT1/cmr/m/n/17.28 = \OML/cmm/m/it/17.28 ^^\[]e[] \OT1/
cmr/m/n/17.28 = (\OML/cmm/m/it/17.28 ^^\; \OT1/cmr/m/n/17.28 0\OML/cmm/m/it/17.
28 ; \OT1/cmr/m/n/17.28 0)\OML/cmm/m/it/17.28 ;  []T[]e[] \OT1/cmr/m/n/17.28 = 
[]0 = (0\OML/cmm/m/it/17.28 ; \OT1/cmr/m/n/17.28 0\OML/cmm/m/it/17.28 ; \OT1/cm
r/m/n/17.28 0)\OML/cmm/m/it/17.28 ;
 []

[393] [394]
Overfull \hbox (16.72244pt too wide) in paragraph at lines 6226--6231
\OT1/cmr/m/n/17.28 entry by en-try: $\OML/cmm/m/it/17.28 a[]a[]a[]=a[] \OT1/cmr
/m/n/17.28 = \OML/cmm/m/it/17.28 a[]a[]$\OT1/cmr/m/n/17.28 ; $\OML/cmm/m/it/17.
28 a[]a[]a[] \OMS/cmsy/m/n/17.28 ^^A \OT1/cmr/m/n/17.28 (\OMS/cmsy/m/n/17.28 ^^
@\OML/cmm/m/it/17.28 b=a[]\OT1/cmr/m/n/17.28 ) = \OMS/cmsy/m/n/17.28 ^^@\OML/cm
m/m/it/17.28 a[]a[]b$\OT1/cmr/m/n/17.28 ; $\OML/cmm/m/it/17.28 a[]a[]a[]=a[] \O
T1/cmr/m/n/17.28 =
 []

[395] [396]
Overfull \hbox (31.30437pt too wide) in paragraph at lines 6340--6347
\OT1/cmr/m/n/17.28 so that $[]\OML/cmm/m/it/17.28 F[][]F[][][] \OT1/cmr/m/n/17.
28 = []\OML/cmm/m/it/17.28 F[]J[]F[][] \OT1/cmr/m/n/17.28 = \OML/cmm/m/it/17.28
 J[]F[]F[] \OT1/cmr/m/n/17.28 = \OML/cmm/m/it/17.28 J[]I$\OT1/cmr/m/n/17.28 . I
n com-po-nents, $[][]\OML/cmm/m/it/17.28 F\OT1/cmr/m/n/17.28 ([]\OML/cmm/m/it/1
7.28 F[]\OT1/cmr/m/n/17.28 )[][][] =
 []

[397] [398]
Overfull \hbox (20.74077pt too wide) detected at line 6424
[][] \OML/cmm/m/it/17.28 J [] []q \OT1/cmr/m/n/17.28 d\OML/cmm/m/it/17.28 V \OT
1/cmr/m/n/17.28 = [][] [] []\OML/cmm/m/it/17.28 q \OT1/cmr/m/n/17.28 d\OML/cmm/
m/it/17.28 v \OT1/cmr/m/n/17.28 = [][] []\OML/cmm/m/it/17.28 q \OMS/cmsy/m/n/17
.28 ^^A []\OML/cmm/m/it/17.28 n \OT1/cmr/m/n/17.28 d\OML/cmm/m/it/17.28 a \OT1/
cmr/m/n/17.28 = [][] []\OML/cmm/m/it/17.28 q[] \OMS/cmsy/m/n/17.28 ^^A []\OML/c
mm/m/it/17.28 N \OT1/cmr/m/n/17.28 d\OML/cmm/m/it/17.28 A \OT1/cmr/m/n/17.28 = 
[][] [] []\OML/cmm/m/it/17.28 q[] \OT1/cmr/m/n/17.28 d\OML/cmm/m/it/17.28 V;
 []

[399] [400] [401] [402]
Overfull \hbox (1.97922pt too wide) in paragraph at lines 6650--6662
\OT1/cmr/m/n/17.28 (b) Ap-ply the global ro-ta-tional mo-men-tum bal-ance to sh
ow that $\OML/cmm/m/it/17.28 e[][]T[] \OT1/cmr/m/n/17.28 =
 []

[403] [404]
Overfull \hbox (8.19495pt too wide) in paragraph at lines 6747--6751
\OT1/cmr/m/n/17.28 the last step by [][](6.40)[][], whose third com-po-nent rea
ds $\OML/cmm/m/it/17.28 m\OT1/cmr/m/n/17.28 (\OML/cmm/m/it/17.28 S\OT1/cmr/m/n/
17.28 )[]\OML/cmm/m/it/17.28 x[] \OT1/cmr/m/n/17.28 = [][] \OML/cmm/m/it/17.28 
^^Zx[] \OT1/cmr/m/n/17.28 d\OML/cmm/m/it/17.28 v$\OT1/cmr/m/n/17.28 .
 []

[405] [406] [407]
Overfull \hbox (3.8877pt too wide) in paragraph at lines 6902--6905
\OT1/cmr/m/n/17.28 which is the con-di-tion be-long-ing to the me-chan-i-cal en
-ergy bal-ance [][](6.150)[][]. 
 []

[408] [409]
Overfull \hbox (22.95107pt too wide) in paragraph at lines 7047--7050
\OT1/cmr/m/n/17.28 the penul-ti-mate equal-ity be-cause $[] []\OML/cmm/m/it/17.
28 X \OT1/cmr/m/n/17.28 = [] []\OML/cmm/m/it/17.28 X[]$ \OT1/cmr/m/n/17.28 and 
$([]\OML/cmm/m/it/17.28 R[][]P\OT1/cmr/m/n/17.28 )[] = []\OML/cmm/m/it/17.28 P[
]\OT1/cmr/m/n/17.28 ([]\OML/cmm/m/it/17.28 R[]\OT1/cmr/m/n/17.28 )[] =
 []

[410] [411]
Overfull \hbox (13.29573pt too wide) detected at line 7150
[][]
 []


Overfull \hbox (15.11977pt too wide) detected at line 7159
[][]\OT1/cmr/m/n/17.28 ^^F + []\OML/cmm/m/it/17.28 W[][][]V \OT1/cmr/m/n/17.28 
= []\OML/cmm/m/it/17.28 V[][]\OT1/cmr/m/n/17.28 ^^F \OMS/cmsy/m/n/17.28 ^^@ []\
OML/cmm/m/it/17.28 W[][];  [] []\OT1/cmr/m/n/17.28 ^^F[]\OML/cmm/m/it/17.28 V \
OMS/cmsy/m/n/17.28 ^^@ []\OML/cmm/m/it/17.28 V[]\OT1/cmr/m/n/17.28 ^^F + []\OML
/cmm/m/it/17.28 V[]W[] \OT1/cmr/m/n/17.28 + []\OML/cmm/m/it/17.28 W[][]V \OT1/c
mr/m/n/17.28 = []\OML/cmm/m/it/17.28 O;
 []

[412]) (body_ch7.tex [413]
Chapter 7.
[414

] [415] [416] [417] [418] [419] [420] [421] [422] [423] [424]
Overfull \hbox (2.42148pt too wide) in paragraph at lines 567--571
[]\OT1/cmr/m/it/17.28 An in-vari-ant scalar built from one ob-jec-tive and one 
non-objective
 []

[425] [426] [427] [428] [429] [430] [431]
Overfull \hbox (13.84227pt too wide) in paragraph at lines 979--986
[][]\OT1/cmr/m/sc/17.28 Remark \OT1/cmr/m/n/17.28 7.13 (what a Galilean trans-f
or-ma-tion does and does not change)\OT1/cmr/m/sc/17.28 .
 []

[432] [433]
Overfull \hbox (23.43694pt too wide) in paragraph at lines 1157--1157
[]\OT1/cmr/bx/n/24.88 Transformation of kine-matic vari-ables 
 []


Overfull \hbox (4.68256pt too wide) in paragraph at lines 1169--1174
\OT1/cmr/m/n/17.28 where $[]\OML/cmm/m/it/17.28 ^^_[]\OT1/cmr/m/n/17.28 ([]\OML
/cmm/m/it/17.28 X; t\OT1/cmr/m/n/17.28 ) = []\OML/cmm/m/it/17.28 ^^_\OT1/cmr/m/
n/17.28 (\OML/cmm/m/it/17.28 ^^T[]\OT1/cmr/m/n/17.28 ([]\OML/cmm/m/it/17.28 X\O
T1/cmr/m/n/17.28 )\OML/cmm/m/it/17.28 ; t\OT1/cmr/m/n/17.28 )$ and $[]\OML/cmm/
m/it/17.28 ^^_[]\OT1/cmr/m/n/17.28 ([]\OML/cmm/m/it/17.28 X[]; t[]\OT1/cmr/m/n/
17.28 ) = []\OML/cmm/m/it/17.28 ^^_[]\OT1/cmr/m/n/17.28 ((\OML/cmm/m/it/17.28 ^
^T[]\OT1/cmr/m/n/17.28 )[]([]\OML/cmm/m/it/17.28 X[]\OT1/cmr/m/n/17.28 )\OML/cm
m/m/it/17.28 ; t[]\OT1/cmr/m/n/17.28 )$,
 []

[434] [435] [436] [437]
Overfull \hbox (26.07217pt too wide) detected at line 1322
\OT1/cmr/m/n/17.28 ([]1[])[][]\OML/cmm/m/it/17.28 Q\OT1/cmr/m/n/17.28 (\OML/cmm
/m/it/17.28 t[]\OT1/cmr/m/n/17.28 )[]1 = [][]\OML/cmm/m/it/17.28 Q\OT1/cmr/m/n/
17.28 (\OML/cmm/m/it/17.28 t[]\OT1/cmr/m/n/17.28 )[]1[]\OML/cmm/m/it/17.28 K[][
][][]Q\OT1/cmr/m/n/17.28 (\OML/cmm/m/it/17.28 t[]\OT1/cmr/m/n/17.28 )[]1 = []\O
ML/cmm/m/it/17.28 K[]\OT1/cmr/m/n/17.28 1[][]\OML/cmm/m/it/17.28 Q[]\OT1/cmr/m/
n/17.28 (\OML/cmm/m/it/17.28 t[]\OT1/cmr/m/n/17.28 )[]\OML/cmm/m/it/17.28 Q\OT1
/cmr/m/n/17.28 (\OML/cmm/m/it/17.28 t[]\OT1/cmr/m/n/17.28 )[]1 = []\OML/cmm/m/i
t/17.28 K[]\OT1/cmr/m/n/17.28 1[][]1 = []\OML/cmm/m/it/17.28 K[][] \OT1/cmr/m/n
/17.28 = []\OML/cmm/m/it/17.28 K:
 []


Overfull \hbox (27.95874pt too wide) in paragraph at lines 1322--1329
\OT1/cmr/m/n/17.28 ence con-fig-u-ra-tions: by [][](7.17)[][] and [][](2.79)[][
], $[]\OML/cmm/m/it/17.28 F[]\OT1/cmr/m/n/17.28 ([]\OML/cmm/m/it/17.28 X[]; t[]
\OT1/cmr/m/n/17.28 ) = []\OML/cmm/m/it/17.28 Q\OT1/cmr/m/n/17.28 (\OML/cmm/m/it
/17.28 t[]\OT1/cmr/m/n/17.28 )[]\OML/cmm/m/it/17.28 F\OT1/cmr/m/n/17.28 ([]\OML
/cmm/m/it/17.28 X; t[]\OT1/cmr/m/n/17.28 )[]\OML/cmm/m/it/17.28 K[] \OT1/cmr/m/
n/17.28 =
 []

[438] [439] [440] [441] [442] [443] [444] [445] [446] [447] [448] [449]
Overfull \hbox (18.16658pt too wide) detected at line 2016
[][][][][]
 []

[450] [451] [452] [453] [454] [455] [456] [457] [458]
Overfull \hbox (21.10187pt too wide) detected at line 2480
[]\OML/cmm/m/it/17.28 S[] \OT1/cmr/m/n/17.28 = ([]\OML/cmm/m/it/17.28 F[]\OT1/c
mr/m/n/17.28 )[][]\OML/cmm/m/it/17.28 P[] \OT1/cmr/m/n/17.28 = [][]\OML/cmm/m/i
t/17.28 K[]F[][]Q[][][][]Q[]P[]K[][] \OT1/cmr/m/n/17.28 = []\OML/cmm/m/it/17.28
 K[]F[] []I []P[]K[] \OT1/cmr/m/n/17.28 = []\OML/cmm/m/it/17.28 K[][]F[][]P[][]
K[];
 []

[459] [460] [461] [462] [463]
Overfull \hbox (18.30293pt too wide) in paragraph at lines 2785--2789
[]\OT1/cmr/m/n/17.28 They do, and the rea-son is the com-po-nent iden-tity be-h
ind Re-mark [][]1.106[][]:
 []

[464] [465]
Overfull \hbox (36.89833pt too wide) detected at line 2894
[][][][][] []\OML/cmm/m/it/17.28 v[] \OT1/cmr/m/n/17.28 = [] []\OML/cmm/m/it/17
.28 L[] \OT1/cmr/m/n/17.28 = [] [][]\OML/cmm/m/it/17.28 Q[]L[]Q[] \OT1/cmr/m/n/
17.28 + []
[] = [] [][]\OML/cmm/m/it/17.28 Q[]L[]Q[][] \OT1/cmr/m/n/17.28 = [] [][]\OML/cm
m/m/it/17.28 Q[][]Q[]L[] \OT1/cmr/m/n/17.28 = [] []\OML/cmm/m/it/17.28 L \OT1/c
mr/m/n/17.28 = [] []\OML/cmm/m/it/17.28 v;
 []

[466] [467] [468] [469] [470] [471] [472]
Overfull \hbox (36.25967pt too wide) detected at line 3302
[]\OT1/cmr/m/n/17.28 
[] = [][][][]\OML/cmm/m/it/17.28 Q[][][] \OT1/cmr/m/n/17.28 = [][][][][]\OML/cm
m/m/it/17.28 Q \OT1/cmr/m/n/17.28 + []\OML/cmm/m/it/17.28 Q[][][][][]Q[]\OT1/cm
r/m/n/17.28 ([]\OML/cmm/m/it/17.28 Q[]\OT1/cmr/m/n/17.28 )[] = [][][]([]\OML/cm
m/m/it/17.28 Q[]\OT1/cmr/m/n/17.28 )[] + []\OML/cmm/m/it/17.28 Q[][][][][]Q[][]
\OT1/cmr/m/n/17.28 ([]\OML/cmm/m/it/17.28 Q[]\OT1/cmr/m/n/17.28 )[]\OML/cmm/m/i
t/17.28 ;
 []

[473] [474] [475] [476] [477] [478] [479]
Overfull \hbox (34.48212pt too wide) detected at line 3660
[]
 []


Overfull \hbox (46.01959pt too wide) detected at line 3677
[]
 []


Overfull \hbox (18.38673pt too wide) detected at line 3686
[]
 []

[480]
Overfull \hbox (7.87581pt too wide) detected at line 3710
[]
 []


Overfull \hbox (46.5396pt too wide) detected at line 3760
[]
 []

[481] [482]
Overfull \hbox (2.11201pt too wide) detected at line 3864
[]
 []

(fig_ch7_planet.tex) (fig_ch7_planet3d.tex)) (body_ch8.tex [483] [484] [485]
Chapter 8.
[486

] [487] [488]
Overfull \hbox (3.30095pt too wide) in paragraph at lines 115--124
\OT1/cmr/m/n/17.28 deemed sen-si-tive are taken to con-sist of the cur-rent de-
for-ma-tion $[]\OML/cmm/m/it/17.28 ^^_[]\OT1/cmr/m/n/17.28 ([]\OML/cmm/m/it/17.
28 X[]; t\OT1/cmr/m/n/17.28 )$,
 []


Overfull \hbox (6.78159pt too wide) in paragraph at lines 115--124
\OT1/cmr/m/n/17.28 the cur-rent ma-te-rial ve-loc-ity $[][]([]\OML/cmm/m/it/17.
28 X[]; t\OT1/cmr/m/n/17.28 )$ and the cur-rent tem-per-a-ture $[]\OML/cmm/m/it
/17.28 ^^R\OT1/cmr/m/n/17.28 ([]\OML/cmm/m/it/17.28 X[]; t\OT1/cmr/m/n/17.28 )$

 []


Overfull \hbox (4.22003pt too wide) in paragraph at lines 149--156
[]\OT1/cmr/m/n/17.28 The sec-ond line has co-ef-fi-cient $[] [][]$, and [][](4.
2)[][] showed that $[] [][] =
 []

[489] [490] [491]
Overfull \hbox (14.44508pt too wide) in paragraph at lines 289--296
[]\OT1/cmr/m/n/17.28 Since $[]\OML/cmm/m/it/17.28 F$ \OT1/cmr/m/n/17.28 is in-v
ert-ible, [][](8.6)[][] may be read ei-ther way, $[] []\OML/cmm/m/it/17.28 ^^R 
\OT1/cmr/m/n/17.28 = []\OML/cmm/m/it/17.28 F[] [] []^^R$\OT1/cmr/m/n/17.28 ,
 []

[492] [493]
Overfull \hbox (23.31317pt too wide) in paragraph at lines 364--364
[]\OT1/cmr/bx/n/24.88 Change of ref-er-ence con-fig-u-ra-tion and
 []

[494] [495] [496] [497] [498] [499] [500] [501] [502] [503] [504] [505]
[506] [507] [508] [509] [510]
Overfull \hbox (38.28844pt too wide) detected at line 1326
[]\OML/cmm/m/it/17.28 K[][][]K[] \OMS/cmsy/m/n/17.28 G[] []\OML/cmm/m/it/17.28 
K[][][]K[] \OT1/cmr/m/n/17.28 = ([]\OML/cmm/m/it/17.28 K[][]K[]\OT1/cmr/m/n/17.
28 ) \OMS/cmsy/m/n/17.28 G[] \OT1/cmr/m/n/17.28 ([]\OML/cmm/m/it/17.28 K[][]K[]
\OT1/cmr/m/n/17.28 )[] = []\OML/cmm/m/it/17.28 K[] \OMS/cmsy/m/n/17.28 G[] []\O
ML/cmm/m/it/17.28 K[];
 []

[511] [512]
Overfull \hbox (0.1281pt too wide) detected at line 1420
\OMS/cmsy/m/n/17.28 G[] \OT1/cmr/m/n/17.28 = \OMS/cmsy/m/n/17.28 f[][]\OML/cmm/
m/it/17.28 ; []R; []R[]; []R[]\OMS/cmsy/m/n/17.28 g\OML/cmm/m/it/17.28 ;  []R[]
[][] \OT1/cmr/m/n/17.28 = [][][]\OML/cmm/m/it/17.28 ;  []R[][][] \OT1/cmr/m/n/1
7.28 = \OMS/cmsy/m/n/17.28 ^^@[][][]\OML/cmm/m/it/17.28 ;  []R[][][] \OT1/cmr/m
/n/17.28 = [][][]\OML/cmm/m/it/17.28 ;
 []

[513]
Overfull \hbox (15.78381pt too wide) detected at line 1459
\OT1/cmr/m/n/17.28 [[]\OML/cmm/m/it/17.28 H\OT1/cmr/m/n/17.28 ] := [[]\OML/cmm/
m/it/17.28 K\OT1/cmr/m/n/17.28 ][[]\OML/cmm/m/it/17.28 R\OT1/cmr/m/n/17.28 ][[]
\OML/cmm/m/it/17.28 K[]\OT1/cmr/m/n/17.28 ] = [] [] = [] \OML/cmm/m/it/17.28 :
 []

[514]
Overfull \hbox (16.62082pt too wide) detected at line 1507
[]\OML/cmm/m/it/17.28 H\OT1/cmr/m/n/17.28 (\OML/cmm/m/it/17.28 [][][]\OT1/cmr/
m/n/17.28 ) = \OML/cmm/m/it/17.28  \OMS/cmsy/m/n/17.28 ^^A \OML/cmm/m/it/17.28
 [][][][] \OT1/cmr/m/n/17.28 = \OML/cmm/m/it/17.28 [][][][];  []H\OT1/cmr/m/n
/17.28 (\OML/cmm/m/it/17.28 [][][][]\OT1/cmr/m/n/17.28 ) = \OML/cmm/m/it/17.28
 [] \OMS/cmsy/m/n/17.28 ^^A \OT1/cmr/m/n/17.28 (\OMS/cmsy/m/n/17.28 ^^@\OML/cm
m/m/it/17.28 []\OT1/cmr/m/n/17.28 )[][][] = \OMS/cmsy/m/n/17.28 ^^@\OML/cmm/m/
it/17.28 [][][]:
 []

[515]
Overfull \hbox (15.58145pt too wide) in paragraph at lines 1549--1556
$\OML/cmm/m/it/17.28 U$ \OT1/cmr/bx/n/17.28 is pre-served. \OT1/cmr/m/n/17.28 S
up-pose $\OMS/cmsy/m/n/17.28 G[] \OT1/cmr/m/n/17.28 = \OML/cmm/m/it/17.28 U$\OT
1/cmr/m/n/17.28 . Ev-ery $[]\OML/cmm/m/it/17.28 R \OMS/cmsy/m/n/17.28 2 \OML/cm
m/m/it/17.28 U$ \OT1/cmr/m/n/17.28 has $[]([]\OML/cmm/m/it/17.28 K[]R[]K[]\OT1/
cmr/m/n/17.28 ) =
 []

[516] [517] [518]
Overfull \hbox (34.46906pt too wide) detected at line 1717
[][][][][]
 []


Overfull \hbox (8.86752pt too wide) detected at line 1738
[][][][][][][][]\OML/cmm/m/it/17.28 x[]; []v[]; ^^R[]; []F[]; []L[]; [][] ^^R[]
\OT1/cmr/m/n/17.28 ; []\OML/cmm/m/it/17.28 X[][] \OT1/cmr/m/n/17.28 = []\OML/cm
m/m/it/17.28 Q [][][]\OT1/cmr/m/n/17.28 ([]\OML/cmm/m/it/17.28 x; []v; ^^R; []F
[]; []L; [] ^^R\OT1/cmr/m/n/17.28 ; []\OML/cmm/m/it/17.28 X\OT1/cmr/m/n/17.28 )
\OML/cmm/m/it/17.28 ;
 []

[519] [520] [521] [522] [523] [524]) (body_ch9.tex [525] [526]
Chapter 9.
[527

] [528] [529] [530] [531] [532]
Overfull \hbox (19.49745pt too wide) in paragraph at lines 362--366
\OT1/cmr/m/n/17.28 Straightforward ma-nip-u-la-tions mak-ing use of [][](9.6)[]
[] to [][](9.8)[][] ex-press $[]\OML/cmm/m/it/17.28 x[]; []v[]; []L[]$
 []

[533] [534] [535] [536] [537]
Overfull \hbox (5.19205pt too wide) in paragraph at lines 590--595
\OT1/cmr/m/n/17.28 The brack-eted ten-sor sim-pli-fies. Dif-fer-en-ti-at-ing $[
]\OML/cmm/m/it/17.28 Q[][]Q[] \OT1/cmr/m/n/17.28 = []\OML/cmm/m/it/17.28 I[]$ \
OT1/cmr/m/n/17.28 gives $[][][][]\OML/cmm/m/it/17.28 Q[] \OT1/cmr/m/n/17.28 =
 []

[538] [539] [540] [541]
Overfull \hbox (17.00334pt too wide) in paragraph at lines 822--822
[]\OT1/cmr/bx/n/20.74 Isotropic sym-met-ric tensor-valued func-tions
 []

[542] [543]
Overfull \hbox (10.36655pt too wide) in paragraph at lines 918--922
\OML/cmm/m/it/17.28 '\OT1/cmr/m/n/17.28 ([]\OML/cmm/m/it/17.28 D\OT1/cmr/m/n/17
.28 )$. We show that it is nec-es-sary and suf-fi-cient that $\OML/cmm/m/it/17.
28 '\OT1/cmr/m/n/17.28 ([]\OML/cmm/m/it/17.28 D\OT1/cmr/m/n/17.28 ) = []\OML/cm
m/m/it/17.28 '\OT1/cmr/m/n/17.28 (\OML/cmm/m/it/17.28 I[]; I[]; I[]\OT1/cmr/m/n
/17.28 )$
 []

[544]
Overfull \hbox (29.74373pt too wide) detected at line 976
[][][][]\OML/cmm/m/it/17.28 B[][][][] \OT1/cmr/m/n/17.28 = [] [] \OML/cmm/m/it/
17.28 ^^U[][]u[] \OMS/cmsy/m/n/17.28 
 []\OML/cmm/m/it/17.28 v[][]\OT1/cmr/m/n/17.28 ([]\OML/cmm/m/it/17.28 v[] \OMS/
cmsy/m/n/17.28 
 []\OML/cmm/m/it/17.28 u[]\OT1/cmr/m/n/17.28 ) = [] \OML/cmm/m/it/17.28 ^^U[]^^
N[] []u[] \OMS/cmsy/m/n/17.28 
 []\OML/cmm/m/it/17.28 u[] \OT1/cmr/m/n/17.28 = [] \OML/cmm/m/it/17.28 ^^U[] []
u[] \OMS/cmsy/m/n/17.28 
 []\OML/cmm/m/it/17.28 u[] \OT1/cmr/m/n/17.28 = []\OML/cmm/m/it/17.28 A:
 []


Overfull \hbox (3.76129pt too wide) detected at line 995
[][]
 []

[545] [546] [547] [548] [549] [550] [551] [552] [553] [554] [555] [556]
[557] [558] [559] [560] [561] [562] [563] [564] [565]
Overfull \hbox (8.59753pt too wide) in paragraph at lines 2087--2096
\OT1/cmr/m/n/17.28 tions in the proofs of Sec-tion [][]9.1.1[][] and of this se
c-tion were called $\OML/cmm/m/it/17.28  [];  [];  []$\OT1/cmr/m/n/17.28 ,
 []

[566] [567]
Overfull \hbox (15.48793pt too wide) in paragraph at lines 2208--2211
[]\OT1/cmr/m/n/17.28 At any fixed in-stant, $\OML/cmm/m/it/17.28 t[]$ \OT1/cmr/
m/n/17.28 say, the lists $\OMS/cmsy/m/n/17.28 f\OML/cmm/m/it/17.28 ^^R; []D; []
 ^^R\OMS/cmsy/m/n/17.28 g$ \OT1/cmr/m/n/17.28 and $\OMS/cmsy/m/n/17.28 f[]\OML/
cmm/m/it/17.28 ^^R; [][]; \OT1/cmr/m/n/17.28 ([] \OML/cmm/m/it/17.28 ^^R\OT1/cm
r/m/n/17.28 )[]\OMS/cmsy/m/n/17.28 g$
 []

[568] [569] [570] [571] [572] [573] [574] [575]
Overfull \hbox (38.77875pt too wide) detected at line 2618
\OMS/cmsy/m/n/17.28 ^^@\OML/cmm/m/it/17.28 ^^R[][]q \OMS/cmsy/m/n/17.28 ^^A [] 
\OML/cmm/m/it/17.28 ^^R \OMS/cmsy/m/n/17.28 ^^U \OT1/cmr/m/n/17.28 0\OML/cmm/m/
it/17.28 ;  []  \OMS/cmsy/m/n/17.28 ^^@ \OML/cmm/m/it/17.28 ^^R[]K  [] ^^R \OMS
/cmsy/m/n/17.28 ^^A [] \OML/cmm/m/it/17.28 ^^R \OT1/cmr/m/n/17.28 = \OMS/cmsy/m
/n/17.28 ^^@\OML/cmm/m/it/17.28 ^^R[]K\OMS/cmsy/m/n/17.28 j [] \OML/cmm/m/it/17
.28 ^^R\OMS/cmsy/m/n/17.28 j[] ^^U \OT1/cmr/m/n/17.28 0\OML/cmm/m/it/17.28 :
 []

[576] [577]
Overfull \hbox (5.6675pt too wide) detected at line 2711
[]\OML/cmm/m/it/17.28 T \OMS/cmsy/m/n/17.28 ^^A []\OML/cmm/m/it/17.28 D \OT1/cm
r/m/n/17.28 = [] [] []\OML/cmm/m/it/17.28 T \OT1/cmr/m/n/17.28 + []([] []\OML/c
mm/m/it/17.28 T\OT1/cmr/m/n/17.28 )[]\OML/cmm/m/it/17.28 I[] \OMS/cmsy/m/n/17.2
8 ^^A []\OML/cmm/m/it/17.28 D \OT1/cmr/m/n/17.28 = [] []\OML/cmm/m/it/17.28 T \
OMS/cmsy/m/n/17.28 ^^A []\OML/cmm/m/it/17.28 D \OT1/cmr/m/n/17.28 + []([] []\OM
L/cmm/m/it/17.28 T\OT1/cmr/m/n/17.28 ) [] []\OML/cmm/m/it/17.28 D \OT1/cmr/m/n/
17.28 = [] []\OML/cmm/m/it/17.28 T \OMS/cmsy/m/n/17.28 ^^A [] []\OML/cmm/m/it/1
7.28 D;
 []

[578] [579]
Overfull \hbox (13.30101pt too wide) in paragraph at lines 2850--2855
[]\OT1/cmr/bx/n/17.28 (c) Ve-loc-ity gra-di-ent, [][](9.13)[][] con-tin-ued. \O
T1/cmr/m/n/17.28 From [][](9.8)[][], $[]\OML/cmm/m/it/17.28 Q[][]L[][]Q[] \OT1/
cmr/m/n/17.28 =
 []

[580] [581] [582]
Overfull \hbox (5.89001pt too wide) detected at line 3040
[]\OML/cmm/m/it/17.28 g[][]Q[]D[]Q[]; []Q[]d[] \OT1/cmr/m/n/17.28 = []\OML/cmm/
m/it/17.28 K[][]Q[]D[]Q[]; []Q[]d[] []Q[]d \OT1/cmr/m/n/17.28 = []\OML/cmm/m/it
/17.28 Q[]K[]Q[][]Q[]d \OT1/cmr/m/n/17.28 = []\OML/cmm/m/it/17.28 Q[]K[]d \OT1/
cmr/m/n/17.28 = []\OML/cmm/m/it/17.28 Q []g\OT1/cmr/m/n/17.28 ([]\OML/cmm/m/it/
17.28 D; []d\OT1/cmr/m/n/17.28 )\OML/cmm/m/it/17.28 ;
 []

[583] [584] [585] [586] [587] [588] [589] [590]
Overfull \hbox (4.94359pt too wide) detected at line 3411
\OML/cmm/m/it/17.28 Q \OT1/cmr/m/n/17.28 = [][] \OML/cmm/m/it/17.28 w\OT1/cmr/m
/n/17.28 (\OML/cmm/m/it/17.28 r\OT1/cmr/m/n/17.28 ) 2\OML/cmm/m/it/17.28 ^^Yr \
OT1/cmr/m/n/17.28 d\OML/cmm/m/it/17.28 r \OT1/cmr/m/n/17.28 = [] [][] []\OML/cm
m/m/it/17.28 r[] \OMS/cmsy/m/n/17.28 ^^@ \OML/cmm/m/it/17.28 a[]r[]\OT1/cmr/m/n
/17.28 d\OML/cmm/m/it/17.28 r \OT1/cmr/m/n/17.28 = [][][] \OMS/cmsy/m/n/17.28 ^
^@ [][] \OT1/cmr/m/n/17.28 = \OMS/cmsy/m/n/17.28 ^^@[]\OML/cmm/m/it/17.28 ;
 []

[591] [592]
Overfull \hbox (8.77304pt too wide) detected at line 3510
[]\OML/cmm/m/it/17.28 L[]v \OT1/cmr/m/n/17.28 = \OML/cmm/m/it/17.28 ![][]e[] \O
MS/cmsy/m/n/17.28 
 []\OML/cmm/m/it/17.28 e[] \OMS/cmsy/m/n/17.28 ^^@ []\OML/cmm/m/it/17.28 e[] \O
MS/cmsy/m/n/17.28 
 []\OML/cmm/m/it/17.28 e[][][]r! []e[][] \OT1/cmr/m/n/17.28 = \OML/cmm/m/it/17.
28 r![][][][]e[] \OMS/cmsy/m/n/17.28 ^^A []\OML/cmm/m/it/17.28 e[][][]e[] \OMS/
cmsy/m/n/17.28 ^^@ [][]\OML/cmm/m/it/17.28 e[] \OMS/cmsy/m/n/17.28 ^^A []\OML/c
mm/m/it/17.28 e[][][]e[][] \OT1/cmr/m/n/17.28 = \OMS/cmsy/m/n/17.28 ^^@\OML/cmm
/m/it/17.28 r![] []e[];
 []

[593] [594]
Overfull \hbox (5.70644pt too wide) in paragraph at lines 3596--3602
[]\OT1/cmr/m/it/17.28 The di-ver-gence of the stress. \OT1/cmr/m/n/17.28 Split 
it as $[] []\OML/cmm/m/it/17.28 T \OT1/cmr/m/n/17.28 = \OMS/cmsy/m/n/17.28 ^^@ 
[] \OML/cmm/m/it/17.28 p \OT1/cmr/m/n/17.28 + [](2\OML/cmm/m/it/17.28 ^^V[]D\OT
1/cmr/m/n/17.28 )$,
 []

[595] [596] [597] [598] [599]
Overfull \hbox (28.10487pt too wide) detected at line 3856
\OML/cmm/m/it/17.28 m[] \OT1/cmr/m/n/17.28 = \OMS/cmsy/m/n/17.28 ^^@\OML/cmm/m/
it/17.28 "[] [][] []y[]p[][] \OT1/cmr/m/n/17.28 d\OML/cmm/m/it/17.28 v \OT1/cmr
/m/n/17.28 = \OMS/cmsy/m/n/17.28 ^^@\OML/cmm/m/it/17.28 "[] [][] []^^N[] p \OT1
/cmr/m/n/17.28 + \OML/cmm/m/it/17.28 y[] p[][]\OT1/cmr/m/n/17.28 d\OML/cmm/m/it
/17.28 v \OT1/cmr/m/n/17.28 = \OMS/cmsy/m/n/17.28 ^^@\OML/cmm/m/it/17.28 "[] []
[] y[] p[] \OT1/cmr/m/n/17.28 d\OML/cmm/m/it/17.28 v;
 []


Overfull \hbox (2.37804pt too wide) detected at line 3897
[]\OML/cmm/m/it/17.28 f \OT1/cmr/m/n/17.28 = \OMS/cmsy/m/n/17.28 ^^@ [][] \OML/
cmm/m/it/17.28 p[][]n \OT1/cmr/m/n/17.28 d\OML/cmm/m/it/17.28 a \OMS/cmsy/m/n/1
7.28 ^^@ [][] []\OML/cmm/m/it/17.28 p[] \OMS/cmsy/m/n/17.28 ^^@ \OML/cmm/m/it/1
7.28 ^^Zgx[][][]n \OT1/cmr/m/n/17.28 d\OML/cmm/m/it/17.28 a \OT1/cmr/m/n/17.28 
= \OMS/cmsy/m/n/17.28 ^^@\OML/cmm/m/it/17.28 p[] [][] []n \OT1/cmr/m/n/17.28 d\
OML/cmm/m/it/17.28 a \OT1/cmr/m/n/17.28 + \OML/cmm/m/it/17.28 ^^Zg [][] x[] []n
 \OT1/cmr/m/n/17.28 d\OML/cmm/m/it/17.28 a:
 []

[600] [601] [602] [603] [604]
Overfull \hbox (12.99034pt too wide) detected at line 4139
[]
 []

[605] [606] [607] [608] [609]) (body_ch10.tex [610]
Chapter 10.
[611

] [612] [613] [614]
Overfull \hbox (33.85057pt too wide) detected at line 204
\OML/cmm/m/it/17.28 g[]\OT1/cmr/m/n/17.28 ([]\OML/cmm/m/it/17.28 Q[]F\OT1/cmr/m
/n/17.28 ) = []\OML/cmm/m/it/17.28 g[][]\OT1/cmr/m/n/17.28 ([]\OML/cmm/m/it/17.
28 Q[]F\OT1/cmr/m/n/17.28 )[][]\OML/cmm/m/it/17.28 Q[]F[] \OT1/cmr/m/n/17.28 = 
[]\OML/cmm/m/it/17.28 g[]\OT1/cmr/m/n/17.28 ([]\OML/cmm/m/it/17.28 F[][]Q[][]Q[
]F\OT1/cmr/m/n/17.28 ) = []\OML/cmm/m/it/17.28 g[]\OT1/cmr/m/n/17.28 ([]\OML/cm
m/m/it/17.28 F[][]I[]F\OT1/cmr/m/n/17.28 ) = []\OML/cmm/m/it/17.28 g[]\OT1/cmr/
m/n/17.28 ([]\OML/cmm/m/it/17.28 F[][]F\OT1/cmr/m/n/17.28 ) = \OML/cmm/m/it/17.
28 g[]\OT1/cmr/m/n/17.28 ([]\OML/cmm/m/it/17.28 F\OT1/cmr/m/n/17.28 )\OML/cmm/m
/it/17.28 ;
 []

[615] [616] [617] [618] [619] [620] [621] [622] [623] [624]
Overfull \hbox (3.18445pt too wide) in paragraph at lines 710--717
\OT1/cmr/m/n/17.28 tion [][]1.55[][], $[]\OML/cmm/m/it/17.28 A[] \OT1/cmr/m/n/1
7.28 = ([] []\OML/cmm/m/it/17.28 A\OT1/cmr/m/n/17.28 )[]\OML/cmm/m/it/17.28 A[]
$\OT1/cmr/m/n/17.28 , read for the sym-met-ric $[]\OML/cmm/m/it/17.28 C$\OT1/cm
r/m/n/17.28 : $[]\OML/cmm/m/it/17.28 C[] \OT1/cmr/m/n/17.28 = ([] []\OML/cmm/m/
it/17.28 C\OT1/cmr/m/n/17.28 )[]\OML/cmm/m/it/17.28 C[]$\OT1/cmr/m/n/17.28 .
 []

[625] [626]
Overfull \hbox (12.05125pt too wide) detected at line 796
\OT1/cmr/m/n/17.28 ([] []\OML/cmm/m/it/17.28 T\OT1/cmr/m/n/17.28 )[] = \OML/cmm
/m/it/17.28 T[] \OT1/cmr/m/n/17.28 = (\OMS/cmsy/m/n/17.28 ^^@\OML/cmm/m/it/17.2
8 p^^N[]\OT1/cmr/m/n/17.28 )[] = \OMS/cmsy/m/n/17.28 ^^@\OML/cmm/m/it/17.28 p[]
;  []  []\OT1/cmr/m/n/17.28 (\OMS/cmsy/m/n/17.28 ^^@\OML/cmm/m/it/17.28 p[]I\OT
1/cmr/m/n/17.28 ) = \OMS/cmsy/m/n/17.28 ^^@ [] \OML/cmm/m/it/17.28 p;
 []

[627] [628] [629]
Overfull \hbox (7.0765pt too wide) detected at line 976
\OML/cmm/m/it/17.28 x[] \OT1/cmr/m/n/17.28 = \OML/cmm/m/it/17.28 X[] \OT1/cmr/m
/n/17.28 + \OML/cmm/m/it/17.28 ^^MX[];  x[] \OT1/cmr/m/n/17.28 = \OML/cmm/m/it/
17.28 X[];  x[] \OT1/cmr/m/n/17.28 = \OML/cmm/m/it/17.28 X[];  [] []F \OT1/cmr/
m/n/17.28 = []1 + \OML/cmm/m/it/17.28 ^^M []e[] \OMS/cmsy/m/n/17.28 
 [][][]\OML/cmm/m/it/17.28 :
 []

[630] [631] [632] [633] [634] [635] [636] [637] [638]
Overfull \hbox (39.16388pt too wide) detected at line 1497
\OT1/cmr/m/n/17.28 ([]\OML/cmm/m/it/17.28 F[]\OT1/cmr/m/n/17.28 )[][]\OML/cmm/m
/it/17.28 F[] \OT1/cmr/m/n/17.28 = []\OML/cmm/m/it/17.28 J[]F[][][][]J[]F[][] \
OT1/cmr/m/n/17.28 = \OML/cmm/m/it/17.28 J[][]F[][]F[] \OT1/cmr/m/n/17.28 = \OML
/cmm/m/it/17.28 J[]\OT1/cmr/m/n/17.28 ([]\OML/cmm/m/it/17.28 F[][]F\OT1/cmr/m/n
/17.28 )[] = ([] []\OML/cmm/m/it/17.28 C\OT1/cmr/m/n/17.28 )[]\OML/cmm/m/it/17.
28 C[] \OT1/cmr/m/n/17.28 = []\OML/cmm/m/it/17.28 C[];
 []

[639]
Overfull \hbox (15.14763pt too wide) detected at line 1521
\OML/cmm/m/it/17.28 g[] \OMS/cmsy/m/n/17.28 ^^A \OT1/cmr/m/n/17.28 d[]\OML/cmm/
m/it/17.28 C \OT1/cmr/m/n/17.28 = \OML/cmm/m/it/17.28 G[]\OT1/cmr/m/n/17.28 d\O
ML/cmm/m/it/17.28 C[] \OT1/cmr/m/n/17.28 + \OML/cmm/m/it/17.28 G[]\OT1/cmr/m/n/
17.28 d\OML/cmm/m/it/17.28 C[] \OT1/cmr/m/n/17.28 + \OML/cmm/m/it/17.28 G[]\OT1
/cmr/m/n/17.28 d\OML/cmm/m/it/17.28 C[] \OT1/cmr/m/n/17.28 + 2\OML/cmm/m/it/17.
28 G[]\OT1/cmr/m/n/17.28 d\OML/cmm/m/it/17.28 C[] \OT1/cmr/m/n/17.28 + 2\OML/cm
m/m/it/17.28 G[]\OT1/cmr/m/n/17.28 d\OML/cmm/m/it/17.28 C[] \OT1/cmr/m/n/17.28 
+ 2\OML/cmm/m/it/17.28 G[]\OT1/cmr/m/n/17.28 d\OML/cmm/m/it/17.28 C[];
 []

[640] [641]) (body_ch11.tex [642]
Chapter 11.
[643

] [644] [645] [646] [647] [648] [649] [650] [651] [652] [653] [654]
[655] [656] [657] [658]
Overfull \hbox (4.48007pt too wide) detected at line 878
[][][][][]
 []

[659] [660] [661] [662] [663]
Overfull \hbox (24.89471pt too wide) detected at line 1171
[]\OML/cmm/m/it/17.28 B[] \OT1/cmr/m/n/17.28 = []\OML/cmm/m/it/17.28 F[]\OT1/cm
r/m/n/17.28 ([]\OML/cmm/m/it/17.28 F[]\OT1/cmr/m/n/17.28 )[] = []\OML/cmm/m/it/
17.28 Q[]F[]F[][]Q[] \OT1/cmr/m/n/17.28 = []\OML/cmm/m/it/17.28 Q[]B[]Q[];  []C
[] \OT1/cmr/m/n/17.28 = ([]\OML/cmm/m/it/17.28 Q[]F\OT1/cmr/m/n/17.28 )[]([]\OM
L/cmm/m/it/17.28 Q[]F\OT1/cmr/m/n/17.28 ) = []\OML/cmm/m/it/17.28 F[][]F \OT1/c
mr/m/n/17.28 = []\OML/cmm/m/it/17.28 C;
 []


Overfull \hbox (5.42989pt too wide) detected at line 1182
[][]
 []

[664]
Overfull \hbox (2.21231pt too wide) detected at line 1198
[][]
 []

[665] [666] [667] [668] [669] [670] [671] [672] [673] [674]
Overfull \hbox (1.45811pt too wide) in paragraph at lines 1741--1747
\OT1/cmr/m/n/17.28 On the or-dered bases $\OMS/cmsy/m/n/17.28 f[][][]\OML/cmm/m
/it/17.28 ; [][][]; [][][]\OMS/cmsy/m/n/17.28 g$ \OT1/cmr/m/n/17.28 and $\OMS/c
msy/m/n/17.28 f[]\OML/cmm/m/it/17.28 e[]; []e[]; []e[]\OMS/cmsy/m/n/17.28 g$ \O
T1/cmr/m/n/17.28 its ma-trix is $[]$,
 []

[675] [676]
Overfull \hbox (22.41989pt too wide) detected at line 1852
\OML/cmm/m/it/17.28 T[] \OT1/cmr/m/n/17.28 = \OMS/cmsy/m/n/17.28 ^^@\OML/cmm/m/
it/17.28 p \OT1/cmr/m/n/17.28 + \OML/cmm/m/it/17.28 G;  T[] \OT1/cmr/m/n/17.28 
= \OMS/cmsy/m/n/17.28 ^^@\OML/cmm/m/it/17.28 p \OT1/cmr/m/n/17.28 + \OML/cmm/m/
it/17.28 G[]\OT1/cmr/m/n/17.28 1 + \OML/cmm/m/it/17.28 ^^M[][];  T[] \OT1/cmr/m
/n/17.28 = \OMS/cmsy/m/n/17.28 ^^@\OML/cmm/m/it/17.28 p \OT1/cmr/m/n/17.28 + \O
ML/cmm/m/it/17.28 G;  T[] \OT1/cmr/m/n/17.28 = \OML/cmm/m/it/17.28 G^^M;
 []

[677] [678] [679] [680] [681] [682]
Overfull \hbox (3.20905pt too wide) detected at line 2242
\OML/cmm/m/it/17.28 I[]\OT1/cmr/m/n/17.28 ([]\OML/cmm/m/it/17.28 C\OT1/cmr/m/n/
17.28 )\OML/cmm/m/it/17.28 ;  I[]\OT1/cmr/m/n/17.28 ([]\OML/cmm/m/it/17.28 C\OT
1/cmr/m/n/17.28 )\OML/cmm/m/it/17.28 ;  I[]\OT1/cmr/m/n/17.28 ([]\OML/cmm/m/it/
17.28 C\OT1/cmr/m/n/17.28 )\OML/cmm/m/it/17.28 ;  I[]\OT1/cmr/m/n/17.28 ([]\OML
/cmm/m/it/17.28 C; [] ^^R\OT1/cmr/m/n/17.28 )\OML/cmm/m/it/17.28 ;  I[]\OT1/cmr
/m/n/17.28 ([]\OML/cmm/m/it/17.28 C; [] ^^R\OT1/cmr/m/n/17.28 )\OML/cmm/m/it/17
.28 ;  I[]\OT1/cmr/m/n/17.28 ([] \OML/cmm/m/it/17.28 ^^R\OT1/cmr/m/n/17.28 )\OM
L/cmm/m/it/17.28 :
 []

[683]
Overfull \hbox (28.84277pt too wide) detected at line 2314
[][]
 []

[684] [685] [686]) (body_ch12.tex [687]
Chapter 12.
[688

] [689] [690]
Overfull \hbox (22.73833pt too wide) detected at line 152
[]\OML/cmm/m/it/17.28 G[] \OT1/cmr/m/n/17.28 = ([]1[])[][]\OML/cmm/m/it/17.28 H
[] \OT1/cmr/m/n/17.28 = [][]\OML/cmm/m/it/17.28 Q[]\OT1/cmr/m/n/17.28 1[]\OML/c
mm/m/it/17.28 K[][][][]Q[]H[]K[] \OT1/cmr/m/n/17.28 = []\OML/cmm/m/it/17.28 K[]
\OT1/cmr/m/n/17.28 1[][]\OML/cmm/m/it/17.28 Q[][]Q[]H[]K[] \OT1/cmr/m/n/17.28 =
 []\OML/cmm/m/it/17.28 K[]\OT1/cmr/m/n/17.28 1[][]\OML/cmm/m/it/17.28 H[]K[] \O
T1/cmr/m/n/17.28 = []\OML/cmm/m/it/17.28 K[]G[]K[];
 []


Overfull \hbox (14.53839pt too wide) in paragraph at lines 159--164
\OT1/cmr/m/n/17.28 a re-sult that also fol-lows from [][](7.20)[][] and [][](7.
26)[][] through $[]\OML/cmm/m/it/17.28 E[] \OT1/cmr/m/n/17.28 = [][([]\OML/cmm/
m/it/17.28 F[]\OT1/cmr/m/n/17.28 )[][]\OML/cmm/m/it/17.28 F[] \OMS/cmsy/m/n/17.
28 ^^@
 []

[691] [692] [693] [694] [695] [696]
Overfull \hbox (6.3513pt too wide) detected at line 518
[][][][][]
 []

[697] [698]
Overfull \hbox (7.08534pt too wide) in paragraph at lines 642--649
[][]\OT1/cmr/m/sc/17.28 Remark \OT1/cmr/m/n/17.28 12.6 (what isotropy costs the
 resid-ual stress)\OT1/cmr/m/sc/17.28 . []\OT1/cmr/m/n/17.28 Equa-tion [][](12.
50)[][]$[]$
 []

[699]
Overfull \hbox (10.40767pt too wide) in paragraph at lines 687--691
\OT1/cmr/m/n/17.28 for the Cauchy stress. In com-po-nents $\OML/cmm/m/it/17.28 
P[] \OMS/cmsy/m/n/17.28 ' \OML/cmm/m/it/17.28 ^^N[]S[]$ \OT1/cmr/m/n/17.28 and 
$\OML/cmm/m/it/17.28 T[] \OMS/cmsy/m/n/17.28 ' \OML/cmm/m/it/17.28 ^^N[]^^N[]S[
]$\OT1/cmr/m/n/17.28 :
 []

[700] [701] [702] [703] [704] [705] [706] [707] [708] [709] [710]
Overfull \hbox (1.38509pt too wide) in paragraph at lines 1326--1331
\OT1/cmr/m/n/17.28 spec-tion and the ma-jor sym-me-try be-cause it is un-change
d un-der $(\OML/cmm/m/it/17.28 AB\OT1/cmr/m/n/17.28 ) \OMS/cmsy/m/n/17.28 $
 []

[711] [712] [713] [714]) [715] (body_appendix.tex [716]
Appendix A.
[717

]
Appendix B.
) [718

] (main.aux)
 ***********
LaTeX2e <2025-11-01>
L3 programming layer <2025-12-24>
 ***********
Package rerunfilecheck Info: File `main.out' has not changed.
(rerunfilecheck)             Checksum: 3ECAA2E965AA844EFAB00C7ED7C629E0;38266.
 ) 
Here is how much of TeX's memory you used:
 43167 strings out of 467871
 939942 string characters out of 11167892
 10026414 words of memory out of 21592681
 68188 multiletter control sequences out of 15000+600000
 656827 words of font info for 143 fonts, out of 8000000 for 9000
 1141 hyphenation exceptions out of 8191
 84i,25n,94p,1451b,4952s stack positions out of 10000i,1000n,20000p,200000b,300000s
<C:/Users/lenovo/AppData/Local/Programs/MiKTeX/fonts/type1/public/amsfonts/cm
/cmbx12.pfb><C:/Users/lenovo/AppData/Local/Programs/MiKTeX/fonts/type1/public/a
msfonts/cm/cmcsc10.pfb><C:/Users/lenovo/AppData/Local/Programs/MiKTeX/fonts/typ
e1/public/amsfonts/cm/cmex10.pfb><C:/Users/lenovo/AppData/Local/Programs/MiKTeX
/fonts/type1/public/amsfonts/cmextra/cmex9.pfb><C:/Users/lenovo/AppData/Local/P
rograms/MiKTeX/fonts/type1/public/amsfonts/cm/cmmi10.pfb><C:/Users/lenovo/AppDa
ta/Local/Programs/MiKTeX/fonts/type1/public/amsfonts/cm/cmmi12.pfb><C:/Users/le
novo/AppData/Local/Programs/MiKTeX/fonts/type1/public/amsfonts/cm/cmmi6.pfb><C:
/Users/lenovo/AppData/Local/Programs/MiKTeX/fonts/type1/public/amsfonts/cm/cmmi
7.pfb><C:/Users/lenovo/AppData/Local/Programs/MiKTeX/fonts/type1/public/amsfont
s/cm/cmmi8.pfb><C:/Users/lenovo/AppData/Local/Programs/MiKTeX/fonts/type1/publi
c/amsfonts/cm/cmmi9.pfb><C:/Users/lenovo/AppData/Local/Programs/MiKTeX/fonts/ty
pe1/public/amsfonts/cm/cmr10.pfb><C:/Users/lenovo/AppData/Local/Programs/MiKTeX
/fonts/type1/public/amsfonts/cm/cmr12.pfb><C:/Users/lenovo/AppData/Local/Progra
ms/MiKTeX/fonts/type1/public/amsfonts/cm/cmr17.pfb><C:/Users/lenovo/AppData/Loc
al/Programs/MiKTeX/fonts/type1/public/amsfonts/cm/cmr6.pfb><C:/Users/lenovo/App
Data/Local/Programs/MiKTeX/fonts/type1/public/amsfonts/cm/cmr7.pfb><C:/Users/le
novo/AppData/Local/Programs/MiKTeX/fonts/type1/public/amsfonts/cm/cmr8.pfb><C:/
Users/lenovo/AppData/Local/Programs/MiKTeX/fonts/type1/public/amsfonts/cm/cmr9.
pfb><C:/Users/lenovo/AppData/Local/Programs/MiKTeX/fonts/type1/public/amsfonts/
cm/cmss17.pfb><C:/Users/lenovo/AppData/Local/Programs/MiKTeX/fonts/type1/public
/amsfonts/cm/cmsy10.pfb><C:/Users/lenovo/AppData/Local/Programs/MiKTeX/fonts/ty
pe1/public/amsfonts/cm/cmsy6.pfb><C:/Users/lenovo/AppData/Local/Programs/MiKTeX
/fonts/type1/public/amsfonts/cm/cmsy7.pfb><C:/Users/lenovo/AppData/Local/Progra
ms/MiKTeX/fonts/type1/public/amsfonts/cm/cmsy8.pfb><C:/Users/lenovo/AppData/Loc
al/Programs/MiKTeX/fonts/type1/public/amsfonts/cm/cmsy9.pfb><C:/Users/lenovo/Ap
pData/Local/Programs/MiKTeX/fonts/type1/public/amsfonts/cm/cmti12.pfb><C:/Users
/lenovo/AppData/Local/Programs/MiKTeX/fonts/type1/public/amsfonts/cm/cmtt12.pfb
><C:/Users/lenovo/AppData/Local/Programs/MiKTeX/fonts/type1/public/amsfonts/sym
bols/msam10.pfb><C:/Users/lenovo/AppData/Local/Programs/MiKTeX/fonts/type1/publ
ic/amsfonts/symbols/msbm10.pfb><C:/Users/lenovo/AppData/Local/Programs/MiKTeX/f
onts/type1/public/cm-super/sfrm0800.pfb><C:/Users/lenovo/AppData/Local/Programs
/MiKTeX/fonts/type1/public/cm-super/sfrm1000.pfb><C:/Users/lenovo/AppData/Local
/Programs/MiKTeX/fonts/type1/public/cm-super/sfrm1728.pfb>
Output written on main.pdf (728 pages, 5840302 bytes).
PDF statistics:
 11933 PDF objects out of 12825 (max. 8388607)
 3273 named destinations out of 3580 (max. 500000)
 1838 words of extra memory for PDF output out of 10000 (max. 10000000)

