\BOOKMARK [0][]{chapter.2}{\376\377\0001\000\040\000M\000a\000t\000h\000e\000m\000a\000t\000i\000c\000a\000l\000\040\000P\000r\000e\000l\000i\000m\000i\000n\000a\000r\000i\000e\000s}{}% 1
\BOOKMARK [1][-]{section.3}{\376\377\0001\000.\0001\000\040\000V\000e\000c\000t\000o\000r\000\040\000a\000n\000d\000\040\000t\000e\000n\000s\000o\000r\000\040\000t\000h\000e\000o\000r\000y}{chapter.2}% 2
\BOOKMARK [2][-]{subsection.4}{\376\377\0001\000.\0001\000.\0001\000\040\000V\000e\000c\000t\000o\000r\000\040\000s\000p\000a\000c\000e\000s}{section.3}% 3
\BOOKMARK [2][-]{subsection.22}{\376\377\0001\000.\0001\000.\0002\000\040\000C\000h\000a\000n\000g\000e\000-\000o\000f\000-\000b\000a\000s\000i\000s\000\040\000f\000o\000r\000m\000u\000l\000a\000s}{section.3}% 4
\BOOKMARK [2][-]{subsection.26}{\376\377\0001\000.\0001\000.\0003\000\040\000V\000e\000c\000t\000o\000r\000\040\000p\000r\000o\000d\000u\000c\000t\000s\000\040\000i\000n\000\040\000E\0003}{section.3}% 5
\BOOKMARK [2][-]{subsection.37}{\376\377\0001\000.\0001\000.\0004\000\040\000T\000e\000n\000s\000o\000r\000s}{section.3}% 6
\BOOKMARK [2][-]{subsection.48}{\376\377\0001\000.\0001\000.\0005\000\040\000A\000l\000g\000e\000b\000r\000a\000i\000c\000\040\000o\000p\000e\000r\000a\000t\000i\000o\000n\000s\000\040\000w\000i\000t\000h\000\040\000s\000e\000c\000o\000n\000d\000-\000o\000r\000d\000e\000r\000\040\000t\000e\000n\000s\000o\000r\000s}{section.3}% 7
\BOOKMARK [1][-]{section.74}{\376\377\0001\000.\0002\000\040\000S\000c\000a\000l\000a\000r\000,\000\040\000v\000e\000c\000t\000o\000r\000\040\000a\000n\000d\000\040\000t\000e\000n\000s\000o\000r\000\040\000f\000i\000e\000l\000d\000s\000;\000\040\000g\000r\000a\000d\000i\000e\000n\000t\000,\000\040\000d\000i\000v\000e\000r\000g\000e\000n\000c\000e\000\040\000a\000n\000d\000\040\000c\000u\000r\000l\000;\000\040\000i\000n\000t\000e\000g\000r\000a\000l\000\040\000f\000o\000r\000m\000u\000l\000a\000e}{chapter.2}% 8
\BOOKMARK [2][-]{subsection.75}{\376\377\0001\000.\0002\000.\0001\000\040\000E\000u\000c\000l\000i\000d\000e\000a\000n\000\040\000p\000o\000i\000n\000t\000\040\000s\000p\000a\000c\000e\000s}{section.74}% 9
\BOOKMARK [2][-]{subsection.83}{\376\377\0001\000.\0002\000.\0002\000\040\000G\000r\000a\000d\000i\000e\000n\000t\000s}{section.74}% 10
\BOOKMARK [2][-]{subsection.95}{\376\377\0001\000.\0002\000.\0003\000\040\000D\000i\000r\000e\000c\000t\000i\000o\000n\000a\000l\000\040\000d\000e\000r\000i\000v\000a\000t\000i\000v\000e\000s}{section.74}% 11
\BOOKMARK [2][-]{subsection.107}{\376\377\0001\000.\0002\000.\0004\000\040\000P\000a\000r\000a\000m\000e\000t\000e\000r\000i\000z\000e\000d\000\040\000p\000a\000t\000h\000s\000\040\000a\000n\000d\000\040\000t\000h\000e\000\040\000c\000h\000a\000i\000n\000\040\000r\000u\000l\000e}{section.74}% 12
\BOOKMARK [2][-]{subsection.143}{\376\377\0001\000.\0002\000.\0005\000\040\000G\000r\000a\000d\000i\000e\000n\000t\000s\000\040\000o\000f\000\040\000v\000e\000c\000t\000o\000r\000\040\000f\000i\000e\000l\000d\000s}{section.74}% 13
\BOOKMARK [2][-]{subsection.162}{\376\377\0001\000.\0002\000.\0006\000\040\000D\000i\000v\000e\000r\000g\000e\000n\000c\000e\000\040\000a\000n\000d\000\040\000c\000u\000r\000l}{section.74}% 14
\BOOKMARK [2][-]{subsection.176}{\376\377\0001\000.\0002\000.\0007\000\040\000I\000n\000t\000e\000g\000r\000a\000l\000\040\000f\000o\000r\000m\000u\000l\000a\000e}{section.74}% 15
\BOOKMARK [1][-]{section.184}{\376\377\0001\000.\0003\000\040\000P\000r\000o\000b\000l\000e\000m\000s}{chapter.2}% 16
\BOOKMARK [2][-]{problemenv.187}{\376\377\000P\000r\000o\000b\000l\000e\000m\000\040\0001}{section.184}% 17
\BOOKMARK [2][-]{problemenv.189}{\376\377\000P\000r\000o\000b\000l\000e\000m\000\040\0002}{section.184}% 18
\BOOKMARK [2][-]{problemenv.190}{\376\377\000P\000r\000o\000b\000l\000e\000m\000\040\0003}{section.184}% 19
\BOOKMARK [2][-]{problemenv.191}{\376\377\000P\000r\000o\000b\000l\000e\000m\000\040\0004}{section.184}% 20
\BOOKMARK [2][-]{problemenv.192}{\376\377\000P\000r\000o\000b\000l\000e\000m\000\040\0005}{section.184}% 21
\BOOKMARK [2][-]{problemenv.194}{\376\377\000P\000r\000o\000b\000l\000e\000m\000\040\0006}{section.184}% 22
\BOOKMARK [2][-]{problemenv.195}{\376\377\000P\000r\000o\000b\000l\000e\000m\000\040\0007}{section.184}% 23
\BOOKMARK [2][-]{problemenv.197}{\376\377\000P\000r\000o\000b\000l\000e\000m\000\040\0008}{section.184}% 24
\BOOKMARK [2][-]{problemenv.198}{\376\377\000P\000r\000o\000b\000l\000e\000m\000\040\0009}{section.184}% 25
\BOOKMARK [2][-]{problemenv.199}{\376\377\000P\000r\000o\000b\000l\000e\000m\000\040\0001\0000}{section.184}% 26
\BOOKMARK [2][-]{problemenv.211}{\376\377\000P\000r\000o\000b\000l\000e\000m\000\040\0001\0001}{section.184}% 27
\BOOKMARK [2][-]{problemenv.212}{\376\377\000P\000r\000o\000b\000l\000e\000m\000\040\0001\0002}{section.184}% 28
\BOOKMARK [2][-]{problemenv.214}{\376\377\000P\000r\000o\000b\000l\000e\000m\000\040\0001\0003}{section.184}% 29
\BOOKMARK [2][-]{problemenv.215}{\376\377\000P\000r\000o\000b\000l\000e\000m\000\040\0001\0004}{section.184}% 30
\BOOKMARK [2][-]{problemenv.217}{\376\377\000P\000r\000o\000b\000l\000e\000m\000\040\0001\0005}{section.184}% 31
\BOOKMARK [2][-]{problemenv.219}{\376\377\000P\000r\000o\000b\000l\000e\000m\000\040\0001\0006}{section.184}% 32
\BOOKMARK [2][-]{problemenv.220}{\376\377\000P\000r\000o\000b\000l\000e\000m\000\040\0001\0007}{section.184}% 33
\BOOKMARK [2][-]{problemenv.221}{\376\377\000P\000r\000o\000b\000l\000e\000m\000\040\0001\0008}{section.184}% 34
\BOOKMARK [2][-]{problemenv.222}{\376\377\000P\000r\000o\000b\000l\000e\000m\000\040\0001\0009}{section.184}% 35
\BOOKMARK [2][-]{problemenv.223}{\376\377\000P\000r\000o\000b\000l\000e\000m\000\040\0002\0000}{section.184}% 36
\BOOKMARK [2][-]{problemenv.224}{\376\377\000P\000r\000o\000b\000l\000e\000m\000\040\0002\0001}{section.184}% 37
\BOOKMARK [2][-]{problemenv.225}{\376\377\000P\000r\000o\000b\000l\000e\000m\000\040\0002\0002}{section.184}% 38
\BOOKMARK [2][-]{problemenv.229}{\376\377\000P\000r\000o\000b\000l\000e\000m\000\040\0002\0003}{section.184}% 39
\BOOKMARK [2][-]{problemenv.230}{\376\377\000P\000r\000o\000b\000l\000e\000m\000\040\0002\0004}{section.184}% 40
\BOOKMARK [2][-]{problemenv.231}{\376\377\000P\000r\000o\000b\000l\000e\000m\000\040\0002\0005}{section.184}% 41
\BOOKMARK [2][-]{problemenv.240}{\376\377\000P\000r\000o\000b\000l\000e\000m\000\040\0002\0006}{section.184}% 42
\BOOKMARK [2][-]{problemenv.241}{\376\377\000P\000r\000o\000b\000l\000e\000m\000\040\0002\0007}{section.184}% 43
\BOOKMARK [2][-]{problemenv.242}{\376\377\000P\000r\000o\000b\000l\000e\000m\000\040\0002\0008}{section.184}% 44
\BOOKMARK [0][]{chapter.243}{\376\377\0002\000\040\000B\000o\000d\000i\000e\000s\000,\000\040\000C\000o\000n\000f\000i\000g\000u\000r\000a\000t\000i\000o\000n\000s\000,\000\040\000a\000n\000d\000\040\000M\000o\000t\000i\000o\000n\000s}{}% 45
\BOOKMARK [1][-]{section.244}{\376\377\0002\000.\0001\000\040\000P\000o\000s\000i\000t\000i\000o\000n\000,\000\040\000v\000e\000l\000o\000c\000i\000t\000y\000\040\000a\000n\000d\000\040\000a\000c\000c\000e\000l\000e\000r\000a\000t\000i\000o\000n}{chapter.243}% 46
\BOOKMARK [1][-]{section.270}{\376\377\0002\000.\0002\000\040\000M\000a\000t\000e\000r\000i\000a\000l\000,\000\040\000r\000e\000f\000e\000r\000e\000n\000t\000i\000a\000l\000\040\000a\000n\000d\000\040\000s\000p\000a\000t\000i\000a\000l\000\040\000d\000e\000s\000c\000r\000i\000p\000t\000i\000o\000n\000s}{chapter.243}% 47
\BOOKMARK [1][-]{section.296}{\376\377\0002\000.\0003\000\040\000C\000a\000r\000t\000e\000s\000i\000a\000n\000\040\000c\000o\000o\000r\000d\000i\000n\000a\000t\000e\000s}{chapter.243}% 48
\BOOKMARK [1][-]{section.318}{\376\377\0002\000.\0004\000\040\000T\000h\000e\000\040\000d\000e\000f\000o\000r\000m\000a\000t\000i\000o\000n\000\040\000g\000r\000a\000d\000i\000e\000n\000t}{chapter.243}% 49
\BOOKMARK [1][-]{section.361}{\376\377\0002\000.\0005\000\040\000M\000a\000s\000s\000\040\000a\000n\000d\000\040\000d\000e\000n\000s\000i\000t\000y}{chapter.243}% 50
\BOOKMARK [1][-]{section.384}{\376\377\0002\000.\0006\000\040\000M\000a\000t\000e\000r\000i\000a\000l\000\040\000c\000u\000r\000v\000e\000s\000\040\000a\000n\000d\000\040\000t\000h\000e\000\040\000s\000h\000i\000f\000t\000e\000r}{chapter.243}% 51
\BOOKMARK [1][-]{section.417}{\376\377\0002\000.\0007\000\040\000T\000h\000e\000\040\000C\000a\000u\000c\000h\000y\040\023\000G\000r\000e\000e\000n\000\040\000d\000e\000f\000o\000r\000m\000a\000t\000i\000o\000n\000\040\000t\000e\000n\000s\000o\000r\000s\000\040\000a\000n\000d\000\040\000t\000h\000e\000\040\000L\000a\000g\000r\000a\000n\000g\000e\040\023\000E\000u\000l\000e\000r\000\040\000s\000t\000r\000a\000i\000n\000\040\000t\000e\000n\000s\000o\000r\000s}{chapter.243}% 52
\BOOKMARK [1][-]{section.473}{\376\377\0002\000.\0008\000\040\000P\000r\000o\000b\000l\000e\000m\000s}{chapter.243}% 53
\BOOKMARK [2][-]{theorem.474}{\376\377\000P\000r\000o\000b\000l\000e\000m\000\040\0001}{section.473}% 54
\BOOKMARK [2][-]{figure.476}{\376\377\000P\000r\000o\000b\000l\000e\000m\000\040\0002\000\050\000a\000\051}{section.473}% 55
\BOOKMARK [2][-]{section*.477}{\376\377\000P\000r\000o\000b\000l\000e\000m\000\040\0002\000\050\000b\000\051}{section.473}% 56
\BOOKMARK [2][-]{theorem.480}{\376\377\000P\000r\000o\000b\000l\000e\000m\000\040\0002\000\050\000c\000\051}{section.473}% 57
\BOOKMARK [2][-]{theorem.482}{\376\377\000P\000r\000o\000b\000l\000e\000m\000\040\0002\000\050\000d\000\051}{section.473}% 58
\BOOKMARK [2][-]{AMS.485}{\376\377\000P\000r\000o\000b\000l\000e\000m\000\040\0003}{section.473}% 59
\BOOKMARK [0][]{chapter.488}{\376\377\0003\000\040\000F\000u\000r\000t\000h\000e\000r\000\040\000P\000r\000e\000l\000i\000m\000i\000n\000a\000r\000i\000e\000s\000,\000\040\000w\000i\000t\000h\000\040\000A\000p\000p\000l\000i\000c\000a\000t\000i\000o\000n\000s\000\040\000t\000o\000\040\000t\000h\000e\000\040\000A\000n\000a\000l\000y\000s\000i\000s\000\040\000o\000f\000\040\000D\000e\000f\000o\000r\000m\000a\000t\000i\000o\000n}{}% 60
\BOOKMARK [1][-]{section.489}{\376\377\0003\000.\0001\000\040\000P\000r\000i\000n\000c\000i\000p\000a\000l\000\040\000v\000a\000l\000u\000e\000s\000\040\000a\000n\000d\000\040\000v\000e\000c\000t\000o\000r\000s\000:\000\040\000s\000p\000e\000c\000t\000r\000a\000l\000\040\000r\000e\000p\000r\000e\000s\000e\000n\000t\000a\000t\000i\000o\000n\000\040\000o\000f\000\040\000a\000\040\000s\000y\000m\000m\000e\000t\000r\000i\000c\000\040\000t\000e\000n\000s\000o\000r}{chapter.488}% 61
\BOOKMARK [1][-]{section.524}{\376\377\0003\000.\0002\000\040\000P\000o\000s\000i\000t\000i\000v\000e\000\040\000d\000e\000f\000i\000n\000i\000t\000e\000n\000e\000s\000s\000\040\000a\000n\000d\000\040\000t\000h\000e\000\040\000e\000x\000t\000r\000e\000m\000a\000l\000\040\000p\000r\000o\000p\000e\000r\000t\000y\000\040\000o\000f\000\040\000p\000r\000i\000n\000c\000i\000p\000a\000l\000\040\000v\000a\000l\000u\000e\000s}{chapter.488}% 62
\BOOKMARK [1][-]{section.559}{\376\377\0003\000.\0003\000\040\000S\000q\000u\000a\000r\000e\000\040\000r\000o\000o\000t\000\040\000t\000h\000e\000o\000r\000e\000m}{chapter.488}% 63
\BOOKMARK [1][-]{section.573}{\376\377\0003\000.\0004\000\040\000P\000o\000l\000a\000r\000\040\000d\000e\000c\000o\000m\000p\000o\000s\000i\000t\000i\000o\000n\000\040\000t\000h\000e\000o\000r\000e\000m}{chapter.488}% 64
\BOOKMARK [1][-]{section.620}{\376\377\0003\000.\0005\000\040\000E\000x\000a\000m\000p\000l\000e\000s}{chapter.488}% 65
\BOOKMARK [2][-]{subsection.624}{\376\377\0003\000.\0005\000.\0001\000\040\000S\000i\000m\000p\000l\000e\000\040\000s\000h\000e\000a\000r}{section.620}% 66
\BOOKMARK [2][-]{subsection.682}{\376\377\0003\000.\0005\000.\0002\000\040\000R\000a\000d\000i\000a\000l\000\040\000d\000e\000f\000o\000r\000m\000a\000t\000i\000o\000n\000\040\000o\000f\000\040\000a\000\040\000r\000i\000g\000h\000t\000\040\000c\000i\000r\000c\000u\000l\000a\000r\000\040\000c\000y\000l\000i\000n\000d\000e\000r}{section.620}% 67
\BOOKMARK [2][-]{subsection.714}{\376\377\0003\000.\0005\000.\0003\000\040\000A\000z\000i\000m\000u\000t\000h\000a\000l\000\040\000s\000h\000e\000a\000r}{section.620}% 68
\BOOKMARK [2][-]{subsection.749}{\376\377\0003\000.\0005\000.\0004\000\040\000T\000o\000r\000s\000i\000o\000n}{section.620}% 69
\BOOKMARK [1][-]{section.759}{\376\377\0003\000.\0006\000\040\000H\000o\000m\000o\000g\000e\000n\000e\000o\000u\000s\000\040\000d\000e\000f\000o\000r\000m\000a\000t\000i\000o\000n\000s}{chapter.488}% 70
\BOOKMARK [2][-]{subsection.770}{\376\377\0003\000.\0006\000.\0001\000\040\000S\000o\000m\000e\000\040\000p\000r\000o\000p\000e\000r\000t\000i\000e\000s\000\040\000o\000f\000\040\000h\000o\000m\000o\000g\000e\000n\000e\000o\000u\000s\000\040\000d\000e\000f\000o\000r\000m\000a\000t\000i\000o\000n\000s}{section.759}% 71
\BOOKMARK [1][-]{section.801}{\376\377\0003\000.\0007\000\040\000R\000i\000g\000i\000d\000-\000b\000o\000d\000y\000\040\000m\000o\000t\000i\000o\000n\000s}{chapter.488}% 72
\BOOKMARK [1][-]{section.825}{\376\377\0003\000.\0008\000\040\000P\000r\000o\000b\000l\000e\000m\000s}{chapter.488}% 73
\BOOKMARK [2][-]{problemenv.826}{\376\377\000P\000r\000o\000b\000l\000e\000m\000\040\0001}{section.825}% 74
\BOOKMARK [2][-]{problemenv.829}{\376\377\000P\000r\000o\000b\000l\000e\000m\000\040\0002}{section.825}% 75
\BOOKMARK [2][-]{problemenv.830}{\376\377\000P\000r\000o\000b\000l\000e\000m\000\040\0003}{section.825}% 76
\BOOKMARK [2][-]{problemenv.831}{\376\377\000P\000r\000o\000b\000l\000e\000m\000\040\0004}{section.825}% 77
\BOOKMARK [2][-]{problemenv.833}{\376\377\000P\000r\000o\000b\000l\000e\000m\000\040\0005}{section.825}% 78
\BOOKMARK [2][-]{problemenv.834}{\376\377\000P\000r\000o\000b\000l\000e\000m\000\040\0006}{section.825}% 79
\BOOKMARK [2][-]{problemenv.836}{\376\377\000P\000r\000o\000b\000l\000e\000m\000\040\0007}{section.825}% 80
\BOOKMARK [2][-]{problemenv.837}{\376\377\000P\000r\000o\000b\000l\000e\000m\000\040\0008}{section.825}% 81
\BOOKMARK [2][-]{problemenv.839}{\376\377\000P\000r\000o\000b\000l\000e\000m\000\040\0009}{section.825}% 82
\BOOKMARK [0][]{chapter.842}{\376\377\0004\000\040\000R\000a\000t\000e\000\040\000o\000f\000\040\000D\000e\000f\000o\000r\000m\000a\000t\000i\000o\000n}{}% 83
\BOOKMARK [1][-]{section.843}{\376\377\0004\000.\0001\000\040\000V\000e\000l\000o\000c\000i\000t\000y\000\040\000g\000r\000a\000d\000i\000e\000n\000t\000,\000\040\000s\000t\000r\000e\000t\000c\000h\000i\000n\000g\000\040\000a\000n\000d\000\040\000s\000p\000i\000n}{chapter.842}% 84
\BOOKMARK [1][-]{section.880}{\376\377\0004\000.\0002\000\040\000M\000a\000t\000e\000r\000i\000a\000l\000\040\000c\000u\000r\000v\000e\000s}{chapter.842}% 85
\BOOKMARK [1][-]{section.912}{\376\377\0004\000.\0003\000\040\000E\000x\000a\000m\000p\000l\000e\000:\000\040\000a\000\040\000s\000p\000i\000n\000n\000i\000n\000g\000\040\000d\000i\000s\000c}{chapter.842}% 86
\BOOKMARK [1][-]{section.925}{\376\377\0004\000.\0004\000\040\000R\000i\000g\000i\000d\000-\000b\000o\000d\000y\000\040\000m\000o\000t\000i\000o\000n\000s}{chapter.842}% 87
\BOOKMARK [1][-]{section.937}{\376\377\0004\000.\0005\000\040\000P\000r\000o\000b\000l\000e\000m\000s}{chapter.842}% 88
\BOOKMARK [2][-]{problemenv.938}{\376\377\000P\000r\000o\000b\000l\000e\000m\000\040\0001}{section.937}% 89
\BOOKMARK [2][-]{problemenv.939}{\376\377\000P\000r\000o\000b\000l\000e\000m\000\040\0002}{section.937}% 90
\BOOKMARK [2][-]{problemenv.940}{\376\377\000P\000r\000o\000b\000l\000e\000m\000\040\0003}{section.937}% 91
\BOOKMARK [2][-]{problemenv.941}{\376\377\000P\000r\000o\000b\000l\000e\000m\000\040\0004}{section.937}% 92
\BOOKMARK [2][-]{problemenv.942}{\376\377\000P\000r\000o\000b\000l\000e\000m\000\040\0005}{section.937}% 93
\BOOKMARK [2][-]{problemenv.943}{\376\377\000P\000r\000o\000b\000l\000e\000m\000\040\0006}{section.937}% 94
\BOOKMARK [2][-]{problemenv.944}{\376\377\000P\000r\000o\000b\000l\000e\000m\000\040\0007}{section.937}% 95
\BOOKMARK [2][-]{problemenv.946}{\376\377\000P\000r\000o\000b\000l\000e\000m\000\040\0008}{section.937}% 96
\BOOKMARK [2][-]{problemenv.947}{\376\377\000P\000r\000o\000b\000l\000e\000m\000\040\0009}{section.937}% 97
\BOOKMARK [2][-]{problemenv.949}{\376\377\000P\000r\000o\000b\000l\000e\000m\000\040\0001\0000}{section.937}% 98
\BOOKMARK [0][]{chapter.951}{\376\377\0005\000\040\000T\000r\000a\000n\000s\000p\000o\000r\000t\000\040\000F\000o\000r\000m\000u\000l\000a\000s}{}% 99
\BOOKMARK [1][-]{section.952}{\376\377\0005\000.\0001\000\040\000T\000h\000e\000\040\000d\000i\000v\000e\000r\000g\000e\000n\000c\000e\000\040\000t\000h\000e\000o\000r\000e\000m\000\040\000a\000n\000d\000\040\000i\000t\000s\000\040\000v\000a\000r\000i\000a\000n\000t\000s}{chapter.951}% 100
\BOOKMARK [2][-]{subsection.976}{\376\377\0005\000.\0001\000.\0001\000\040\000E\000x\000a\000m\000p\000l\000e\000:\000\040\000T\000h\000e\000\040\000P\000i\000o\000l\000a\000\040\000i\000d\000e\000n\000t\000i\000t\000y}{section.952}% 101
\BOOKMARK [1][-]{section.985}{\376\377\0005\000.\0002\000\040\000R\000e\000y\000n\000o\000l\000d\000s\000'\000\040\000t\000r\000a\000n\000s\000p\000o\000r\000t\000\040\000f\000o\000r\000m\000u\000l\000a}{chapter.951}% 102
\BOOKMARK [1][-]{section.999}{\376\377\0005\000.\0003\000\040\000E\000x\000t\000e\000n\000s\000i\000o\000n\000s\000\040\000a\000n\000d\000\040\000g\000e\000n\000e\000r\000a\000l\000i\000z\000a\000t\000i\000o\000n\000s}{chapter.951}% 103
\BOOKMARK [2][-]{subsection.1000}{\376\377\0005\000.\0003\000.\0001\000\040\000R\000e\000y\000n\000o\000l\000d\000s\000'\000\040\000f\000o\000r\000m\000u\000l\000a\000\040\000f\000o\000r\000\040\000v\000e\000c\000t\000o\000r\000\040\000f\000i\000e\000l\000d\000s}{section.999}% 104
\BOOKMARK [2][-]{subsection.1005}{\376\377\0005\000.\0003\000.\0002\000\040\000T\000h\000e\000\040\000f\000l\000u\000x\000\040\000d\000e\000r\000i\000v\000a\000t\000i\000v\000e}{section.999}% 105
\BOOKMARK [2][-]{subsection.1016}{\376\377\0005\000.\0003\000.\0003\000\040\000N\000o\000n\000-\000m\000a\000t\000e\000r\000i\000a\000l\000\040\000r\000e\000g\000i\000o\000n\000s}{section.999}% 106
\BOOKMARK [1][-]{section.1028}{\376\377\0005\000.\0004\000\040\000D\000i\000s\000c\000o\000n\000t\000i\000n\000u\000o\000u\000s\000\040\000f\000i\000e\000l\000d\000s}{chapter.951}% 107
\BOOKMARK [2][-]{subsection.1029}{\376\377\0005\000.\0004\000.\0001\000\040\000R\000e\000y\000n\000o\000l\000d\000s\000'\000\040\000f\000o\000r\000m\000u\000l\000a\000\040\000f\000o\000r\000\040\000f\000i\000e\000l\000d\000s\000\040\000t\000h\000a\000t\000\040\000s\000u\000f\000f\000e\000r\000\040\000a\000\040\000d\000i\000s\000c\000o\000n\000t\000i\000n\000u\000i\000t\000y\000\040\000a\000c\000r\000o\000s\000s\000\040\000a\000\040\000s\000u\000r\000f\000a\000c\000e}{section.1028}% 108
\BOOKMARK [2][-]{subsection.1040}{\376\377\0005\000.\0004\000.\0002\000\040\000T\000h\000e\000\040\000d\000i\000v\000e\000r\000g\000e\000n\000c\000e\000\040\000t\000h\000e\000o\000r\000e\000m\000\040\000f\000o\000r\000\040\000d\000i\000s\000c\000o\000n\000t\000i\000n\000u\000o\000u\000s\000\040\000f\000i\000e\000l\000d\000s}{section.1028}% 109
\BOOKMARK [1][-]{section.1048}{\376\377\0005\000.\0005\000\040\000P\000r\000o\000b\000l\000e\000m\000s}{chapter.951}% 110
\BOOKMARK [2][-]{problemenv.1049}{\376\377\000P\000r\000o\000b\000l\000e\000m\000\040\0001}{section.1048}% 111
\BOOKMARK [2][-]{problemenv.1050}{\376\377\000P\000r\000o\000b\000l\000e\000m\000\040\0002}{section.1048}% 112
\BOOKMARK [2][-]{problemenv.1051}{\376\377\000P\000r\000o\000b\000l\000e\000m\000\040\0003}{section.1048}% 113
\BOOKMARK [0][]{chapter.1052}{\376\377\0006\000\040\000B\000a\000l\000a\000n\000c\000e\000\040\000L\000a\000w\000s}{}% 114
\BOOKMARK [1][-]{section.1053}{\376\377\0006\000.\0001\000\040\000G\000e\000n\000e\000r\000i\000c\000\040\000f\000o\000r\000m\000s\000\040\000o\000f\000\040\000t\000h\000e\000\040\000b\000a\000l\000a\000n\000c\000e\000\040\000l\000a\000w\000s}{chapter.1052}% 115
\BOOKMARK [1][-]{section.1084}{\376\377\0006\000.\0002\000\040\000C\000o\000n\000s\000e\000r\000v\000a\000t\000i\000o\000n\000\040\000o\000f\000\040\000m\000a\000s\000s}{chapter.1052}% 116
\BOOKMARK [1][-]{section.1114}{\376\377\0006\000.\0003\000\040\000L\000i\000n\000e\000a\000r\000\040\000a\000n\000d\000\040\000r\000o\000t\000a\000t\000i\000o\000n\000a\000l\000\040\000m\000o\000m\000e\000n\000t\000a\000;\000\040\000f\000o\000r\000c\000e\000s\000\040\000a\000n\000d\000\040\000t\000o\000r\000q\000u\000e\000s}{chapter.1052}% 117
\BOOKMARK [2][-]{subsection.1115}{\376\377\0006\000.\0003\000.\0001\000\040\000L\000i\000n\000e\000a\000r\000\040\000a\000n\000d\000\040\000r\000o\000t\000a\000t\000i\000o\000n\000a\000l\000\040\000m\000o\000m\000e\000n\000t\000a}{section.1114}% 118
\BOOKMARK [2][-]{subsection.1121}{\376\377\0006\000.\0003\000.\0002\000\040\000F\000o\000r\000c\000e\000s}{section.1114}% 119
\BOOKMARK [2][-]{subsection.1131}{\376\377\0006\000.\0003\000.\0003\000\040\000T\000o\000r\000q\000u\000e\000s}{section.1114}% 120
\BOOKMARK [1][-]{section.1139}{\376\377\0006\000.\0004\000\040\000E\000u\000l\000e\000r\000'\000s\000\040\000p\000o\000s\000t\000u\000l\000a\000t\000e\000s}{chapter.1052}% 121
\BOOKMARK [2][-]{subsection.1155}{\376\377\0006\000.\0004\000.\0001\000\040\000C\000e\000n\000t\000e\000r\000\040\000o\000f\000\040\000m\000a\000s\000s}{section.1139}% 122
\BOOKMARK [2][-]{subsection.1181}{\376\377\0006\000.\0004\000.\0002\000\040\000R\000i\000g\000i\000d\000\040\000b\000o\000d\000i\000e\000s}{section.1139}% 123
\BOOKMARK [1][-]{section.1229}{\376\377\0006\000.\0005\000\040\000F\000o\000r\000c\000e\000s\000\040\000o\000f\000\040\000m\000u\000t\000u\000a\000l\000\040\000i\000n\000t\000e\000r\000a\000c\000t\000i\000o\000n\000\040\000i\000n\000\040\000t\000h\000e\000\040\000b\000o\000d\000y\000\040\000a\000n\000d\000\040\000t\000h\000e\000\040\000l\000o\000c\000a\000l\000\040\000e\000q\000u\000a\000t\000i\000o\000n\000s\000\040\000o\000f\000\040\000m\000o\000t\000i\000o\000n}{chapter.1052}% 124
\BOOKMARK [2][-]{subsection.1230}{\376\377\0006\000.\0005\000.\0001\000\040\000A\000c\000t\000i\000o\000n\000\040\000a\000n\000d\000\040\000r\000e\000a\000c\000t\000i\000o\000n}{section.1229}% 125
\BOOKMARK [2][-]{subsection.1261}{\376\377\0006\000.\0005\000.\0002\000\040\000C\000a\000u\000c\000h\000y\000'\000s\000\040\000h\000y\000p\000o\000t\000h\000e\000s\000i\000s\000\040\000a\000n\000d\000\040\000N\000o\000l\000l\000'\000s\000\040\000t\000h\000e\000o\000r\000e\000m}{section.1229}% 126
\BOOKMARK [2][-]{subsection.1295}{\376\377\0006\000.\0005\000.\0003\000\040\000C\000a\000u\000c\000h\000y\000'\000s\000\040\000s\000t\000r\000e\000s\000s\000\040\000t\000h\000e\000o\000r\000e\000m}{section.1229}% 127
\BOOKMARK [2][-]{subsection.1348}{\376\377\0006\000.\0005\000.\0004\000\040\000R\000o\000t\000a\000t\000i\000o\000n\000a\000l\000\040\000m\000o\000m\000e\000n\000t\000u\000m\000\040\000b\000a\000l\000a\000n\000c\000e}{section.1229}% 128
\BOOKMARK [2][-]{subsection.1367}{\376\377\0006\000.\0005\000.\0005\000\040\000D\000e\000c\000o\000m\000p\000o\000s\000i\000t\000i\000o\000n\000\040\000o\000f\000\040\000t\000h\000e\000\040\000s\000t\000r\000e\000s\000s\000\040\000i\000n\000t\000o\000\040\000n\000o\000r\000m\000a\000l\000\040\000a\000n\000d\000\040\000s\000h\000e\000a\000r\000\040\000c\000o\000m\000p\000o\000n\000e\000n\000t\000s}{section.1229}% 129
\BOOKMARK [2][-]{subsection.1395}{\376\377\0006\000.\0005\000.\0006\000\040\000R\000e\000f\000e\000r\000e\000n\000t\000i\000a\000l\000\040\000e\000q\000u\000a\000t\000i\000o\000n\000s\000\040\000o\000f\000\040\000m\000o\000t\000i\000o\000n}{section.1229}% 130
\BOOKMARK [2][-]{subsection.1432}{\376\377\0006\000.\0005\000.\0007\000\040\000M\000e\000c\000h\000a\000n\000i\000c\000a\000l\000\040\000e\000n\000e\000r\000g\000y\000\040\000b\000a\000l\000a\000n\000c\000e}{section.1229}% 131
\BOOKMARK [1][-]{section.1464}{\376\377\0006\000.\0006\000\040\000E\000n\000e\000r\000g\000y\000\040\000b\000a\000l\000a\000n\000c\000e}{chapter.1052}% 132
\BOOKMARK [1][-]{section.1499}{\376\377\0006\000.\0007\000\040\000E\000n\000t\000r\000o\000p\000y\000\040\000a\000n\000d\000\040\000t\000h\000e\000\040\000C\000l\000a\000u\000s\000i\000u\000s\040\023\000D\000u\000h\000e\000m\000\040\000i\000n\000e\000q\000u\000a\000l\000i\000t\000y}{chapter.1052}% 133
\BOOKMARK [1][-]{section.1529}{\376\377\0006\000.\0008\000\040\000P\000r\000o\000b\000l\000e\000m\000s}{chapter.1052}% 134
\BOOKMARK [2][-]{problemenv.1530}{\376\377\000P\000r\000o\000b\000l\000e\000m\000\040\0001}{section.1529}% 135
\BOOKMARK [2][-]{problemenv.1537}{\376\377\000P\000r\000o\000b\000l\000e\000m\000\040\0002}{section.1529}% 136
\BOOKMARK [2][-]{problemenv.1540}{\376\377\000P\000r\000o\000b\000l\000e\000m\000\040\0003}{section.1529}% 137
\BOOKMARK [2][-]{problemenv.1545}{\376\377\000P\000r\000o\000b\000l\000e\000m\000\040\0004}{section.1529}% 138
\BOOKMARK [2][-]{problemenv.1546}{\376\377\000P\000r\000o\000b\000l\000e\000m\000\040\0005}{section.1529}% 139
\BOOKMARK [2][-]{problemenv.1551}{\376\377\000P\000r\000o\000b\000l\000e\000m\000\040\0006}{section.1529}% 140
\BOOKMARK [2][-]{problemenv.1552}{\376\377\000P\000r\000o\000b\000l\000e\000m\000\040\0007}{section.1529}% 141
\BOOKMARK [2][-]{problemenv.1553}{\376\377\000P\000r\000o\000b\000l\000e\000m\000\040\0008}{section.1529}% 142
\BOOKMARK [2][-]{problemenv.1556}{\376\377\000P\000r\000o\000b\000l\000e\000m\000\040\0009}{section.1529}% 143
\BOOKMARK [2][-]{problemenv.1560}{\376\377\000P\000r\000o\000b\000l\000e\000m\000\040\0001\0000}{section.1529}% 144
\BOOKMARK [2][-]{problemenv.1561}{\376\377\000P\000r\000o\000b\000l\000e\000m\000\040\0001\0001}{section.1529}% 145
\BOOKMARK [2][-]{problemenv.1562}{\376\377\000P\000r\000o\000b\000l\000e\000m\000\040\0001\0002}{section.1529}% 146
\BOOKMARK [0][]{chapter.1563}{\376\377\0007\000\040\000O\000b\000s\000e\000r\000v\000e\000r\000s\000\040\000a\000n\000d\000\040\000F\000r\000a\000m\000e\000s\000\040\000o\000f\000\040\000R\000e\000f\000e\000r\000e\000n\000c\000e}{}% 147
\BOOKMARK [1][-]{section.1564}{\376\377\0007\000.\0001\000\040\000O\000b\000s\000e\000r\000v\000e\000r\000s}{chapter.1563}% 148
\BOOKMARK [1][-]{section.1583}{\376\377\0007\000.\0002\000\040\000T\000r\000a\000n\000s\000f\000o\000r\000m\000a\000t\000i\000o\000n\000\040\000o\000f\000\040\000t\000h\000e\000\040\000m\000o\000t\000i\000o\000n}{chapter.1563}% 149
\BOOKMARK [1][-]{section.1605}{\376\377\0007\000.\0003\000\040\000T\000r\000a\000n\000s\000f\000o\000r\000m\000a\000t\000i\000o\000n\000\040\000o\000f\000\040\000k\000i\000n\000e\000m\000a\000t\000i\000c\000\040\000v\000a\000r\000i\000a\000b\000l\000e\000s}{chapter.1563}% 150
\BOOKMARK [1][-]{section.1670}{\376\377\0007\000.\0004\000\040\000F\000u\000r\000t\000h\000e\000r\000\040\000t\000r\000a\000n\000s\000f\000o\000r\000m\000a\000t\000i\000o\000n\000s}{chapter.1563}% 151
\BOOKMARK [1][-]{section.1695}{\376\377\0007\000.\0005\000\040\000T\000r\000a\000n\000s\000f\000o\000r\000m\000a\000t\000i\000o\000n\000\040\000o\000f\000\040\000t\000h\000e\000\040\000b\000a\000l\000a\000n\000c\000e\000\040\000l\000a\000w\000s}{chapter.1563}% 152
\BOOKMARK [1][-]{section.1747}{\376\377\0007\000.\0006\000\040\000P\000r\000o\000b\000l\000e\000m\000s}{chapter.1563}% 153
\BOOKMARK [2][-]{problemenv.1748}{\376\377\000P\000r\000o\000b\000l\000e\000m\000\040\0001}{section.1747}% 154
\BOOKMARK [2][-]{problemenv.1749}{\376\377\000P\000r\000o\000b\000l\000e\000m\000\040\0002}{section.1747}% 155
\BOOKMARK [2][-]{problemenv.1750}{\376\377\000P\000r\000o\000b\000l\000e\000m\000\040\0003}{section.1747}% 156
\BOOKMARK [0][]{chapter.1753}{\376\377\0008\000\040\000C\000o\000n\000s\000t\000i\000t\000u\000t\000i\000v\000e\000\040\000E\000q\000u\000a\000t\000i\000o\000n\000s}{}% 157
\BOOKMARK [1][-]{section.1754}{\376\377\0008\000.\0001\000\040\000E\000l\000a\000s\000t\000i\000c\000\040\000m\000a\000t\000e\000r\000i\000a\000l\000s\000\040\000w\000i\000t\000h\000\040\000h\000e\000a\000t\000\040\000c\000o\000n\000d\000u\000c\000t\000i\000o\000n\000\040\000a\000n\000d\000\040\000v\000i\000s\000c\000o\000s\000i\000t\000y}{chapter.1753}% 158
\BOOKMARK [1][-]{section.1776}{\376\377\0008\000.\0002\000\040\000C\000h\000a\000n\000g\000e\000\040\000o\000f\000\040\000r\000e\000f\000e\000r\000e\000n\000c\000e\000\040\000c\000o\000n\000f\000i\000g\000u\000r\000a\000t\000i\000o\000n\000\040\000a\000n\000d\000\040\000m\000a\000t\000e\000r\000i\000a\000l\000\040\000s\000y\000m\000m\000e\000t\000r\000y}{chapter.1753}% 159
\BOOKMARK [1][-]{section.1815}{\376\377\0008\000.\0003\000\040\000N\000o\000l\000l\000'\000s\000\040\000r\000u\000l\000e}{chapter.1753}% 160
\BOOKMARK [1][-]{section.1836}{\376\377\0008\000.\0004\000\040\000F\000r\000a\000m\000e\000\040\000i\000n\000v\000a\000r\000i\000a\000n\000c\000e}{chapter.1753}% 161
\BOOKMARK [0][]{chapter.1864}{\376\377\0009\000\040\000V\000i\000s\000c\000o\000u\000s\000\040\000F\000l\000u\000i\000d\000s}{}% 162
\BOOKMARK [1][-]{section.1873}{\376\377\0009\000.\0001\000\040\000M\000a\000t\000e\000r\000i\000a\000l\000\040\000f\000r\000a\000m\000e\000\040\000i\000n\000d\000i\000f\000f\000e\000r\000e\000n\000c\000e}{chapter.1864}% 163
\BOOKMARK [2][-]{subsection.1928}{\376\377\0009\000.\0001\000.\0001\000\040\000I\000s\000o\000t\000r\000o\000p\000i\000c\000\040\000s\000y\000m\000m\000e\000t\000r\000i\000c\000\040\000t\000e\000n\000s\000o\000r\000-\000v\000a\000l\000u\000e\000d\000\040\000f\000u\000n\000c\000t\000i\000o\000n\000s\000\040\000o\000f\000\040\000a\000\040\000s\000y\000m\000m\000e\000t\000r\000i\000c\000\040\000t\000e\000n\000s\000o\000r}{section.1873}% 164
\BOOKMARK [1][-]{section.1972}{\376\377\0009\000.\0002\000\040\000T\000h\000e\000\040\000h\000e\000a\000t\000\040\000f\000l\000u\000x}{chapter.1864}% 165
\BOOKMARK [1][-]{section.2034}{\376\377\0009\000.\0003\000\040\000T\000h\000e\000r\000m\000o\000d\000y\000n\000a\000m\000i\000c\000a\000l\000\040\000c\000o\000n\000s\000i\000d\000e\000r\000a\000t\000i\000o\000n\000s}{chapter.1864}% 166
\BOOKMARK [1][-]{section.2095}{\376\377\0009\000.\0004\000\040\000P\000r\000o\000b\000l\000e\000m\000s}{chapter.1864}% 167
\BOOKMARK [2][-]{problemenv.2096}{\376\377\000P\000r\000o\000b\000l\000e\000m\000\040\0001}{section.2095}% 168
\BOOKMARK [2][-]{problemenv.2097}{\376\377\000P\000r\000o\000b\000l\000e\000m\000\040\0002}{section.2095}% 169
\BOOKMARK [2][-]{problemenv.2098}{\376\377\000P\000r\000o\000b\000l\000e\000m\000\040\0003}{section.2095}% 170
\BOOKMARK [2][-]{problemenv.2099}{\376\377\000P\000r\000o\000b\000l\000e\000m\000\040\0004}{section.2095}% 171
\BOOKMARK [2][-]{problemenv.2100}{\376\377\000P\000r\000o\000b\000l\000e\000m\000\040\0005}{section.2095}% 172
\BOOKMARK [2][-]{problemenv.2101}{\376\377\000P\000r\000o\000b\000l\000e\000m\000\040\0006}{section.2095}% 173
\BOOKMARK [2][-]{problemenv.2103}{\376\377\000P\000r\000o\000b\000l\000e\000m\000\040\0007}{section.2095}% 174
\BOOKMARK [2][-]{problemenv.2104}{\376\377\000P\000r\000o\000b\000l\000e\000m\000\040\0008}{section.2095}% 175
\BOOKMARK [2][-]{problemenv.2106}{\376\377\000P\000r\000o\000b\000l\000e\000m\000\040\0009}{section.2095}% 176
\BOOKMARK [2][-]{problemenv.2107}{\376\377\000P\000r\000o\000b\000l\000e\000m\000\040\0001\0000}{section.2095}% 177
\BOOKMARK [2][-]{problemenv.2108}{\376\377\000P\000r\000o\000b\000l\000e\000m\000\040\0001\0001}{section.2095}% 178
\BOOKMARK [2][-]{problemenv.2109}{\376\377\000P\000r\000o\000b\000l\000e\000m\000\040\0001\0002}{section.2095}% 179
\BOOKMARK [0][]{chapter.2110}{\376\377\0001\0000\000\040\000K\000i\000n\000e\000m\000a\000t\000i\000c\000\040\000C\000o\000n\000s\000t\000r\000a\000i\000n\000t\000s}{}% 180
\BOOKMARK [1][-]{section.2114}{\376\377\0001\0000\000.\0001\000\040\000O\000b\000s\000e\000r\000v\000e\000r\000\040\000c\000o\000n\000s\000e\000n\000s\000u\000s}{chapter.2110}% 181
\BOOKMARK [1][-]{section.2146}{\376\377\0001\0000\000.\0002\000\040\000M\000o\000d\000i\000f\000i\000c\000a\000t\000i\000o\000n\000\040\000o\000f\000\040\000t\000h\000e\000\040\000s\000t\000r\000e\000s\000s\000\040\000t\000o\000\040\000a\000c\000c\000o\000m\000m\000o\000d\000a\000t\000e\000\040\000c\000o\000n\000s\000t\000r\000a\000i\000n\000t\000s}{chapter.2110}% 182
\BOOKMARK [1][-]{section.2201}{\376\377\0001\0000\000.\0003\000\040\000P\000r\000o\000b\000l\000e\000m\000s}{chapter.2110}% 183
\BOOKMARK [2][-]{problemenv.2202}{\376\377\000P\000r\000o\000b\000l\000e\000m\000\040\0001}{section.2201}% 184
\BOOKMARK [2][-]{problemenv.2203}{\376\377\000P\000r\000o\000b\000l\000e\000m\000\040\0002}{section.2201}% 185
\BOOKMARK [2][-]{problemenv.2204}{\376\377\000P\000r\000o\000b\000l\000e\000m\000\040\0003}{section.2201}% 186
\BOOKMARK [2][-]{problemenv.2205}{\376\377\000P\000r\000o\000b\000l\000e\000m\000\040\0004}{section.2201}% 187
\BOOKMARK [0][]{chapter.2206}{\376\377\0001\0001\000\040\000E\000l\000a\000s\000t\000i\000c\000\040\000S\000o\000l\000i\000d\000s}{}% 188
\BOOKMARK [1][-]{section.2228}{\376\377\0001\0001\000.\0001\000\040\000C\000l\000a\000u\000s\000i\000u\000s\040\023\000D\000u\000h\000e\000m\000\040\000i\000n\000e\000q\000u\000a\000l\000i\000t\000y}{chapter.2206}% 189
\BOOKMARK [1][-]{section.2244}{\376\377\0001\0001\000.\0002\000\040\000S\000t\000r\000e\000s\000s\000\040\000r\000e\000s\000p\000o\000n\000s\000e}{chapter.2206}% 190
\BOOKMARK [2][-]{subsection.2262}{\376\377\0001\0001\000.\0002\000.\0001\000\040\000M\000a\000t\000e\000r\000i\000a\000l\000\040\000s\000y\000m\000m\000e\000t\000r\000y}{section.2244}% 191
\BOOKMARK [1][-]{section.2309}{\376\377\0001\0001\000.\0003\000\040\000H\000e\000a\000t\000\040\000f\000l\000u\000x}{chapter.2206}% 192
\BOOKMARK [2][-]{subsection.2327}{\376\377\0001\0001\000.\0003\000.\0001\000\040\000G\000e\000n\000e\000r\000a\000l\000\040\000f\000o\000r\000m\000\040\000o\000f\000\040\000t\000h\000e\000\040\000h\000e\000a\000t\000\040\000f\000l\000u\000x}{section.2309}% 193
\BOOKMARK [1][-]{section.2349}{\376\377\0001\0001\000.\0004\000\040\000P\000r\000o\000b\000l\000e\000m\000s}{chapter.2206}% 194
\BOOKMARK [2][-]{problemenv.2350}{\376\377\000P\000r\000o\000b\000l\000e\000m\000\040\0001}{section.2349}% 195
\BOOKMARK [2][-]{problemenv.2351}{\376\377\000P\000r\000o\000b\000l\000e\000m\000\040\0002}{section.2349}% 196
\BOOKMARK [2][-]{problemenv.2352}{\376\377\000P\000r\000o\000b\000l\000e\000m\000\040\0003}{section.2349}% 197
\BOOKMARK [2][-]{problemenv.2353}{\376\377\000P\000r\000o\000b\000l\000e\000m\000\040\0004}{section.2349}% 198
\BOOKMARK [2][-]{problemenv.2354}{\376\377\000P\000r\000o\000b\000l\000e\000m\000\040\0005}{section.2349}% 199
\BOOKMARK [2][-]{problemenv.2355}{\376\377\000P\000r\000o\000b\000l\000e\000m\000\040\0006}{section.2349}% 200
\BOOKMARK [2][-]{problemenv.2356}{\376\377\000P\000r\000o\000b\000l\000e\000m\000\040\0007}{section.2349}% 201
\BOOKMARK [2][-]{problemenv.2357}{\376\377\000P\000r\000o\000b\000l\000e\000m\000\040\0008}{section.2349}% 202
\BOOKMARK [2][-]{problemenv.2358}{\376\377\000P\000r\000o\000b\000l\000e\000m\000\040\0009}{section.2349}% 203
\BOOKMARK [2][-]{problemenv.2359}{\376\377\000P\000r\000o\000b\000l\000e\000m\000\040\0001\0000}{section.2349}% 204
\BOOKMARK [2][-]{problemenv.2360}{\376\377\000P\000r\000o\000b\000l\000e\000m\000\040\0001\0001}{section.2349}% 205
\BOOKMARK [2][-]{problemenv.2361}{\376\377\000P\000r\000o\000b\000l\000e\000m\000\040\0001\0002}{section.2349}% 206
\BOOKMARK [2][-]{problemenv.2363}{\376\377\000P\000r\000o\000b\000l\000e\000m\000\040\0001\0003}{section.2349}% 207
\BOOKMARK [2][-]{problemenv.2364}{\376\377\000P\000r\000o\000b\000l\000e\000m\000\040\0001\0004}{section.2349}% 208
\BOOKMARK [2][-]{problemenv.2366}{\376\377\000P\000r\000o\000b\000l\000e\000m\000\040\0001\0005}{section.2349}% 209
\BOOKMARK [2][-]{problemenv.2367}{\376\377\000P\000r\000o\000b\000l\000e\000m\000\040\0001\0006}{section.2349}% 210
\BOOKMARK [0][]{chapter.2368}{\376\377\0001\0002\000\040\000L\000i\000n\000e\000a\000r\000\040\000E\000l\000a\000s\000t\000i\000c\000i\000t\000y}{}% 211
\BOOKMARK [1][-]{section.2369}{\376\377\0001\0002\000.\0001\000\040\000K\000i\000n\000e\000m\000a\000t\000i\000c\000s}{chapter.2368}% 212
\BOOKMARK [1][-]{section.2438}{\376\377\0001\0002\000.\0002\000\040\000S\000t\000r\000e\000s\000s\040\023\000d\000e\000f\000o\000r\000m\000a\000t\000i\000o\000n\000\040\000r\000e\000l\000a\000t\000i\000o\000n}{chapter.2368}% 213
\BOOKMARK [1][-]{section.2521}{\376\377\0001\0002\000.\0003\000\040\000E\000q\000u\000a\000t\000i\000o\000n\000\040\000o\000f\000\040\000m\000o\000t\000i\000o\000n}{chapter.2368}% 214
\BOOKMARK [1][-]{section.2542}{\376\377\0001\0002\000.\0004\000\040\000P\000r\000o\000b\000l\000e\000m\000s}{chapter.2368}% 215
\BOOKMARK [2][-]{problemenv.2543}{\376\377\000P\000r\000o\000b\000l\000e\000m\000\040\0001}{section.2542}% 216
\BOOKMARK [2][-]{problemenv.2544}{\376\377\000P\000r\000o\000b\000l\000e\000m\000\040\0002}{section.2542}% 217
\BOOKMARK [2][-]{problemenv.2545}{\376\377\000P\000r\000o\000b\000l\000e\000m\000\040\0003}{section.2542}% 218
\BOOKMARK [2][-]{problemenv.2546}{\376\377\000P\000r\000o\000b\000l\000e\000m\000\040\0004}{section.2542}% 219
\BOOKMARK [2][-]{problemenv.2547}{\376\377\000P\000r\000o\000b\000l\000e\000m\000\040\0005}{section.2542}% 220
\BOOKMARK [2][-]{problemenv.2548}{\376\377\000P\000r\000o\000b\000l\000e\000m\000\040\0006}{section.2542}% 221
\BOOKMARK [2][-]{problemenv.2549}{\376\377\000P\000r\000o\000b\000l\000e\000m\000\040\0007}{section.2542}% 222
\BOOKMARK [2][-]{problemenv.2550}{\376\377\000P\000r\000o\000b\000l\000e\000m\000\040\0008}{section.2542}% 223
\BOOKMARK [2][-]{problemenv.2551}{\376\377\000P\000r\000o\000b\000l\000e\000m\000\040\0009}{section.2542}% 224
\BOOKMARK [2][-]{problemenv.2552}{\376\377\000P\000r\000o\000b\000l\000e\000m\000\040\0001\0000}{section.2542}% 225
\BOOKMARK [0][]{appendix.2554}{\376\377\000A\000\040\000D\000i\000c\000t\000i\000o\000n\000a\000r\000y\000\040\000t\000o\000\040\000t\000h\000e\000\040\000b\000o\000o\000k\000:\000\040\000C\000h\000a\000p\000t\000e\000r\000\040\0001\000\040\000n\000o\000t\000a\000t\000i\000o\000n}{}% 226
\BOOKMARK [0][]{appendix.2555}{\376\377\000B\000\040\000D\000i\000c\000t\000i\000o\000n\000a\000r\000y\000\040\000t\000o\000\040\000t\000h\000e\000\040\000b\000o\000o\000k\000:\000\040\000C\000h\000a\000p\000t\000e\000r\000\040\0002\000\040\000n\000o\000t\000a\000t\000i\000o\000n}{}% 227
